c --- [ banner ] -------------------------------------------------------------
c 
c CaDiCaL SAT Solver
c Copyright (c) 2016-2026
c A. Biere, M. Fleury, N. Froleyks, K. Fazekas, F. Pollitt, T. Faller
c JKU Linz, University of Freiburg, TU Wien
c 
c Version 3.0.1 c60730422e758ef1cebe7aeddf2dda31c996bf04
c g++ (Ubuntu 11.4.0-1ubuntu1~22.04) 11.4.0 -Wall -Wextra -O3 -DNDEBUG
c Fri Jul 24 15:44:47 UTC 2026 Linux devin-box 5.15.200 x86_64
c 
c --- [ parsing input ] ------------------------------------------------------
c 
c reading DIMACS file from 'h3.cnf'
c opening file to read 'h3.cnf'
c found 'p cnf 1008 6048' header
c parsed 6048 clauses in 0.00 seconds process time
c 
c --- [ options ] ------------------------------------------------------------
c 
c all options are set to their default value
c 
c --- [ solving ] ------------------------------------------------------------
c 
c time measured in process time since initialization
c 
c  seconds  reduction conflicts       size tier2     variables
c         MB    restarts   redundant    glue  trail       remaining
c          level     rate       size/glu tier1 irredundant
c 
c *  0.00  4  0 0   0  0    0    0 0.0 0 0 2 6  0% 6048 1008 100%
c )  0.00  4  0 0   0  0    0    0 0.0 0 0 2 6  0% 6048 1008 100%
c {  0.00  4  0 0   0  0    0    0 0.0 0 0 2 6  0% 6048 1008 100%
c -  0.01  5 58 1  30  8  302  229 1.5 8 5 2 6 22% 6048 1008 100%
c -  0.01  5 52 2  61  7  740  557 1.6 8 5 2 6 21% 6048 1008 100%
c }  0.01  5 49 2  77  6 1002  799 1.6 9 6 2 6 21% 6048 1008 100%
c [  0.01  5  0 2  77  0 1002  799 0.0 0 0 2 6  0% 6048 1008 100%
c O  0.01  5 28 2  77 29 1003  800 1.4 11 8 2 6 24% 6048 1008 100%
c -  0.02  6 18 3  77  2 1420  917 1.8 12 7 2 6 14% 6048 1008 100%
c ]  0.03  6 15 3  77  1 1826 1273 1.8 12 7 2 6 13% 6048 1008 100%
c {  0.03  6 49 3  77  6 1826 1273 1.6 9 6 2 6 21% 6048 1008 100%
c -  0.03  6 41 4 118  5 2362 1335 1.6 9 6 2 6 18% 6048 1008 100%
c O  0.04  6 37 4 162  5 3005 1947 1.7 10 6 2 6 17% 6048 1008 100%
c -  0.04  6 34 5 193  5 3578 1984 1.7 10 6 2 6 16% 6048 1008 100%
c }  0.06  6 31 5 278  4 4901 3217 1.7 10 6 2 6 16% 6048 1008 100%
c [  0.06  6 15 5 278  1 4901 3217 1.8 12 7 2 6 13% 6048 1008 100%
c -  0.06  6 16 6 278  1 5074 2670 1.8 13 7 3 4 13% 6048 1008 100%
c s  0.07  6 17 6 279  1 5170 2761 1.8 13 7 3 4 13% 6048 1008 100%
c s  0.08  6 17 6 279  1 5170 2761 1.8 13 7 3 4 13% 6048 1008 100%
c ^  0.08  6 17 6 279  1 5170 2761 1.8 13 7 3 4 13% 6048 1008 100%
c 
c  seconds  reduction conflicts       size  tier2     variables
c         MB    restarts   redundant     glue  trail       remaining
c          level     rate       size/glue tier1 irredundant
c 
c I  0.09  6 20 6 279  1 6006 3533 1.8 16 9 3 4 14% 6048 1008 100%
c -  0.11  7 19 7 280  1 6856 3210 1.8 16 9 2 3 15% 6048 1008 100%
c ]  0.11  7 19 7 280  1 7013 3348 1.9 16 8 2 3 15% 6048 1008 100%
c {  0.11  7 31 7 280  4 7013 3348 1.7 10 6 2 6 16% 6048 1008 100%
c -  0.14  7 28 8 486  4 8928 3229 1.7 10 6 2 3 15% 6048 1008 100%
c #  0.16  7 26 8 575  4 10008 4209 1.8 11 6 2 3 15% 6048 1008 100%
c }  0.17  7 26 8 701  4 10904 5050 1.8 11 6 2 3 14% 6048 1008 100%
c [  0.17  7 19 8 701  1 10904 5050 1.9 16 8 2 3 15% 6048 1008 100%
c -  0.18  7 18 9 701  1 11291 3775 1.9 16 8 2 3 15% 6048 1008 100%
c u  0.20  7 18 9 701  1 12018 4281 1.9 16 9 2 3 15% 6048 1008 100%
c v  0.20  7 18 9 701  1 12018 4275 1.9 16 9 2 3 15% 6048 1008 100%
c w  0.20  7 18 9 701  1 12018 4275 1.9 16 9 2 3 15% 6048 1008 100%
c -  0.23  7 18 10 703  1 13947 3993 1.8 16 9 2 3 15% 6048 1008 100%
c ]  0.25  7 18 10 704  1 14779 4732 1.8 16 9 2 3 15% 6048 1008 100%
c {  0.25  7 26 10 704  4 14779 4732 1.8 11 6 2 3 14% 6048 1008 100%
c B  0.26  7 26 10 722  4 15009 4949 1.8 11 6 2 3 14% 6048 1008 100%
c s  0.27  7 25 10 788  4 15512 5408 1.8 11 6 2 3 14% 6048 1008 100%
c s  0.28  7 25 10 788  4 15512 5406 1.8 11 6 2 3 14% 6048 1008 100%
c ^  0.28  7 25 10 788  4 15512 5406 1.8 11 6 2 3 14% 6048 1008 100%
c -  0.30  7 25 11 980  4 16901 4660 1.7 11 6 2 3 14% 6048 1008 100%
c 
c  seconds  reductions   conflicts       size  tier2     variables
c         MB     restarts     redundant     glue  trail       remaining
c          level       rate        size/glue tier1 irredundant
c 
c }  0.36  7 24 11 1394  4 19934 7498 1.7 11 7 2 3 14% 6048 1008 100%
c [  0.36  7 18 11 1394  1 19934 7498 1.8 16 9 2 3 15% 6048 1008 100%
c -  0.36  7 18 12 1394  1 20154 5475 1.8 16 9 2 3 15% 6048 1008 100%
c u  0.38  7 18 12 1394  1 20833 5886 1.8 16 9 2 3 15% 6048 1008 100%
c v  0.38  7 18 12 1394  1 20833 5843 1.8 16 9 2 3 15% 6048 1008 100%
c w  0.38  7 18 12 1394  1 20833 5830 1.8 16 9 2 3 15% 6048 1008 100%
c B  0.39  7 18 12 1394  1 21010 5980 1.8 16 9 2 3 15% 6048 1008 100%
c -  0.44  7 18 13 1395  1 23703 5668 1.8 17 9 2 3 15% 6048 1008 100%
c ]  0.48  7 18 13 1395  1 25602 7335 1.8 17 10 2 3 15% 6048 1008 100%
c {  0.48  7 24 13 1395  4 25602 7335 1.7 11 7 2 3 14% 6048 1008 100%
c -  0.52  7 23 14 1626  4 27551 6303 1.7 11 7 2 3 13% 6048 1008 100%
c W  0.54  7 23 14 1699  4 28011 6746 1.7 11 7 2 3 13% 6048 1008 100%
c s  0.60  7 22 14 2036  4 31024 9553 1.7 12 7 2 3 13% 6048 1008 100%
c s  0.62  7 22 14 2036  4 31024 9550 1.7 12 7 2 3 13% 6048 1008 100%
c ^  0.62  7 22 14 2036  4 31024 9550 1.7 12 7 2 3 13% 6048 1008 100%
c -  0.63  7 22 15 2108  4 31700 7276 1.7 12 7 2 3 13% 6048 1008 100%
c u  0.65  7 22 15 2108  4 31700 7090 1.7 12 7 2 3 13% 6048 1008 100%
c v  0.65  7 22 15 2108  4 31700 7037 1.7 12 7 2 3 13% 6048 1008 100%
c w  0.65  7 22 15 2108  4 31700 7037 1.7 12 7 2 3 13% 6048 1008 100%
c }  0.66  7 22 15 2206  4 32546 7831 1.7 12 7 2 3 13% 6048 1008 100%
c 
c  seconds  reductions   conflicts       size   tier2     variables
c         MB     restarts     redundant     glue   trail       remaining
c          level       rate        size/glue  tier1 irredundant
c 
c [  0.66  7 18 15 2206  1 32546 7831 1.8 17 10 2 3 15% 6048 1008 100%
c W  0.74  7 17 15 2209  1 36014 10861 1.9 17 9 2 3 15% 6048 1008 100%
c -  0.75  7 17 16 2209  1 36151 7912 1.9 17 9 2 3 15% 6048 1008 100%
c ]  0.84  7 17 16 2212  1 40332 11276 1.8 17 9 2 3 15% 6048 1008 100%
c {  0.84  7 22 16 2212  4 40332 11276 1.7 12 7 2 3 13% 6048 1008 100%
c -  0.85  8 22 17 2282  4 40904 8286 1.7 12 7 2 3 13% 6048 1008 100%
c u  0.86  8 22 17 2282  4 40904 8012 1.7 12 7 2 3 13% 6048 1008 100%
c v  0.86  8 22 17 2282  4 40904 7951 1.7 12 7 2 3 13% 6048 1008 100%
c w  0.86  8 22 17 2282  4 40904 7950 1.7 12 7 2 3 13% 6048 1008 100%
c F  0.94  8 21 17 2731  4 45016 11749 1.7 12 7 2 3 13% 6048 1008 100%
c -  0.96  8 21 18 2808  4 45963 8993 1.8 12 7 2 3 13% 6048 1008 100%
c }  1.03  8 21 18 3166  4 49334 12109 1.8 12 7 2 3 13% 6048 1008 100%
c [  1.03  8 17 18 3166  1 49334 12109 1.8 17 9 2 3 15% 6048 1008 100%
c -  1.07  8 17 19 3167  1 51325 10037 1.9 17 9 2 3 15% 6048 1008 100%
c u  1.08  8 17 19 3167  1 51325 9594 1.9 17 9 2 3 15% 6048 1008 100%
c v  1.09  8 17 19 3167  1 51325 9499 1.9 17 9 2 3 15% 6048 1008 100%
c s  1.10  8 17 19 3167  1 51704 9802 1.9 17 9 2 3 15% 6048 1008 100%
c s  1.12  8 17 19 3167  1 51704 9797 1.9 17 9 2 3 15% 6048 1008 100%
c ^  1.12  8 17 19 3167  1 51704 9797 1.9 17 9 2 3 15% 6048 1008 100%
c O  1.20  8 16 19 3168  1 55017 12617 1.9 17 9 2 3 15% 6048 1008 100%
c 
c  seconds  reductions   conflicts        size  tier2     variables
c         MB     restarts      redundant     glue  trail       remaining
c          level       rate         size/glue tier1 irredundant
c 
c -  1.24  8 16 20 3168  1 56988 10286 1.9 17 9 2 3 15% 6048 1008 100%
c ]  1.29  8 16 20 3168  1 58615 11604 1.9 17 9 2 3 15% 6048 1008 100%
c {  1.29  8 21 20 3168  4 58615 11604 1.8 12 7 2 3 13% 6048 1008 100%
c -  1.39  8 20 21 3521  3 62957 11300 1.8 12 7 2 3 13% 6048 1008 100%
c u  1.40  8 20 21 3521  3 62957 10774 1.8 12 7 2 3 13% 6048 1008 100%
c v  1.40  8 20 21 3521  3 62957 10674 1.8 12 7 2 3 13% 6048 1008 100%
c w  1.40  8 20 21 3521  3 62957 10674 1.8 12 7 2 3 13% 6048 1008 100%
c B  1.47  8 20 21 3824  3 66018 13491 1.8 13 7 2 3 13% 6048 1008 100%
c }  1.54  8 19 21 4175  3 68803 16108 1.8 13 7 2 3 13% 6048 1008 100%
c [  1.54  8 16 21 4175  1 68803 16108 1.9 17 9 2 3 15% 6048 1008 100%
c -  1.55  9 16 22 4175  1 69230 11826 1.9 17 9 2 3 15% 6048 1008 100%
c -  1.72  9 16 23 4178  1 75807 12411 1.9 17 9 2 3 15% 6048 1008 100%
c u  1.73  9 16 23 4178  1 75807 12164 1.9 17 9 2 3 15% 6048 1008 100%
c v  1.73  9 16 23 4178  1 75807 12089 1.9 17 9 2 3 15% 6048 1008 100%
c w  1.73  9 16 23 4178  1 75807 12089 1.9 17 9 2 3 15% 6048 1008 100%
c s  1.79  9 16 23 4179  1 77554 13490 1.9 17 9 2 3 15% 6048 1008 100%
c s  1.80  9 16 23 4179  1 77554 13485 1.9 17 9 2 3 15% 6048 1008 100%
c ^  1.81  9 16 23 4179  1 77554 13485 1.9 17 9 2 3 15% 6048 1008 100%
c B  1.82  9 16 23 4180  1 78019 13839 1.9 17 9 2 3 15% 6048 1008 100%
c ]  1.87  9 15 23 4181  1 80263 15337 1.9 17 9 2 3 14% 6048 1008 100%
c 
c  seconds  reductions   conflicts        size  tier2     variables
c         MB     restarts      redundant     glue  trail       remaining
c          level       rate         size/glue tier1 irredundant
c 
c {  1.87  9 19 23 4181  3 80263 15337 1.8 13 7 2 3 13% 6048 1008 100%
c -  1.93  9 19 24 4292  3 82690 12764 1.8 13 7 2 3 13% 6048 1008 100%
c -  2.12  9 18 25 4890  3 89879 14306 1.8 13 7 2 3 12% 6048 1008 100%
c u  2.13  9 18 25 4890  3 89879 13890 1.8 13 7 2 3 12% 6048 1008 100%
c v  2.13  9 18 25 4890  3 89879 13809 1.8 13 7 2 3 12% 6048 1008 100%
c w  2.14  9 18 25 4890  3 89879 13809 1.8 13 7 2 3 12% 6048 1008 100%
c W  2.19  9 18 25 4949  3 91020 14798 1.8 13 7 2 3 12% 6048 1008 100%
c }  2.22  9 18 25 5129  3 92264 15930 1.8 13 7 2 3 12% 6048 1008 100%
c [  2.22  9 15 25 5129  1 92264 15930 1.9 17 9 2 3 14% 6048 1008 100%
c -  2.37  9 15 26 5131  1 97375 14612 1.9 17 9 2 3 14% 6048 1008 100%
c u  2.39  9 15 26 5131  1 97375 14379 1.9 17 9 2 3 14% 6048 1008 100%
c v  2.40  9 15 26 5131  1 97375 14336 1.9 17 9 2 3 14% 6048 1008 100%
c ]  2.60  9 15 26 5136  1 104523 20175 1.9 17 9 2 3 14% 6048 1008 100%
c {  2.60  9 18 26 5136  3 104523 20175 1.8 13 7 2 3 12% 6048 1008 100%
c #  2.61  9 18 26 5177  3 105021 20613 1.8 13 7 2 3 12% 6048 1008 100%
c -  2.62  9 18 27 5192  3 105181 14920 1.8 13 7 2 3 12% 6048 1008 100%
c u  2.63  9 18 27 5192  3 105181 14812 1.8 13 7 2 3 12% 6048 1008 100%
c v  2.63  9 18 27 5192  3 105181 14791 1.8 13 7 2 3 12% 6048 1008 100%
c w  2.63  9 18 27 5192  3 105181 14791 1.8 13 7 2 3 12% 6048 1008 100%
c s  2.74  9 18 27 5489  3 108575 17758 1.8 13 7 2 3 12% 6048 1008 100%
c 
c  seconds  reductions   conflicts         size  tier2     variables
c         MB     restarts       redundant     glue  trail       remaining
c          level       rate          size/glue tier1 irredundant
c 
c s  2.77  9 18 27 5489  3 108575 17754 1.8 13 7 2 3 12% 6048 1008 100%
c -  2.93 10 18 28 6119  3 113288 16205 1.8 13 7 2 3 12% 6048 1008 100%
c u  2.93 10 18 28 6119  3 113288 16004 1.8 13 7 2 3 12% 6048 1008 100%
c v  2.94 10 18 28 6119  3 113288 15946 1.8 13 7 2 3 12% 6048 1008 100%
c }  3.04 10 17 28 6378  3 116863 19148 1.8 13 7 2 3 12% 6048 1008 100%
c [  3.04 10 15 28 6378  1 116863 19148 1.9 17 9 2 3 14% 6048 1008 100%
c W  3.14 10 15 28 6379  1 120023 21910 1.9 17 9 2 3 14% 6048 1008 100%
c -  3.20 10 15 29 6379  1 121702 17160 1.9 17 9 2 3 14% 6048 1008 100%
c u  3.21 10 15 29 6379  1 121702 17009 1.9 17 9 2 3 14% 6048 1008 100%
c v  3.21 10 15 29 6379  1 121702 16960 1.9 17 9 2 3 14% 6048 1008 100%
c -  3.45 10 15 30 6381  1 130423 17395 1.9 17 9 2 3 14% 6048 1008 100%
c u  3.46 10 15 30 6381  1 130423 17274 1.9 17 9 2 3 14% 6048 1008 100%
c v  3.46 10 15 30 6381  1 130423 17230 1.9 17 9 2 3 14% 6048 1008 100%
c w  3.46 10 15 30 6381  1 130423 17230 1.9 17 9 2 3 14% 6048 1008 100%
c ]  3.52 10 15 30 6381  1 132479 18853 1.9 17 9 2 3 14% 6048 1008 100%
c {  3.52 10 17 30 6381  3 132479 18853 1.8 13 7 2 3 12% 6048 1008 100%
c B  3.64 10 17 30 6858  3 136026 22121 1.8 13 7 2 3 12% 6048 1008 100%
c -  3.76 10 17 31 7142  3 139451 15065 1.8 13 7 1 2 12% 6048 1008 100%
c u  3.77 10 17 31 7142  3 139451 14772 1.8 13 7 1 2 12% 6048 1008 100%
c v  3.77 10 17 31 7142  3 139451 14641 1.8 13 7 1 2 12% 6048 1008 100%
c 
c  seconds  reductions   conflicts         size  tier2     variables
c         MB     restarts       redundant     glue  trail       remaining
c          level       rate          size/glue tier1 irredundant
c 
c }  3.97 10 17 31 7815  3 146221 20773 1.8 13 8 1 2 12% 6048 1008 100%
c [  3.97 10 15 31 7815  1 146221 20773 1.9 17 9 2 3 14% 6048 1008 100%
c -  4.05 10 15 32 7815  1 148786 15111 1.9 17 9 2 3 14% 6048 1008 100%
c u  4.06 10 15 32 7815  1 148786 14922 1.9 17 9 2 3 14% 6048 1008 100%
c w  4.06 10 15 32 7815  1 148786 14834 1.9 17 9 2 3 14% 6048 1008 100%
c I  4.18 10 15 32 7815  1 153027 18463 1.9 17 9 2 3 14% 6048 1008 100%
c -  4.35 10 15 33 7815  1 158429 14958 1.9 18 9 2 3 14% 6048 1008 100%
c u  4.38 10 15 33 7815  1 158429 14746 1.9 18 9 2 3 14% 6048 1008 100%
c v  4.38 10 15 33 7815  1 158429 14745 1.9 18 9 2 3 14% 6048 1008 100%
c ]  4.56 10 15 33 7819  1 165120 19960 1.9 17 9 2 3 14% 6048 1008 100%
c {  4.56 10 17 33 7819  3 165120 19960 1.8 13 8 1 2 12% 6048 1008 100%
c -  4.67 10 17 34 8062  3 168382 14935 1.8 14 8 1 2 12% 6048 1008 100%
c u  4.68 10 17 34 8062  3 168382 14593 1.8 14 8 1 2 12% 6048 1008 100%
c w  4.68 10 17 34 8062  3 168382 14592 1.8 14 8 1 2 12% 6048 1008 100%
c W  4.78 10 17 34 8284  3 171029 16977 1.8 14 8 1 2 12% 6048 1008 100%
c -  5.02 11 16 35 8824  3 178640 15807 1.8 14 8 1 2 12% 6048 1008 100%
c u  5.02 11 16 35 8824  3 178640 15372 1.8 14 8 1 2 12% 6048 1008 100%
c v  5.03 11 16 35 8824  3 178640 15298 1.8 14 8 1 2 12% 6048 1008 100%
c }  5.17 11 16 35 9287  3 183545 19718 1.8 14 8 1 2 12% 6048 1008 100%
c [  5.17 11 15 35 9287  1 183545 19718 1.9 17 9 2 3 14% 6048 1008 100%
c 
c  seconds  reductions   conflicts         size  tier2     variables
c         MB     restarts       redundant     glue  trail       remaining
c          level       rate          size/glue tier1 irredundant
c 
c -  5.35 11 15 36 9290  1 189206 16291 1.9 17 9 2 3 14% 6048 1008 100%
c u  5.36 11 15 36 9290  1 189206 15873 1.9 17 9 2 3 14% 6048 1008 100%
c v  5.36 11 15 36 9290  1 189206 15808 1.9 17 9 2 3 14% 6048 1008 100%
c w  5.36 11 15 36 9290  1 189206 15808 1.9 17 9 2 3 14% 6048 1008 100%
c B  5.38 11 15 36 9290  1 190031 16515 1.9 17 9 2 3 14% 6048 1008 100%
c -  5.67 11 16 37 9297  1 200080 15884 1.8 18 10 2 3 14% 6048 1008 100%
c u  5.68 11 16 37 9297  1 200080 15367 1.8 18 10 2 3 14% 6048 1008 100%
c v  5.68 11 16 37 9297  1 200080 15278 1.8 18 10 2 3 14% 6048 1008 100%
c w  5.68 11 16 37 9297  1 200080 15278 1.8 18 10 2 3 14% 6048 1008 100%
c ]  5.84 11 16 37 9298  1 205897 19971 1.8 18 10 1 2 14% 6048 1008 100%
c {  5.84 11 16 37 9298  3 205897 19971 1.8 14 8 1 2 12% 6048 1008 100%
c F  5.97 11 16 37 9617  3 210035 23689 1.8 14 8 1 2 12% 6048 1008 100%
c -  6.02 12 16 38 9752  3 211263 15954 1.8 14 8 1 2 12% 6048 1008 100%
c u  6.03 12 16 38 9752  3 211263 15817 1.8 14 8 1 2 12% 6048 1008 100%
c v  6.03 12 16 38 9752  3 211263 15755 1.8 14 8 1 2 12% 6048 1008 100%
c -  6.42 12 16 39 10856  3 222754 17266 1.8 14 8 1 2 12% 6048 1008 100%
c u  6.43 12 16 39 10856  3 222754 17059 1.8 14 8 1 2 12% 6048 1008 100%
c v  6.43 12 16 39 10856  3 222754 16985 1.8 14 8 1 2 12% 6048 1008 100%
c }  6.50 12 16 39 11100  3 225301 19223 1.8 14 8 1 2 12% 6048 1008 100%
c [  6.50 12 16 39 11100  1 225301 19223 1.8 18 10 1 2 14% 6048 1008 100%
c 
c  seconds  reductions    conflicts         size   tier2     variables
c         MB      restarts       redundant     glue   trail       remaining
c          level        rate          size/glue  tier1 irredundant
c 
c W  6.72 12 15 39 11100  1 231036 24106 1.8 18 10 1 2 14% 6048 1008 100%
c -  6.84 12 15 40 11103  1 234553 17706 1.8 18 10 1 2 14% 6048 1008 100%
c u  6.85 12 15 40 11103  1 234553 17524 1.8 18 10 1 2 14% 6048 1008 100%
c v  6.85 12 15 40 11103  1 234553 17438 1.8 18 10 1 2 14% 6048 1008 100%
c w  6.85 12 15 40 11103  1 234553 17435 1.8 18 10 1 2 14% 6048 1008 100%
c -  7.22 13 15 41 11110  1 246661 17351 1.8 18 10 1 2 14% 6048 1008 100%
c u  7.26 13 15 41 11110  1 246661 17165 1.8 18 10 1 2 14% 6048 1008 100%
c v  7.26 13 15 41 11110  1 246661 17142 1.8 18 10 1 2 14% 6048 1008 100%
c ]  7.34 13 15 41 11111  1 249632 19346 1.8 18 10 1 2 14% 6048 1008 100%
c {  7.34 13 16 41 11111  3 249632 19346 1.8 14 8 1 2 12% 6048 1008 100%
c B  7.45 13 16 41 11382  3 253039 22311 1.8 14 8 1 2 12% 6048 1008 100%
c -  7.68 11 16 42 11922  3 259077 18241 1.8 14 8 1 2 12% 6048 1008 100%
c u  7.69 11 16 42 11922  3 259077 17896 1.8 14 8 1 2 12% 6048 1008 100%
c v  7.70 11 16 42 11922  3 259077 17770 1.8 14 8 1 2 12% 6048 1008 100%
c }  8.10 11 16 42 12798  3 271443 28536 1.8 14 8 1 2 12% 6048 1008 100%
c [  8.10 11 15 42 12798  1 271443 28536 1.8 18 10 1 2 14% 6048 1008 100%
c -  8.12 12 15 43 12799  1 271801 19335 1.8 18 10 1 2 14% 6048 1008 100%
c u  8.13 12 15 43 12799  1 271801 18930 1.8 18 10 1 2 14% 6048 1008 100%
c v  8.14 12 15 43 12799  1 271801 18822 1.8 18 10 1 2 14% 6048 1008 100%
c w  8.14 12 15 43 12799  1 271801 18821 1.8 18 10 1 2 14% 6048 1008 100%
c 
c  seconds  reductions    conflicts         size   tier2     variables
c         MB      restarts       redundant     glue   trail       remaining
c          level        rate          size/glue  tier1 irredundant
c 
c O  8.27 12 15 43 12801  1 276041 22182 1.8 17 10 1 2 14% 6048 1008 100%
c -  8.56 11 15 44 12802  1 284835 19367 1.8 17 10 1 2 14% 6048 1008 100%
c u  8.57 11 15 44 12802  1 284835 18995 1.8 17 10 1 2 14% 6048 1008 100%
c v  8.57 11 15 44 12802  1 284835 18896 1.8 17 10 1 2 14% 6048 1008 100%
c w  8.57 11 15 44 12802  1 284835 18896 1.8 17 10 1 2 14% 6048 1008 100%
c ]  8.97 11 14 44 12803  1 296916 27753 1.8 17 9 1 2 14% 6048 1008 100%
c {  8.97 11 16 44 12803  3 296916 27753 1.8 14 8 1 2 12% 6048 1008 100%
c -  9.02 12 15 45 12855  3 298177 18958 1.8 14 8 1 2 12% 6048 1008 100%
c u  9.03 12 15 45 12855  3 298177 18716 1.8 14 8 1 2 12% 6048 1008 100%
c w  9.03 12 15 45 12855  3 298177 18716 1.8 14 8 1 2 12% 6048 1008 100%
c W  9.15 12 15 45 12936  3 300043 20251 1.8 14 8 1 2 12% 6048 1008 100%
c -  9.54 11 15 46 13504  2 311831 20208 1.8 14 8 1 2 12% 6048 1008 100%
c u  9.56 11 15 46 13504  2 311831 20024 1.8 14 8 1 2 12% 6048 1008 100%
c v  9.56 11 15 46 13504  2 311831 19924 1.8 14 8 1 2 12% 6048 1008 100%
c }  9.94 11 15 46 14144  2 323191 29478 1.8 14 8 1 2 12% 6048 1008 100%
c [  9.94 11 14 46 14144  1 323191 29478 1.8 17 9 1 2 14% 6048 1008 100%
c B 10.01 11 14 46 14144  1 325045 30914 1.8 17 9 1 2 14% 6048 1008 100%
c - 10.04 11 14 47 14144  1 325791 21105 1.8 17 9 1 2 14% 6048 1008 100%
c u 10.05 11 14 47 14144  1 325791 20929 1.8 17 9 1 2 14% 6048 1008 100%
c v 10.06 11 14 47 14144  1 325791 20825 1.8 17 9 1 2 14% 6048 1008 100%
c 
c  seconds  reductions    conflicts         size  tier2     variables
c         MB      restarts       redundant     glue  trail       remaining
c          level        rate          size/glue tier1 irredundant
c 
c w 10.06 11 14 47 14144  1 325791 20825 1.8 17 9 1 2 14% 6048 1008 100%
c s 10.44 12 14 47 14145  1 335582 27611 1.8 17 9 1 2 14% 6048 1008 100%
c s 10.47 12 14 47 14145  1 335582 27563 1.8 17 9 1 2 14% 6048 1008 100%
c - 10.64 11 14 48 14145  1 340062 21216 1.8 17 9 1 2 14% 6048 1008 100%
c u 10.65 11 14 48 14145  1 340062 21038 1.8 17 9 1 2 14% 6048 1008 100%
c v 10.65 11 14 48 14145  1 340062 20938 1.8 17 9 1 2 14% 6048 1008 100%
c ] 11.00 11 13 48 14145  1 350788 28557 1.8 16 9 1 2 14% 6048 1008 100%
c { 11.00 11 15 48 14145  2 350788 28557 1.8 14 8 1 2 12% 6048 1008 100%
c # 11.01 11 15 48 14149  2 351046 28727 1.8 14 8 1 2 12% 6048 1008 100%
c - 11.16 12 15 49 14346  2 354642 21560 1.8 14 8 1 2 12% 6048 1008 100%
c u 11.17 12 15 49 14346  2 354642 21361 1.8 14 8 1 2 12% 6048 1008 100%
c v 11.18 12 15 49 14346  2 354642 21191 1.8 14 8 1 2 12% 6048 1008 100%
c - 11.75 11 14 50 15421  2 369532 22628 1.8 14 8 1 2 12% 6048 1008 100%
c u 11.82 11 14 50 15421  2 369532 22314 1.8 14 8 1 2 12% 6048 1008 100%
c v 11.82 11 14 50 15421  2 369532 22188 1.8 14 8 1 2 12% 6048 1008 100%
c w 11.82 11 14 50 15421  2 369532 22187 1.8 14 8 1 2 12% 6048 1008 100%
c } 12.09 11 14 50 15759  2 377345 28380 1.8 14 8 1 2 12% 6048 1008 100%
c [ 12.09 11 13 50 15759  1 377345 28380 1.8 16 9 1 2 14% 6048 1008 100%
c W 12.19 11 13 50 15759  1 378048 28878 1.8 16 9 1 2 14% 6048 1008 100%
c - 12.44 13 14 51 15759  1 384731 23046 1.8 16 9 1 2 14% 6048 1008 100%
c 
c  seconds  reductions    conflicts         size  tier2     variables
c         MB      restarts       redundant     glue  trail       remaining
c          level        rate          size/glue tier1 irredundant
c 
c u 12.45 13 14 51 15759  1 384731 22763 1.8 16 9 1 2 14% 6048 1008 100%
c v 12.46 13 14 51 15759  1 384731 22642 1.8 16 9 1 2 14% 6048 1008 100%
c w 12.46 13 14 51 15759  1 384731 22642 1.8 16 9 1 2 14% 6048 1008 100%
c i 12.94 13 13 51 15765  1 398202 32043 1.8 16 9 1 2 14% 6048 1007 100%
c s 12.98 13 13 51 15765  1 398202 31926 1.8 16 9 1 2 14% 6048 1007 100%
c s 13.01 13 13 51 15765  1 398202 31907 1.8 16 9 1 2 14% 6039 1007 100%
c i 13.05 13 13 51 15766  1 398902 32350 1.8 16 9 1 2 14% 6039 1006 100%
c i 13.08 13 13 51 15766  1 399734 32837 1.8 16 9 1 2 14% 6039 1004 100%
c - 13.11 12 13 52 15766  1 400237 19277 1.8 16 9 1 2 14% 6013 1004 100%
c 2 13.11 12 13 52 15766  1 400237 19275 1.8 16 9 1 2 14% 6013 1004 100%
c p 13.11 12 13 52 15766  1 400237 19275 1.8 16 9 1 2 14% 6013 1004 100%
c u 13.12 12 13 52 15766  1 400237 18935 1.8 16 9 1 2 14% 6013 1004 100%
c v 13.12 12 13 52 15766  1 400237 18934 1.8 16 9 1 2 14% 6013 1004 100%
c t 13.12 12 13 52 15766  1 400237 18926 1.8 16 9 1 2 14% 6013 1004 100%
c i 13.23 12 13 52 15768  1 403773 21352 1.8 16 9 1 2 14% 6013 998 99%
c i 13.27 12 13 52 15769  1 405035 22232 1.8 16 9 1 2 14% 6013 997 99%
c i 13.28 12 13 52 15769  1 405515 22539 1.8 16 9 1 2 14% 6013 992 98%
c i 13.28 12 13 52 15769  1 405561 22553 1.8 16 9 1 2 14% 6013 987 98%
c i 13.28 12 13 52 15769  1 405562 22553 1.8 16 9 1 2 14% 6013 976 97%
c ] 13.28 12 13 52 15769  1 405567 22555 1.8 16 9 1 2 14% 6013 922 91%
c 
c  seconds  reductions    conflicts         size  tier2     variables
c         MB      restarts       redundant     glue  trail      remaining
c          level        rate          size/glue tier1 irredundant
c 
c 0 13.28 12 13 52 15769  1 405567 22555 1.8 16 9 1 2 14% 6013 922 91%
c 
c --- [ result ] -------------------------------------------------------------
c 
s UNSATISFIABLE
c 
c --- [ run-time profiling ] -------------------------------------------------
c 
c process time taken by individual solving procedures
c (percentage relative to process time for solving)
c 
c        12.42   93.53% search
c         6.47   48.73% stable
c         5.68   42.76% unstable
c         0.86    6.47% simplify
c         0.33    2.48% vivify
c         0.27    2.02% walk
c         0.24    1.82% subsume
c         0.16    1.19% sweep
c         0.03    0.25% elim
c         0.03    0.20% congruence
c         0.02    0.19% ternary
c         0.01    0.06% probe
c         0.01    0.05% backbone
c         0.00    0.02% parse
c         0.00    0.00% lucky
c   =================================
c        13.28   99.98% solve
c 
c last line shows process time for solving
c (percentage relative to total process time)
c 
c --- [ statistics ] ---------------------------------------------------------
c 
c chronological:             88425        21.80 %  of conflicts
c conflicts:                405567     30545.35    per second
c backbone:                 287297     28501.69 %  of vars
c decisions:                714990     53849.60    per second
c fixed:                        86         8.53 %  of all variables
c learned:                  395773        97.59 %  per conflict
c learned_lits:            8190683       100.00 %  learned literals
c minimized:                     0         0.00 %  learned literals
c shrunken:                1402804        17.13 %  learned literals
c minishrunken:             753082         9.19 %  learned literals
c otfs:                       1186         0.29 %  of conflict
c propagations:           18653004         1.40 M  per second
c reduced:                  291769        71.94 %  per conflict
c rephased:                     27     15021.00    interval
c restarts:                  15769        25.72    interval
c stabilizing:                  15        53.10 %  of conflicts
c subsumed:                  60782        15.07 %  of all clauses
c strengthened:               6880         1.71 %  of all clauses
c ticks:                 579949671        31.64    propagation
c vivified:                   1653         0.41 %  of all clauses
c walked:                        8     50695.88    interval
c 
c seconds are measured in process time for solving
c 
c --- [ glue usage ] ---------------------------------------------------------
c 
c focused glue 1 used 1040379 clauses 69.79% accumulated 69.79% tier1
c focused glue 2 used 212903 clauses 14.28% accumulated 84.07% tier2
c 
c stable glue 1 used 1411368 clauses 62.72% accumulated 62.72% tier1
c stable glue 2 used 329108 clauses 14.62% accumulated 77.34% tier2
c 
c 
c --- [ resources ] ----------------------------------------------------------
c 
c total process time since initialization:        13.28    seconds
c total real time since initialization:           13.29    seconds
c maximum resident set size of process:           13.20    MB
c 
c --- [ shutting down ] ------------------------------------------------------
c 
c exit 20
