Welcome to the CBC MILP Solver 
Version: 2.10.3 
Build Date: Dec 15 2019 

command line - /home/ubuntu/.local/lib/python3.10/site-packages/pulp/apis/../solverdir/cbc/linux/i64/cbc /tmp/74214dcc807a4eee86947dd05b24b5b7-pulp.mps -max -mips /tmp/74214dcc807a4eee86947dd05b24b5b7-pulp.mst -sec 900 -timeMode elapsed -solve -printingOptions all -solution /tmp/74214dcc807a4eee86947dd05b24b5b7-pulp.sol (default strategy 1)
At line 2 NAME          MODEL
At line 3 ROWS
At line 21677 COLUMNS
At line 120462 RHS
At line 142135 BOUNDS
At line 146168 ENDATA
Problem MODEL has 21672 rows, 4032 columns and 87696 elements
Coin0008I MODEL read with 0 errors
opening mipstart file /tmp/74214dcc807a4eee86947dd05b24b5b7-pulp.mst.
MIPStart values read for 4032 variables.
seconds was changed from 1e+100 to 900
Option for timeMode changed from cpu to elapsed
Continuous objective value is 2520 - 6.24 seconds
Cgl0004I processed model has 21672 rows, 4032 columns (4032 integer (4032 of which binary)) and 87696 elements
Cutoff increment increased from 1e-05 to 0.9999
Cbc0045I MIPStart provided solution with cost 682
Cbc0012I Integer solution of 682 found by Reduced search after 0 iterations and 0 nodes (13.95 seconds)
Cbc0031I 31 added rows had average density of 494.12903
Cbc0013I At root node, 31 cuts changed objective from -2520 to -2513.3229 in 9 passes
Cbc0014I Cut generator 0 (Probing) - 21 row cuts average 4.2 elements, 0 column cuts (0 active)  in 0.207 seconds - new frequency is -100
Cbc0014I Cut generator 1 (Gomory) - 17 row cuts average 1170.8 elements, 0 column cuts (0 active)  in 4.796 seconds - new frequency is -100
Cbc0014I Cut generator 2 (Knapsack) - 0 row cuts average 0.0 elements, 0 column cuts (0 active)  in 0.085 seconds - new frequency is -100
Cbc0014I Cut generator 3 (Clique) - 0 row cuts average 0.0 elements, 0 column cuts (0 active)  in 0.407 seconds - new frequency is -100
Cbc0014I Cut generator 4 (MixedIntegerRounding2) - 0 row cuts average 0.0 elements, 0 column cuts (0 active)  in 0.081 seconds - new frequency is -100
Cbc0014I Cut generator 5 (FlowCover) - 0 row cuts average 0.0 elements, 0 column cuts (0 active)  in 0.008 seconds - new frequency is -100
Cbc0014I Cut generator 7 (ZeroHalf) - 753 row cuts average 73.3 elements, 0 column cuts (0 active)  in 17.278 seconds - new frequency is -100
Cbc0010I After 0 nodes, 1 on tree, 682 best solution, best possible -2513.3229 (78.14 seconds)
Cbc0020I Exiting on maximum time
Cbc0005I Partial search - best objective 682 (best possible -2513.3229), took 613059 iterations and 96 nodes (909.04 seconds)
Cbc0032I Strong branching done 2142 times (211761 iterations), fathomed 0 nodes and fixed 2 variables
Cbc0035I Maximum depth 96, 0 variables fixed on reduced cost
Cuts at root node changed objective from -2520 to -2513.32
Probing was tried 9 times and created 21 cuts of which 0 were active after adding rounds of cuts (0.207 seconds)
Gomory was tried 9 times and created 17 cuts of which 0 were active after adding rounds of cuts (4.796 seconds)
Knapsack was tried 9 times and created 0 cuts of which 0 were active after adding rounds of cuts (0.085 seconds)
Clique was tried 9 times and created 0 cuts of which 0 were active after adding rounds of cuts (0.407 seconds)
MixedIntegerRounding2 was tried 9 times and created 0 cuts of which 0 were active after adding rounds of cuts (0.081 seconds)
FlowCover was tried 9 times and created 0 cuts of which 0 were active after adding rounds of cuts (0.008 seconds)
TwoMirCuts was tried 1 times and created 0 cuts of which 0 were active after adding rounds of cuts (1.105 seconds)
ZeroHalf was tried 9 times and created 753 cuts of which 0 were active after adding rounds of cuts (17.278 seconds)

Result - Stopped on time limit

Objective value:                682.00000000
Upper bound:                    2513.323
Gap:                            -0.73
Enumerated nodes:               96
Total iterations:               613059
Time (CPU seconds):             906.72
Time (Wallclock seconds):       913.04

Option for printingOptions changed from normal to all
Total time (CPU seconds):       906.78   (Wallclock seconds):       913.11

