c ---- [ banner ] ------------------------------------------------------------
c
c Kissat SAT Solver
c 
c Copyright (c) 2021-2024 Armin Biere University of Freiburg
c Copyright (c) 2019-2021 Armin Biere Johannes Kepler University Linz
c 
c Version 4.0.4 8af8e56f174b778aef3aa45af9f739b2a5f492c2
c gcc (Ubuntu 11.4.0-1ubuntu1~22.04) 11.4.0 -W -Wall -O3 -DNDEBUG
c Fri Jul 24 15:43:44 UTC 2026 Linux devin-box 5.15.200 x86_64
c
c ---- [ parsing ] -----------------------------------------------------------
c
c opened and reading DIMACS file:
c
c   h3.cnf
c
c parsed 'p cnf 1008 6048' header
c closing input after reading 91978 bytes (90 KB)
c finished parsing after 0.00 seconds
c
c ---- [ solving ] -----------------------------------------------------------
c
c seconds switched rate     size/glue tier1 binary       remaining
c        MB reductions conflicts size  tier2  irredundant
c         level restarts redundant glue  trail      variables
c
c *  0.00  4 0 0 0  0 0   0   0 0.0 0 0 0 0 0%   0 6048 1008 100%
c (  0.00  4 0 0 0  0 0   0   0 0.0 0 0 0 0 0%   0 6048 1008 100%
c .  0.00  4 0 0 0  0 0   0   0 0.0 0 0 0 0 0%   0 6048 1008 100%
c )  0.04  4 0 0 0  0 0   0   0 0.0 0 0 0 0 0%   0 6048 1008 100%
c {  0.04  4 0 0 0  0 0   0   0 0.0 0 0 2 6 0%   0 6048 1008 100%
c -  0.04  4 32 0 1 81 6 1000 889 1.7 8 5 3 8 14%   0 6048 1008 100%
c }  0.04  4 32 1 1 81 6 1000 889 1.7 8 5 3 8 14%   0 6048 1008 100%
c [  0.04  4 0 1 1 81 0 1000 889 0.0 0 0 2 6 0%   0 6048 1008 100%
c B  0.04  4 19 1 1 81 1 1003 892 2.0 10 5 2 6 8%   0 6048 1008 100%
c ]  0.05  4 25 2 1 81 2 1777 1637 1.8 17 9 3 13 14%   0 6048 1008 100%
c {  0.05  4 32 2 1 81 6 1777 1637 1.7 8 5 3 8 14%   0 6048 1008 100%
c -  0.05  4 30 2 2 104 6 2002 1755 1.6 8 5 3 7 13%   0 6048 1008 100%
c }  0.06  4 27 3 2 137 5 2777 2523 1.7 9 5 3 7 13%   0 6048 1008 100%
c [  0.06  4 25 3 2 137 2 2777 2523 1.8 17 9 3 13 14%   0 6048 1008 100%
c W  0.06  4 25 3 2 137 2 2777 2523 1.8 17 9 3 13 14%   0 6048 1008 100%
c u  0.07  5 24 3 2 137 2 3170 2150 1.7 16 9 3 12 13%   0 6048 1008 100%
c v  0.07  5 24 3 2 137 2 3170 1777 1.7 16 9 3 12 13%   0 6048 1008 100%
c w  0.08  5 24 3 2 137 2 3170 1726 1.7 16 9 3 12 13%   0 6048 1008 100%
c -  0.08  5 23 3 3 137 2 3416 1679 1.7 15 9 3 12 13%   0 6048 1008 100%
c ]  0.09  5 23 4 3 137 2 3602 1856 1.6 15 9 3 12 13%   0 6048 1008 100%
c
c seconds  switched  rate       size/glue tier1  binary       remaining
c        MB reductions conflicts     size  tier2   irredundant
c         level restarts   redundant   glue   trail      variables
c
c {  0.09  5 27 4 3 137 5 3602 1856 1.7 9 5 3 7 13%   0 6048 1008 100%
c -  0.10  5 26 4 4 280 5 5148 3010 1.7 9 5 3 7 12%   0 6048 1008 100%
c }  0.11  5 26 5 4 321 5 5955 3816 1.7 9 5 3 7 12%   0 6048 1008 100%
c [  0.11  5 23 5 4 321 2 5955 3816 1.6 15 9 3 12 13%   0 6048 1008 100%
c I  0.11  5 23 5 4 321 2 5955 3816 1.6 15 9 3 12 13%   0 6048 1008 100%
c -  0.12  5 21 5 5 322 2 7148 4246 1.7 15 9 3 11 13%   0 6048 1008 100%
c ]  0.13  5 21 6 5 322 2 7669 4725 1.7 15 9 3 11 13%   0 6048 1008 100%
c {  0.13  5 26 6 5 322 5 7669 4725 1.7 9 5 3 7 12%   0 6048 1008 100%
c -  0.14  5 24 6 6 382 5 9385 5554 1.8 9 5 3 6 12%   0 6048 1008 100%
c u  0.15  5 24 6 6 402 4 9759 5089 1.8 9 5 3 6 12%   0 6048 1008 100%
c v  0.16  5 24 6 6 402 4 9759 4819 1.8 9 5 3 6 12%   0 6048 1008 100%
c w  0.16  5 24 6 6 402 4 9759 4781 1.8 9 5 3 6 12%   0 6048 1008 100%
c o  0.20  5 24 6 6 408 4 10000 5022 1.8 9 5 3 6 12%   0 6048 1008 100%
c }  0.21  5 23 7 6 519 4 11739 6746 1.8 9 5 3 6 11%   0 6048 1008 100%
c [  0.21  5 21 7 6 519 2 11739 6746 1.7 15 9 3 11 13%   0 6048 1008 100%
c B  0.21  5 21 7 6 519 2 11739 6746 1.7 15 9 3 11 13%   0 6048 1008 100%
c -  0.22  5 21 7 7 519 2 11836 6064 1.7 15 9 3 11 13%   0 6048 1008 100%
c -  0.25  5 18 7 8 521 2 14482 7016 1.7 14 9 2 9 12%   0 6048 1008 100%
c ]  0.25  5 18 8 8 521 2 14879 7347 1.7 14 8 2 9 12%   0 6048 1008 100%
c {  0.25  5 23 8 8 521 4 14879 7347 1.8 9 5 3 6 11%   0 6048 1008 100%
c
c seconds  switched  rate        size/glue tier1  binary       remaining
c        MB reductions conflicts      size  tier2   irredundant
c         level restarts    redundant   glue   trail      variables
c
c ^  0.27  5 22 8 8 614 4 15837 8292 1.8 9 5 3 6 11%   0 6048 1008 100%
c -  0.29  6 22 8 9 858 5 17311 7793 1.8 9 5 2 6 11%   0 6048 1008 100%
c u  0.33  6 22 8 9 1296 5 19990 9691 1.8 9 5 2 6 11%   0 6048 1008 100%
c v  0.34  7 22 8 9 1296 5 19990 9348 1.8 9 5 2 6 11%   0 6048 1008 100%
c w  0.34  7 22 8 9 1296 5 19990 9294 1.8 9 5 2 6 11%   0 6048 1008 100%
c o  0.35  6 22 8 9 1300 5 20061 9365 1.8 9 5 2 6 11%   0 6048 1008 100%
c -  0.35  6 22 8 10 1330 5 20312 8102 1.8 9 5 2 6 11%   0 6048 1008 100%
c }  0.36  6 22 9 10 1392 5 21038 8818 1.7 9 5 2 6 11%   0 6048 1008 100%
c [  0.36  6 18 9 10 1392 2 21038 8818 1.7 14 8 2 9 12%   0 6048 1008 100%
c W  0.36  6 18 9 10 1392 2 21038 8818 1.7 14 8 2 9 12%   0 6048 1008 100%
c -  0.40  6 16 9 11 1394 2 23474 8876 1.7 14 8 2 8 12%   0 6048 1008 100%
c ]  0.44  6 15 10 11 1395 1 25933 10897 1.7 14 8 2 8 12%   0 6048 1008 100%
c {  0.44  6 22 10 11 1395 5 25933 10897 1.7 9 5 2 6 11%   0 6048 1008 100%
c -  0.46  7 22 10 12 1476 5 26791 9334 1.8 9 5 2 6 11%   0 6048 1008 100%
c -  0.51  7 22 10 13 1895 5 30255 10605 1.7 10 5 2 5 11%   0 6048 1008 100%
c ^  0.53  7 22 10 13 2034 5 31673 12006 1.7 10 5 2 5 11%   0 6048 1008 100%
c -  0.56  7 22 10 14 2321 5 33860 11740 1.7 10 6 2 5 11%   0 6048 1008 100%
c u  0.57  7 22 10 14 2348 5 34085 11360 1.7 10 6 2 5 11%   0 6048 1008 100%
c v  0.58  7 22 10 14 2348 5 34085 11069 1.7 10 6 2 5 11%   0 6048 1008 100%
c w  0.59  7 22 10 14 2348 5 34085 11061 1.7 10 6 2 5 11%   0 6048 1008 100%
c
c seconds   switched    rate         size/glue tier1   binary       remaining
c        MB   reductions  conflicts        size  tier2   irredundant
c         level    restarts     redundant    glue   trail      variables
c
c }  0.59  7 22 11 14 2435 5 34561 11535 1.7 10 6 2 5 11%   0 6048 1008 100%
c [  0.59  7 15 11 14 2435 1 34561 11535 1.7 14 8 2 8 12%   0 6048 1008 100%
c O  0.59  7 15 11 14 2435 1 34561 11535 1.7 14 8 2 8 12%   0 6048 1008 100%
c -  0.65  7 15 11 15 2437 1 37603 11315 1.7 14 8 2 7 11%   0 6048 1008 100%
c -  0.72  7 14 11 16 2440 1 41475 11682 1.8 14 8 2 7 12%   0 6048 1008 100%
c ]  0.73  7 14 12 16 2440 1 41572 11770 1.8 14 8 2 7 12%   0 6048 1008 100%
c {  0.73  7 22 12 16 2440 5 41572 11770 1.7 10 6 2 5 11%   0 6048 1008 100%
c o  0.73  7 22 12 16 2446 5 41619 11814 1.7 10 6 2 5 11%   0 6048 1008 100%
c -  0.79  7 22 12 17 2919 5 45476 13146 1.7 10 6 2 5 11%   0 6048 1008 100%
c -  0.85  7 21 12 18 3414 5 49600 14415 1.7 10 6 2 5 11%   0 6048 1008 100%
c u  0.91  7 21 12 18 3734 5 52234 16425 1.7 10 6 2 5 11%   0 6048 1008 100%
c v  0.92  7 21 12 18 3734 5 52234 16193 1.7 10 6 2 5 11%   0 6048 1008 100%
c w  0.93  7 21 12 18 3734 5 52234 16189 1.7 10 6 2 5 11%   0 6048 1008 100%
c }  0.99  7 21 13 18 3831 5 53051 16988 1.7 10 6 2 5 11%   0 6048 1008 100%
c [  0.99  7 14 13 18 3831 1 53051 16988 1.8 14 8 2 7 12%   0 6048 1008 100%
c B  0.99  7 14 13 18 3831 1 53051 16988 1.8 14 8 2 7 12%   0 6048 1008 100%
c -  1.01  7 14 13 19 3831 1 53843 14748 1.8 14 8 2 7 12%   0 6048 1008 100%
c -  1.09  7 14 13 20 3835 1 58202 15678 1.8 14 8 2 7 12%   0 6048 1008 100%
c ]  1.18  7 13 14 20 3837 1 62525 19344 1.8 14 7 2 7 12%   1 6047 1008 100%
c {  1.18  7 21 14 20 3837 5 62525 19344 1.7 10 6 2 5 11%   1 6047 1008 100%
c
c seconds   switched    rate         size/glue tier1   binary       remaining
c        MB   reductions  conflicts        size  tier2   irredundant
c         level    restarts     redundant    glue   trail      variables
c
c -  1.18  7 21 14 21 3864 5 62675 16371 1.7 10 6 2 5 11%   1 6047 1008 100%
c ^  1.24  8 21 14 21 4225 4 66005 19659 1.7 10 6 2 5 11%   1 6047 1008 100%
c -  1.27  8 21 14 22 4344 4 67258 17673 1.7 10 6 2 5 11%   1 6047 1008 100%
c o  1.35  8 21 14 22 4871 4 71620 21954 1.7 10 6 2 5 11%   1 6047 1008 100%
c -  1.36  8 21 14 23 4898 4 71948 18787 1.7 10 6 2 5 11%   1 6047 1008 100%
c u  1.42  8 20 14 23 5267 4 74563 20922 1.7 10 6 2 5 11%   1 6047 1008 100%
c v  1.43  8 20 14 23 5267 4 74563 20693 1.7 10 6 2 5 11%   1 6047 1008 100%
c w  1.44  8 20 14 23 5267 4 74563 20689 1.7 10 6 2 5 11%   1 6047 1008 100%
c -  1.49  8 20 14 24 5438 4 76744 19305 1.7 10 6 2 5 11%   1 6047 1008 100%
c }  1.50  8 20 15 24 5531 4 77242 19790 1.7 10 6 2 5 11%   1 6047 1008 100%
c [  1.50  8 13 15 24 5531 1 77242 19790 1.8 14 7 2 7 12%   1 6047 1008 100%
c W  1.50  8 13 15 24 5531 1 77242 19790 1.8 14 7 2 7 12%   1 6047 1008 100%
c -  1.59  8 13 15 25 5534 1 81642 19368 1.8 14 8 2 6 12%   1 6047 1008 100%
c -  1.70  8 13 15 26 5537 1 86643 19358 1.8 14 7 1 6 12%   1 6047 1008 100%
c ]  1.79  8 12 16 26 5538 1 90585 22531 1.8 13 7 1 6 12%   2 6047 1008 100%
c {  1.79  8 20 16 26 5538 4 90585 22531 1.7 10 6 2 5 11%   2 6047 1008 100%
c -  1.81  8 20 16 27 5713 4 91742 20311 1.7 10 6 2 5 11%   2 6047 1008 100%
c -  1.93  8 20 16 28 6383 4 96940 19591 1.7 11 6 1 5 11%   4 6047 1008 100%
c u  2.03  8 20 16 28 6843 4 101232 22243 1.7 11 6 1 5 11%   4 6047 1008 100%
c v  2.05  8 20 16 28 6843 4 101232 21452 1.7 11 6 1 5 11%   4 6047 1008 100%
c
c seconds   switched    rate          size/glue tier1   binary       remaining
c        MB   reductions  conflicts         size  tier2   irredundant
c         level    restarts      redundant    glue   trail      variables
c
c w  2.06  8 20 16 28 6843 4 101232 21112 1.7 11 6 1 5 11%   4 6047 1008 100%
c t  2.06  8 20 16 28 6843 4 101232 21112 1.7 11 6 1 5 11%   3 6047 1008 100%
c -  2.08  8 20 16 29 6983 4 102231 17595 1.7 11 6 1 5 11%   3 6047 1008 100%
c -  2.18  8 19 16 30 7357 4 107616 18368 1.7 11 6 1 5 11%   3 6047 1008 100%
c }  2.20  8 19 17 30 7517 4 108922 19657 1.7 11 6 1 5 11%   3 6047 1008 100%
c [  2.20  8 12 17 30 7517 1 108922 19657 1.8 13 7 1 6 12%   3 6047 1008 100%
c I  2.20  8 12 17 30 7517 1 108922 19657 1.8 13 7 1 6 12%   3 6047 1008 100%
c -  2.29  8 13 17 31 7520 1 113093 18340 1.8 13 7 1 6 12%   3 6047 1008 100%
c -  2.41  8 12 17 32 7523 1 118660 17668 1.8 13 7 1 6 12%   3 6047 1008 100%
c s  2.47  8 12 17 32 7524 1 121305 19908 1.8 13 7 1 6 12%   3 6045 1008 100%
c ^  2.47  8 12 17 32 7524 1 121305 19908 1.8 13 7 1 6 12%   3 6045 1008 100%
c o  2.47  8 12 17 32 7524 1 121305 19908 1.8 13 7 1 6 12%   3 6045 1008 100%
c -  2.54  8 12 17 33 7526 1 124316 18074 1.8 13 7 1 6 12%   3 6045 1008 100%
c ]  2.60  8 12 18 33 7528 1 126707 20057 1.8 13 7 1 6 12%   3 6045 1008 100%
c {  2.60  8 19 18 33 7528 4 126707 20057 1.7 11 6 1 5 11%   3 6045 1008 100%
c -  2.68  8 19 18 34 7609 4 130061 19365 1.8 11 6 1 5 11%   3 6045 1008 100%
c u  2.74  8 19 18 34 7685 4 132398 17769 1.8 11 6 1 5 11%   3 6045 1008 100%
c v  2.77  8 19 18 34 7685 4 132398 17376 1.8 11 6 1 5 11%   3 6045 1008 100%
c w  2.78  8 19 18 34 7685 4 132398 17176 1.8 11 6 1 5 11%   3 6045 1008 100%
c -  2.84  8 18 18 35 7776 4 135892 16804 1.8 11 6 1 5 11%   3 6045 1008 100%
c
c seconds   switched    rate          size/glue tier1   binary       remaining
c        MB   reductions  conflicts         size  tier2   irredundant
c         level    restarts      redundant    glue   trail      variables
c
c -  2.98  8 18 18 36 7921 4 141808 18149 1.8 11 6 1 5 11%   4 6045 1008 100%
c i  2.99  8 18 18 36 7928 4 142357 18559 1.8 11 6 1 5 11%  10 6045 1007 100%
c -  3.11  8 17 18 37 8031 3 147809 17773 1.8 11 6 1 5 11%   7 6045 1007 100%
c }  3.13  8 17 19 37 8068 3 149056 18912 1.8 11 6 1 5 11%   7 6045 1007 100%
c [  3.13  8 12 19 37 8068 1 149056 18912 1.8 13 7 1 6 12%   7 6045 1007 100%
c B  3.13  8 12 19 37 8068 1 149056 18912 1.8 13 7 1 6 12%   7 6045 1007 100%
c i  3.25  8 12 19 37 8071 1 153843 22626 1.8 13 7 1 6 12%  15 6045 1005 100%
c -  3.26  8 12 19 38 8071 1 153894 16301 1.8 13 7 1 6 12%  24 6045 1005 100%
c i  3.26  8 12 19 38 8071 1 154095 16420 1.8 13 7 1 6 12%  29 6045 1002 99%
c i  3.26  8 12 19 38 8071 1 154122 16423 1.8 13 7 1 6 12%  36 6045 1000 99%
c i  3.26  8 12 19 38 8071 1 154141 16429 1.8 13 7 1 6 12%  37 6045 998 99%
c i  3.26  8 12 19 38 8071 1 154164 16439 1.8 13 7 1 6 12%  42 6045 991 98%
c i  3.26  8 12 19 38 8072 1 154225 16490 1.8 13 7 1 6 12%  47 6045 975 97%
c i  3.26  8 12 19 38 8072 1 154240 16496 1.8 13 7 1 6 12%  53 6045 967 96%
c ]  3.26  8 12 19 38 8072 1 154248 16499 1.8 13 7 1 6 12%  56 6045 872 87%
c 0  3.26  8 17 19 38 8072 3 154248 16499 1.8 11 6 1 5 11%  56 6045 872 87%
c
c ---- [ result ] ------------------------------------------------------------
c
s UNSATISFIABLE
c
c ---- [ profiling ] ---------------------------------------------------------
c
c           2.87   87.84 %  search
c           1.58   48.38 %  focused
c           1.29   39.46 %  stable
c           0.37   11.30 %  probe
c           0.36   11.07 %  simplify
c           0.23    7.02 %  vivify
c           0.10    3.21 %  sweep
c           0.06    1.80 %  reduce
c           0.03    1.01 %  preprocess
c           0.02    0.70 %  substitute
c           0.02    0.55 %  eliminate
c           0.01    0.23 %  walking
c           0.01    0.17 %  congruence
c           0.00    0.11 %  factor
c           0.00    0.07 %  parse
c           0.00    0.06 %  transitive
c           0.00    0.04 %  subsume
c           0.00    0.02 %  backbone
c           0.00    0.01 %  lucky
c =============================================
c           3.26  100.00 %  total
c
c ---- [ statistics ] --------------------------------------------------------
c
c conflicts:                           154248            47255.41 per second
c decisions:                           407394                2.64 per conflict
c iterations:                               9                1 %  variables
c propagations:                       6895579          2112529    per second
c reductions:                              38             4059    interval
c reordered:                                5            30850    interval
c rephased:                                10            15425    interval
c restarts:                              8072               19    interval
c subsumed:                                 2                0 %  checks
c switched:                                19             8118    interval
c vivified:                             15938               41 %  checks
c walks:                                    3            51416    interval
c
c ---- [ glue usage ] --------------------------------------------------------
c
c focused glue 1 used 220755 clauses 56.29% accumulated 56.29% tier1
c focused glue 2 used  80036 clauses 20.41% accumulated 76.70%
c focused glue 3 used  32001 clauses  8.16% accumulated 84.86%
c focused glue 4 used  16661 clauses  4.25% accumulated 89.11%
c focused glue 5 used  11704 clauses  2.98% accumulated 92.09% tier2
c
c stable glue 1   used 299858 clauses 54.79% accumulated 54.79% tier1
c stable glue 2   used  98873 clauses 18.07% accumulated 72.85%
c stable glue 3-4 used  71876 clauses 13.13% accumulated 85.98%
c stable glue 5   used  18109 clauses  3.31% accumulated 89.29%
c stable glue 6   used  14416 clauses  2.63% accumulated 91.93% tier2
c
c ---- [ resources ] ---------------------------------------------------------
c
c maximum-resident-set-size:          8339456 bytes          8 MB
c process-time:                             3s               3.26 seconds
c
c ---- [ shutting down ] -----------------------------------------------------
c
c exit 20
