BOUNDARY E?A? score=-4.4408920985e-16 w=2 m=1
BOUNDARY E?B? score=-8.881784197e-16 w=2 m=2
BOUNDARY E?B_ score=4.4408920985e-16 w=2 m=3
BOUNDARY E?Bo score=-7.9936057773e-15 w=2 m=4
BOUNDARY E?Bw score=-5.3290705182e-15 w=2 m=5
BOUNDARY E?`? score=-8.881784197e-16 w=2 m=2
BOUNDARY E?b? score=-3.5527136788e-15 w=2 m=3
BOUNDARY E?`_ score=-1.33226762955e-15 w=2 m=3
BOUNDARY E?aG score=1.33226762955e-15 w=3 m=3
BOUNDARY E?b_ score=-3.5527136788e-15 w=2 m=4
BOUNDARY E?`o score=0 w=2 m=4
BOUNDARY E?bo score=1.33226762955e-14 w=2 m=5
BOUNDARY E?r? score=3.5527136788e-15 w=2 m=4
BOUNDARY E?oo score=-1.7763568394e-15 w=2 m=4
BOUNDARY E?r_ score=-2.6645352591e-15 w=2 m=5
BOUNDARY E?qo score=-1.7763568394e-15 w=2 m=5
BOUNDARY E?ow score=7.1054273576e-15 w=2 m=5
BOUNDARY E?ro score=7.9936057773e-15 w=2 m=6
BOUNDARY E?z_ score=-8.881784197e-16 w=2 m=6
BOUNDARY E?zO score=-5.3290705182e-15 w=2 m=6
BOUNDARY E?zo score=1.7763568394e-14 w=2 m=7
BOUNDARY E?~o score=1.7763568394e-15 w=2 m=8
BOUNDARY ECR? score=-2.22044604925e-15 w=2 m=4
BOUNDARY ECX_ score=3.5527136788e-15 w=2 m=5
BOUNDARY ECZ_ score=4.4408920985e-15 w=2 m=6
BOUNDARY ECeW score=3.5527136788e-15 w=4 m=6
BOUNDARY EEr_ score=9.7699626167e-15 w=2 m=7
BOUNDARY EEz_ score=2.30926389122e-14 w=2 m=8
BOUNDARY EFz_ score=0 w=2 m=9
BOUNDARY EQhO score=2.6645352591e-15 w=3 m=6
BOUNDARY ETmw score=-8.881784197e-16 w=5 m=10
BOUNDARY E]~o score=5.3290705182e-15 w=3 m=12
checked=156 violations=0 boundary(>-1e-06)=32 maxscore=2.30926389122e-14 maxg6=EEz_
