BOUNDARY J???C@?_Q@? score=2.6645352591e-15 w=3 m=6
BOUNDARY J???C@_WF?? score=-1.33226762955e-14 w=2 m=8
BOUNDARY J???C@_wF?? score=-2.13162820728e-14 w=2 m=9
BOUNDARY J???CA@_[B_ score=-8.881784197e-16 w=5 m=10
BOUNDARY J???C@o[B_? score=0 w=2 m=10
BOUNDARY J???C@o[F_? score=7.1054273576e-15 w=2 m=11
BOUNDARY J???C@o{F_? score=1.06581410364e-14 w=2 m=12
BOUNDARY J???C@w]Bo? score=-7.1054273576e-15 w=2 m=13
BOUNDARY J???C@w]Fo? score=7.1054273576e-15 w=2 m=14
BOUNDARY J???C@w}Fo? score=8.881784197e-15 w=2 m=15
BOUNDARY J???CBw}Fo? score=3.19744231092e-14 w=2 m=16
BOUNDARY J???C@{^Bw? score=3.5527136788e-14 w=2 m=16
BOUNDARY J???C@{^Fw? score=-3.5527136788e-14 w=2 m=17
BOUNDARY J???C@{~Fw? score=1.42108547152e-14 w=2 m=18
BOUNDARY J???CB{~Fw? score=6.39488462184e-14 w=2 m=19
BOUNDARY J???C@}^b{? score=3.5527136788e-15 w=2 m=19
BOUNDARY J???C@}^f{? score=-7.1054273576e-15 w=2 m=20
BOUNDARY J???C@}~f{? score=3.5527136788e-15 w=2 m=21
BOUNDARY J???CB}~f{? score=-2.13162820728e-14 w=2 m=22
BOUNDARY J?BEENEp}N? score=3.5527136788e-14 w=4 m=24
BOUNDARY J?B@pow}Fo? score=6.39488462184e-14 w=2 m=21
BOUNDARY J?B@prw}Fo? score=-3.5527136788e-15 w=2 m=23
BOUNDARY JCe[{}^f{~_ score=3.19744231092e-14 w=9 m=36
BOUNDARY JTm||}~n|~_ score=-1.99840144433e-15 w=10 m=45
checked=128496882 violations=0 boundary(>-1e-06)=24 maxscore=6.39488462184e-14 maxg6=J???CB{~Fw?
