BOUNDARY J???EB?K@_? score=7.1054273576e-15 w=2 m=8
BOUNDARY J???EB?KE?_ score=8.881784197e-15 w=2 m=9
BOUNDARY J???EB?KF_? score=1.06581410364e-14 w=2 m=10
BOUNDARY J???EB?M@o? score=1.7763568394e-15 w=2 m=10
BOUNDARY J???EB?MFo? score=1.7763568394e-14 w=2 m=12
BOUNDARY J???EB?{F_? score=1.42108547152e-14 w=2 m=12
BOUNDARY J???EB?N@w? score=5.3290705182e-15 w=2 m=12
BOUNDARY J???EB?NFw? score=0 w=2 m=14
BOUNDARY J???EB?o]B? score=5.3290705182e-15 w=3 m=12
BOUNDARY J???EB?}Fo? score=3.73034936274e-14 w=2 m=14
BOUNDARY J???EB?nDw? score=1.24344978758e-14 w=2 m=14
BOUNDARY J???EB?N`{? score=1.06581410364e-14 w=2 m=14
BOUNDARY J???EB?Nf{? score=3.90798504668e-14 w=2 m=16
BOUNDARY J???EB?~Fw? score=2.84217094304e-14 w=2 m=16
BOUNDARY J???EB?nd{? score=6.75015598972e-14 w=2 m=16
BOUNDARY J???EB?~f{? score=-1.7763568394e-14 w=2 m=18
BOUNDARY J???E?o{F_? score=2.13162820728e-14 w=2 m=12
BOUNDARY J???E?wM@o? score=0 w=2 m=11
BOUNDARY J???E?wM@q? score=1.7763568394e-15 w=2 m=12
BOUNDARY J???E?wME@_ score=4.08562073062e-14 w=2 m=12
BOUNDARY J???E?wMFo? score=1.59872115546e-14 w=2 m=13
BOUNDARY J???E?w}Fo? score=1.24344978758e-14 w=2 m=15
BOUNDARY J???E?{N@w? score=-8.881784197e-15 w=2 m=14
BOUNDARY J???E?{N@y? score=8.881784197e-15 w=2 m=15
BOUNDARY J???E?{NFw? score=7.1054273576e-15 w=2 m=16
BOUNDARY J???E?{NPy? score=5.3290705182e-14 w=2 m=16
BOUNDARY J???E?{~Fw? score=5.3290705182e-14 w=2 m=18
BOUNDARY J???EBw}Fo? score=3.5527136788e-15 w=2 m=17
BOUNDARY J???EA{nDw? score=1.7763568394e-14 w=2 m=17
BOUNDARY J???E?}N`{? score=3.5527136788e-14 w=2 m=17
BOUNDARY J???E?}N`}? score=3.19744231092e-14 w=2 m=18
BOUNDARY J???E?}Nf{? score=2.13162820728e-14 w=2 m=19
BOUNDARY J???E?}Np}? score=-1.42108547152e-14 w=2 m=19
BOUNDARY J???E?}~f{? score=4.61852778244e-14 w=2 m=21
BOUNDARY J???EB{~Fw? score=3.90798504668e-14 w=2 m=20
BOUNDARY J???EA}nd{? score=3.19744231092e-14 w=2 m=20
BOUNDARY J???E?~Np}? score=6.39488462184e-14 w=2 m=20
BOUNDARY J???EB}~f{? score=1.42108547152e-14 w=2 m=23
BOUNDARY J??E@bo{F_? score=2.13162820728e-14 w=2 m=16
BOUNDARY J??Fvz{~Fw? score=3.90798504668e-14 w=2 m=29
BOUNDARY J?BE@owMFo? score=4.97379915032e-14 w=2 m=18
BOUNDARY J?BE@ow}Fo? score=2.84217094304e-14 w=2 m=20
checked=128472053 violations=0 boundary(>-1e-06)=42 maxscore=6.75015598972e-14 maxg6=J???EB?nd{?
