BOUNDARY I??????_? score=-4.4408920985e-16 w=2 m=1
BOUNDARY I??????o? score=-8.881784197e-16 w=2 m=2
BOUNDARY I??????w? score=4.4408920985e-16 w=2 m=3
BOUNDARY I??????{? score=-7.9936057773e-15 w=2 m=4
BOUNDARY I??????}? score=-5.3290705182e-15 w=2 m=5
BOUNDARY I??????~? score=-5.3290705182e-15 w=2 m=6
BOUNDARY I??????~_ score=-1.06581410364e-14 w=2 m=7
BOUNDARY I??????~o score=1.7763568394e-15 w=2 m=8
BOUNDARY I??????~w score=1.42108547152e-14 w=2 m=9
BOUNDARY I????A?O? score=-8.881784197e-16 w=2 m=2
BOUNDARY I????A?o? score=-3.5527136788e-15 w=2 m=3
BOUNDARY I????A?W? score=-1.33226762955e-15 w=2 m=3
BOUNDARY I????A?_G score=1.33226762955e-15 w=3 m=3
BOUNDARY I????A?w? score=-3.5527136788e-15 w=2 m=4
BOUNDARY I????A?[? score=0 w=2 m=4
BOUNDARY I????A?{? score=1.33226762955e-14 w=2 m=5
BOUNDARY I????A?]? score=-7.9936057773e-15 w=2 m=5
BOUNDARY I????A?}? score=-5.3290705182e-15 w=2 m=6
BOUNDARY I????A?^? score=-6.2172489379e-15 w=2 m=6
BOUNDARY I????A?~? score=2.22044604925e-14 w=2 m=7
BOUNDARY I????A?^_ score=-6.2172489379e-15 w=2 m=7
BOUNDARY I????A?~_ score=-9.7699626167e-15 w=2 m=8
BOUNDARY I????A?^o score=-1.15463194561e-14 w=2 m=8
BOUNDARY I????A?~o score=3.5527136788e-14 w=2 m=9
BOUNDARY I????B?o? score=3.5527136788e-15 w=2 m=4
BOUNDARY I????B?K? score=-1.7763568394e-15 w=2 m=4
BOUNDARY I????B?w? score=-2.6645352591e-15 w=2 m=5
BOUNDARY I????B?k? score=-1.7763568394e-15 w=2 m=5
BOUNDARY I????B?M? score=-8.881784197e-16 w=2 m=5
BOUNDARY I????B?KG score=7.1054273576e-15 w=2 m=5
BOUNDARY I????B?{? score=7.9936057773e-15 w=2 m=6
BOUNDARY I????B?m? score=1.95399252334e-14 w=2 m=6
BOUNDARY I????B?N? score=-8.881784197e-15 w=2 m=6
BOUNDARY I????B?MG score=2.39808173319e-14 w=2 m=6
BOUNDARY I????B?}? score=-3.5527136788e-15 w=2 m=7
BOUNDARY I????B?n? score=2.75335310107e-14 w=2 m=7
BOUNDARY I????B?N_ score=-6.2172489379e-15 w=2 m=7
BOUNDARY I????B?NG score=3.5527136788e-15 w=2 m=7
BOUNDARY I????B?~? score=7.1054273576e-15 w=2 m=8
BOUNDARY I????B?n_ score=7.1054273576e-15 w=2 m=8
BOUNDARY I????B?No score=-6.2172489379e-15 w=2 m=8
BOUNDARY I????B?Ng score=5.3290705182e-15 w=2 m=8
BOUNDARY I????B?~_ score=1.95399252334e-14 w=2 m=9
BOUNDARY I????B?no score=-1.7763568394e-15 w=2 m=9
BOUNDARY I????B?Nw score=8.881784197e-15 w=2 m=9
BOUNDARY I????B?~o score=4.26325641456e-14 w=2 m=10
BOUNDARY I????B_w? score=-8.881784197e-16 w=2 m=6
BOUNDARY I????B_s? score=-5.3290705182e-15 w=2 m=6
BOUNDARY I????B_e? score=8.881784197e-16 w=2 m=6
BOUNDARY I????B_F? score=8.881784197e-16 w=2 m=6
BOUNDARY I????B_{? score=1.7763568394e-14 w=2 m=7
BOUNDARY I????B_u? score=1.06581410364e-14 w=2 m=7
BOUNDARY I????B_f? score=7.9936057773e-15 w=2 m=7
BOUNDARY I????B_F_ score=-7.1054273576e-15 w=2 m=7
BOUNDARY I????B_FG score=2.22044604925e-14 w=2 m=7
BOUNDARY I????B_}? score=2.13162820728e-14 w=2 m=8
BOUNDARY I????B_v? score=1.24344978758e-14 w=2 m=8
BOUNDARY I????B_f_ score=-5.3290705182e-15 w=2 m=8
BOUNDARY I????B_Fo score=-5.3290705182e-15 w=2 m=8
BOUNDARY I????B_Fg score=1.42108547152e-14 w=2 m=8
BOUNDARY I????B_~? score=-5.3290705182e-15 w=2 m=9
BOUNDARY I????B_v_ score=1.7763568394e-14 w=2 m=9
BOUNDARY I????B_fo score=5.3290705182e-15 w=2 m=9
BOUNDARY I????B_Fw score=1.06581410364e-14 w=2 m=9
BOUNDARY I????B_~_ score=3.01980662698e-14 w=2 m=10
BOUNDARY I????B_vo score=2.30926389122e-14 w=2 m=10
BOUNDARY I????B_~o score=-2.13162820728e-14 w=2 m=11
BOUNDARY I????Bo{? score=1.7763568394e-15 w=2 m=8
BOUNDARY I????Boy? score=1.24344978758e-14 w=2 m=8
BOUNDARY I????Bor? score=1.42108547152e-14 w=2 m=8
BOUNDARY I????Bob_ score=1.24344978758e-14 w=2 m=8
BOUNDARY I????BoBo score=-1.59872115546e-14 w=2 m=8
BOUNDARY I????Bo}? score=7.1054273576e-15 w=2 m=9
BOUNDARY I????Boz? score=-1.06581410364e-14 w=2 m=9
BOUNDARY I????Bor_ score=-5.3290705182e-15 w=2 m=9
BOUNDARY I????Bobo score=2.30926389122e-14 w=2 m=9
BOUNDARY I????BoBw score=8.881784197e-15 w=2 m=9
BOUNDARY I????Bo~? score=5.50670620214e-14 w=2 m=10
BOUNDARY I????Boz_ score=8.881784197e-15 w=2 m=10
BOUNDARY I????Boro score=-1.24344978758e-14 w=2 m=10
BOUNDARY I????Bo~_ score=2.13162820728e-14 w=2 m=11
BOUNDARY I????Bozo score=3.5527136788e-14 w=2 m=11
BOUNDARY I????Bo~o score=-3.5527136788e-15 w=2 m=12
BOUNDARY I????Bw}? score=7.1054273576e-15 w=2 m=10
BOUNDARY I????Bw|? score=2.84217094304e-14 w=2 m=10
BOUNDARY I????Bwx_ score=3.5527136788e-15 w=2 m=10
BOUNDARY I????Bwpo score=-1.42108547152e-14 w=2 m=10
BOUNDARY I????Bw~? score=2.6645352591e-14 w=2 m=11
BOUNDARY I????Bw|_ score=-8.881784197e-15 w=2 m=11
BOUNDARY I????Bwxo score=3.37507799486e-14 w=2 m=11
BOUNDARY I????Bw~_ score=2.84217094304e-14 w=2 m=12
BOUNDARY I????Bw|o score=1.59872115546e-14 w=2 m=12
BOUNDARY I????Bw~o score=3.19744231092e-14 w=2 m=13
BOUNDARY I????B{~? score=-2.84217094304e-14 w=2 m=12
BOUNDARY I????B{}_ score=-5.3290705182e-15 w=2 m=12
BOUNDARY I????B{{o score=1.42108547152e-14 w=2 m=12
BOUNDARY I????B{~_ score=5.3290705182e-15 w=2 m=13
BOUNDARY I????B{}o score=1.7763568394e-15 w=2 m=13
BOUNDARY I????B{~o score=1.59872115546e-14 w=2 m=14
BOUNDARY I????B}~_ score=1.24344978758e-14 w=2 m=14
BOUNDARY I????B}~O score=2.84217094304e-14 w=2 m=14
BOUNDARY I????B}~o score=1.59872115546e-14 w=2 m=15
BOUNDARY I????B~~o score=-2.48689957516e-14 w=2 m=16
BOUNDARY I???C@?o? score=-2.22044604925e-15 w=2 m=4
BOUNDARY I???C@_W? score=3.5527136788e-15 w=2 m=5
BOUNDARY I???C@_w? score=4.4408920985e-15 w=2 m=6
BOUNDARY I???CA@_W score=3.5527136788e-15 w=4 m=6
BOUNDARY I???C@o[? score=-1.7763568394e-15 w=2 m=7
BOUNDARY I???C@o{? score=8.881784197e-15 w=2 m=8
BOUNDARY I???CBo{? score=1.7763568394e-15 w=2 m=9
BOUNDARY I???C@w]? score=0 w=2 m=9
BOUNDARY I???C@w}? score=1.59872115546e-14 w=2 m=10
BOUNDARY I???CBw}? score=-1.7763568394e-14 w=2 m=11
BOUNDARY I???C@{^? score=7.1054273576e-15 w=2 m=11
BOUNDARY I???C@{~? score=1.42108547152e-14 w=2 m=12
BOUNDARY I???CB{~? score=0 w=2 m=13
BOUNDARY I???C@}^_ score=-3.01980662698e-14 w=2 m=13
BOUNDARY I???C@}~_ score=3.73034936274e-14 w=2 m=14
BOUNDARY I???CB}~_ score=1.59872115546e-14 w=2 m=15
BOUNDARY I???EB?w? score=9.7699626167e-15 w=2 m=7
BOUNDARY I???EB?M? score=4.4408920985e-15 w=2 m=7
BOUNDARY I???EB?{? score=3.5527136788e-15 w=2 m=8
BOUNDARY I???EB?m? score=1.42108547152e-14 w=2 m=8
BOUNDARY I???EB?N? score=-4.4408920985e-15 w=2 m=8
BOUNDARY I???EB?}? score=2.30926389122e-14 w=2 m=9
BOUNDARY I???EB?n? score=-1.7763568394e-15 w=2 m=9
BOUNDARY I???EB?N_ score=-1.7763568394e-15 w=2 m=9
BOUNDARY I???EB?~? score=0 w=2 m=10
BOUNDARY I???EB?n_ score=-5.3290705182e-15 w=2 m=10
BOUNDARY I???EB?~_ score=2.30926389122e-14 w=2 m=11
BOUNDARY I???E?oo? score=2.6645352591e-15 w=2 m=6
BOUNDARY I???E?oKO score=7.9936057773e-15 w=2 m=7
BOUNDARY I???E?o{? score=8.881784197e-15 w=2 m=8
BOUNDARY I???EB_w? score=2.30926389122e-14 w=2 m=8
BOUNDARY I???E?wM? score=-1.7763568394e-15 w=2 m=8
BOUNDARY I???E?wMO score=1.7763568394e-15 w=2 m=9
BOUNDARY I???E?w}? score=2.48689957516e-14 w=2 m=10
BOUNDARY I???EBo{? score=1.06581410364e-14 w=2 m=10
BOUNDARY I???EAwm? score=2.13162820728e-14 w=2 m=10
BOUNDARY I???E?{N? score=0 w=2 m=10
BOUNDARY I???E?{NO score=4.08562073062e-14 w=2 m=11
BOUNDARY I???E?{~? score=7.1054273576e-15 w=2 m=12
BOUNDARY I???EBw}? score=3.37507799486e-14 w=2 m=12
BOUNDARY I???EA{n? score=1.7763568394e-14 w=2 m=12
BOUNDARY I???E?}N_ score=5.3290705182e-15 w=2 m=12
BOUNDARY I???E?}No score=2.48689957516e-14 w=2 m=13
BOUNDARY I???E?}~_ score=2.84217094304e-14 w=2 m=14
BOUNDARY I???E?|NO score=1.06581410364e-14 w=2 m=12
BOUNDARY I???EB{~? score=8.52651282912e-14 w=2 m=14
BOUNDARY I???EA}n_ score=7.1054273576e-15 w=2 m=14
BOUNDARY I???E?~No score=3.37507799486e-14 w=2 m=14
BOUNDARY I???EB}~_ score=5.68434188608e-14 w=2 m=16
BOUNDARY I???FB_w? score=0 w=2 m=9
BOUNDARY I???FB_F? score=0 w=2 m=9
BOUNDARY I???FB_{? score=1.7763568394e-15 w=2 m=10
BOUNDARY I???FB_u? score=1.24344978758e-14 w=2 m=10
BOUNDARY I???FB_f? score=2.84217094304e-14 w=2 m=10
BOUNDARY I???FB_F_ score=-8.881784197e-15 w=2 m=10
BOUNDARY I???FB_EW score=-1.7763568394e-15 w=2 m=10
BOUNDARY I???FB_}? score=3.19744231092e-14 w=2 m=11
BOUNDARY I???FB_v? score=1.42108547152e-14 w=2 m=11
BOUNDARY I???FB_f_ score=-3.5527136788e-15 w=2 m=11
BOUNDARY I???FB_Fo score=1.7763568394e-15 w=2 m=11
BOUNDARY I???FB_FW score=7.1054273576e-15 w=2 m=11
BOUNDARY I???FB_~? score=-1.59872115546e-14 w=2 m=12
BOUNDARY I???FB_v_ score=0 w=2 m=12
BOUNDARY I???FB_Fw score=5.15143483426e-14 w=2 m=12
BOUNDARY I???FB_~_ score=5.86197757002e-14 w=2 m=13
BOUNDARY I???F?[FO score=3.37507799486e-14 w=2 m=10
BOUNDARY I???F?[~? score=1.7763568394e-14 w=2 m=12
BOUNDARY I???FBo{? score=7.1054273576e-15 w=2 m=11
BOUNDARY I???FBWu? score=-1.7763568394e-15 w=2 m=11
BOUNDARY I???FA[f? score=4.08562073062e-14 w=2 m=11
BOUNDARY I???F?]F_ score=1.7763568394e-15 w=2 m=11
BOUNDARY I???F?]Fo score=1.95399252334e-14 w=2 m=12
BOUNDARY I???F?]~_ score=4.61852778244e-14 w=2 m=14
BOUNDARY I???FBw}? score=1.59872115546e-14 w=2 m=13
BOUNDARY I???FB[v? score=1.95399252334e-14 w=2 m=13
BOUNDARY I???FA]f_ score=-2.13162820728e-14 w=2 m=13
BOUNDARY I???FB{~? score=2.48689957516e-14 w=2 m=15
BOUNDARY I???FB]v_ score=3.37507799486e-14 w=2 m=15
BOUNDARY I???FB}~_ score=-1.06581410364e-14 w=2 m=17
BOUNDARY I???Fbo{? score=-7.1054273576e-15 w=2 m=12
BOUNDARY I???Fbor? score=-8.881784197e-15 w=2 m=12
BOUNDARY I???Fbo}? score=1.24344978758e-14 w=2 m=13
BOUNDARY I???Fboz? score=8.881784197e-15 w=2 m=13
BOUNDARY I???Fbor_ score=-1.7763568394e-14 w=2 m=13
BOUNDARY I???FboBw score=2.30926389122e-14 w=2 m=13
BOUNDARY I???Fbo~? score=3.01980662698e-14 w=2 m=14
BOUNDARY I???Fboz_ score=3.5527136788e-15 w=2 m=14
BOUNDARY I???Fbo~_ score=2.6645352591e-14 w=2 m=15
BOUNDARY I???Fbg{? score=2.84217094304e-14 w=2 m=12
BOUNDARY I???FaM{? score=-8.881784197e-15 w=2 m=12
BOUNDARY I???Fbw}? score=4.79616346638e-14 w=2 m=14
BOUNDARY I???Fbkz? score=4.08562073062e-14 w=2 m=14
BOUNDARY I???FbMr_ score=1.24344978758e-14 w=2 m=14
BOUNDARY I???Fb{~? score=3.19744231092e-14 w=2 m=16
BOUNDARY I???Fbmz_ score=1.7763568394e-14 w=2 m=16
BOUNDARY I???Fb}~_ score=1.06581410364e-13 w=2 m=18
BOUNDARY I???Frw}? score=3.5527136788e-14 w=2 m=15
BOUNDARY I???Frw~? score=7.1054273576e-15 w=2 m=16
BOUNDARY I???Frw|_ score=2.84217094304e-14 w=2 m=16
BOUNDARY I???Frw~_ score=2.13162820728e-14 w=2 m=17
BOUNDARY I???Frs}? score=1.06581410364e-14 w=2 m=15
BOUNDARY I???Fre}? score=1.42108547152e-14 w=2 m=15
BOUNDARY I???Fr{~? score=3.5527136788e-14 w=2 m=17
BOUNDARY I???Fru|_ score=1.7763568394e-14 w=2 m=17
BOUNDARY I???Fr}~_ score=6.39488462184e-14 w=2 m=19
BOUNDARY I???Fz{~? score=3.5527136788e-15 w=2 m=18
BOUNDARY I???Fz{}_ score=2.84217094304e-14 w=2 m=18
BOUNDARY I???Fz{~_ score=3.19744231092e-14 w=2 m=19
BOUNDARY I???Fz}~_ score=7.1054273576e-15 w=2 m=20
BOUNDARY I???F~}~_ score=2.13162820728e-14 w=2 m=21
BOUNDARY I??CAAAOO score=2.6645352591e-15 w=3 m=6
BOUNDARY I??CB@_w? score=-1.33226762955e-14 w=2 m=8
BOUNDARY I??CBB_w? score=-2.13162820728e-14 w=2 m=9
BOUNDARY I??CCEB_w score=-8.881784197e-16 w=5 m=10
BOUNDARY I??CB`o[? score=0 w=2 m=10
BOUNDARY I??CB`o{? score=7.1054273576e-15 w=2 m=11
BOUNDARY I??CBbo{? score=1.06581410364e-14 w=2 m=12
BOUNDARY I??CBpw]? score=-7.1054273576e-15 w=2 m=13
BOUNDARY I??CBpw}? score=7.1054273576e-15 w=2 m=14
BOUNDARY I??CBrw}? score=8.881784197e-15 w=2 m=15
BOUNDARY I??CFrw}? score=3.19744231092e-14 w=2 m=16
BOUNDARY I??CBx{^? score=3.5527136788e-14 w=2 m=16
BOUNDARY I??CBx{~? score=-3.5527136788e-14 w=2 m=17
BOUNDARY I??CBz{~? score=1.42108547152e-14 w=2 m=18
BOUNDARY I??CFz{~? score=6.39488462184e-14 w=2 m=19
BOUNDARY I??EE?oK? score=7.1054273576e-15 w=2 m=8
BOUNDARY I??EE?ooG score=8.881784197e-15 w=2 m=9
BOUNDARY I??EE?o{? score=1.06581410364e-14 w=2 m=10
BOUNDARY I??EE?wM? score=1.7763568394e-15 w=2 m=10
BOUNDARY I??EE?w}? score=1.7763568394e-14 w=2 m=12
BOUNDARY I??EEBo{? score=1.42108547152e-14 w=2 m=12
BOUNDARY I??EE?{N? score=5.3290705182e-15 w=2 m=12
BOUNDARY I??EE?{~? score=0 w=2 m=14
BOUNDARY I??EEBBoo score=5.3290705182e-15 w=3 m=12
BOUNDARY I??EEBw}? score=3.73034936274e-14 w=2 m=14
BOUNDARY I??EEA{n? score=1.24344978758e-14 w=2 m=14
BOUNDARY I??EEB{~? score=2.84217094304e-14 w=2 m=16
BOUNDARY I??E@bo{? score=2.13162820728e-14 w=2 m=12
BOUNDARY I??E@owM? score=0 w=2 m=11
BOUNDARY I??E@owM_ score=1.7763568394e-15 w=2 m=12
BOUNDARY I??E@owoW score=4.08562073062e-14 w=2 m=12
BOUNDARY I??E@ow}? score=1.59872115546e-14 w=2 m=13
BOUNDARY I??E@rw}? score=1.24344978758e-14 w=2 m=15
BOUNDARY I??E@w{N? score=-8.881784197e-15 w=2 m=14
BOUNDARY I??E@w{N_ score=8.881784197e-15 w=2 m=15
BOUNDARY I??E@w{~? score=7.1054273576e-15 w=2 m=16
BOUNDARY I??E@w}N_ score=5.3290705182e-14 w=2 m=16
BOUNDARY I??E@z{~? score=5.3290705182e-14 w=2 m=18
BOUNDARY I??EFrw}? score=3.5527136788e-15 w=2 m=17
BOUNDARY I??EDy{n? score=1.7763568394e-14 w=2 m=17
BOUNDARY I??EFz{~? score=3.90798504668e-14 w=2 m=20
BOUNDARY I??FFB_{? score=-1.7763568394e-15 w=2 m=13
BOUNDARY I??FFB_u? score=3.5527136788e-15 w=2 m=13
BOUNDARY I??FFB_}? score=1.7763568394e-14 w=2 m=14
BOUNDARY I??FFB_v? score=2.84217094304e-14 w=2 m=14
BOUNDARY I??FFB_~? score=4.26325641456e-14 w=2 m=15
BOUNDARY I??FFBo{? score=8.881784197e-15 w=2 m=14
BOUNDARY I??FFBw}? score=-1.06581410364e-14 w=2 m=16
BOUNDARY I??FFB[v? score=4.61852778244e-14 w=2 m=16
BOUNDARY I??FF?^Fo score=2.13162820728e-14 w=2 m=16
BOUNDARY I??FFB{~? score=3.19744231092e-14 w=2 m=18
BOUNDARY I??F?z_w? score=0 w=2 m=12
BOUNDARY I??F?z_F? score=-1.7763568394e-15 w=2 m=12
BOUNDARY I??F?z_wO score=3.5527136788e-14 w=2 m=13
BOUNDARY I??F?z_Fg score=4.08562073062e-14 w=2 m=14
BOUNDARY I??F?z_~? score=4.61852778244e-14 w=2 m=15
BOUNDARY I??F?z{~? score=3.19744231092e-14 w=2 m=18
BOUNDARY I??FFbo{? score=3.73034936274e-14 w=2 m=15
BOUNDARY I??FFrw}? score=3.5527136788e-15 w=2 m=18
BOUNDARY I??FEz[v? score=3.5527136788e-15 w=2 m=18
BOUNDARY I??FFz{~? score=8.17124146124e-14 w=2 m=21
BOUNDARY I??Ffbo{? score=7.1054273576e-15 w=2 m=16
BOUNDARY I??Ffbo}? score=1.06581410364e-14 w=2 m=17
BOUNDARY I??Ffboz? score=-7.1054273576e-15 w=2 m=17
BOUNDARY I??FfboBw score=3.5527136788e-15 w=2 m=17
BOUNDARY I??Ffbo~? score=6.03961325396e-14 w=2 m=18
BOUNDARY I??Ffbw}? score=6.39488462184e-14 w=2 m=18
BOUNDARY I??Ffbkz? score=3.90798504668e-14 w=2 m=18
BOUNDARY I??Ffb{~? score=4.61852778244e-14 w=2 m=20
BOUNDARY I??Ffrw}? score=-1.42108547152e-14 w=2 m=19
BOUNDARY I??FfZkz? score=2.13162820728e-14 w=2 m=19
BOUNDARY I??Ffz{~? score=3.19744231092e-14 w=2 m=22
BOUNDARY I??Fvrw}? score=1.06581410364e-14 w=2 m=20
BOUNDARY I??Fvrw|? score=4.97379915032e-14 w=2 m=20
BOUNDARY I??Fvrw~? score=1.42108547152e-14 w=2 m=21
BOUNDARY I??Fvrs|? score=8.881784197e-14 w=2 m=20
BOUNDARY I??Fvr{~? score=4.97379915032e-14 w=2 m=22
BOUNDARY I??Fvz{~? score=1.7763568394e-14 w=2 m=23
BOUNDARY I??F~z{~? score=5.68434188608e-14 w=2 m=24
BOUNDARY I?ACKMF`w score=-1.11022302463e-15 w=6 m=15
BOUNDARY I?ABb`o{? score=3.5527136788e-14 w=2 m=14
BOUNDARY I?ABbbo{? score=6.39488462184e-14 w=2 m=15
BOUNDARY I?ABfbo{? score=-2.48689957516e-14 w=2 m=16
BOUNDARY I?ABrpw]? score=7.1054273576e-15 w=2 m=17
BOUNDARY I?ABrpw}? score=1.42108547152e-14 w=2 m=18
BOUNDARY I?ABrrw}? score=2.13162820728e-14 w=2 m=19
BOUNDARY I?ABvrw}? score=2.13162820728e-14 w=2 m=20
BOUNDARY I?BE@_o{? score=1.06581410364e-14 w=2 m=12
BOUNDARY I?BE@bo{? score=1.24344978758e-14 w=2 m=14
BOUNDARY I?BE@owM? score=3.5527136788e-15 w=2 m=13
BOUNDARY I?BE@owoW score=3.19744231092e-14 w=2 m=14
BOUNDARY I?BE@ow}? score=-3.5527136788e-15 w=2 m=15
BOUNDARY I?BE@rw}? score=2.13162820728e-14 w=2 m=17
BOUNDARY I?B@fbo{? score=2.13162820728e-14 w=2 m=16
BOUNDARY I?B@powN? score=0 w=2 m=15
BOUNDARY I?B@pow}? score=2.84217094304e-14 w=2 m=16
BOUNDARY I?B@po{N? score=3.5527136788e-14 w=2 m=16
BOUNDARY I?B@prw}? score=3.5527136788e-14 w=2 m=18
BOUNDARY I?B@vrw}? score=0 w=2 m=20
BOUNDARY I?BfFBw}? score=2.84217094304e-14 w=2 m=19
BOUNDARY I?BfFrw}? score=2.48689957516e-14 w=2 m=21
BOUNDARY I?Bvfbo}? score=4.26325641456e-14 w=2 m=21
BOUNDARY I?Bvfbw}? score=7.81597009336e-14 w=2 m=22
BOUNDARY I?Bvfrw}? score=3.90798504668e-14 w=2 m=23
BOUNDARY I?Bvvrw}? score=4.97379915032e-14 w=2 m=24
BOUNDARY I?B~vrw}? score=-2.48689957516e-14 w=2 m=25
BOUNDARY I?`CQIIPO score=7.1054273576e-15 w=4 m=12
BOUNDARY I?aJB@bWo score=8.43769498715e-15 w=3 m=15
BOUNDARY I?aK[]Nbw score=-2.6645352591e-15 w=7 m=21
BOUNDARY I?r@`bo{? score=1.42108547152e-14 w=2 m=16
BOUNDARY I?rE]ZNro score=3.5527136788e-14 w=4 m=24
BOUNDARY I?zfF^mz_ score=7.4162898045e-14 w=3 m=27
BOUNDARY ICe[{}^fw score=0 w=8 m=28
BOUNDARY IQhTQiiTO score=-1.7763568394e-15 w=5 m=20
BOUNDARY ITm||}~nw score=3.19744231092e-14 w=9 m=36
BOUNDARY I]~v~z~~o score=2.23820961764e-13 w=5 m=40
checked=12005168 violations=0 boundary(>-1e-06)=329 maxscore=2.23820961764e-13 maxg6=I]~v~z~~o
