BOUNDARY F??C? score=-4.4408920985e-16 w=2 m=1
BOUNDARY F??E? score=-8.881784197e-16 w=2 m=2
BOUNDARY F??F? score=4.4408920985e-16 w=2 m=3
BOUNDARY F??F_ score=-7.9936057773e-15 w=2 m=4
BOUNDARY F??Fo score=-5.3290705182e-15 w=2 m=5
BOUNDARY F??Fw score=-5.3290705182e-15 w=2 m=6
BOUNDARY F?AA? score=-8.881784197e-16 w=2 m=2
BOUNDARY F?AE? score=-3.5527136788e-15 w=2 m=3
BOUNDARY F?AB? score=-1.33226762955e-15 w=2 m=3
BOUNDARY F?ACG score=1.33226762955e-15 w=3 m=3
BOUNDARY F?AF? score=-3.5527136788e-15 w=2 m=4
BOUNDARY F?AB_ score=0 w=2 m=4
BOUNDARY F?AF_ score=1.33226762955e-14 w=2 m=5
BOUNDARY F?ABo score=-7.9936057773e-15 w=2 m=5
BOUNDARY F?AFo score=-5.3290705182e-15 w=2 m=6
BOUNDARY F?BE? score=3.5527136788e-15 w=2 m=4
BOUNDARY F?B@_ score=-1.7763568394e-15 w=2 m=4
BOUNDARY F?BF? score=-2.6645352591e-15 w=2 m=5
BOUNDARY F?BD_ score=-1.7763568394e-15 w=2 m=5
BOUNDARY F?B@o score=-8.881784197e-16 w=2 m=5
BOUNDARY F?B@g score=7.1054273576e-15 w=2 m=5
BOUNDARY F?BF_ score=7.9936057773e-15 w=2 m=6
BOUNDARY F?BDo score=1.95399252334e-14 w=2 m=6
BOUNDARY F?B@w score=2.39808173319e-14 w=2 m=6
BOUNDARY F?BFo score=-3.5527136788e-15 w=2 m=7
BOUNDARY F?Bf? score=-8.881784197e-16 w=2 m=6
BOUNDARY F?Be_ score=-5.3290705182e-15 w=2 m=6
BOUNDARY F?Bco score=8.881784197e-16 w=2 m=6
BOUNDARY F?Bf_ score=1.7763568394e-14 w=2 m=7
BOUNDARY F?Beo score=1.06581410364e-14 w=2 m=7
BOUNDARY F?Bfo score=2.13162820728e-14 w=2 m=8
BOUNDARY F?Bv_ score=1.7763568394e-15 w=2 m=8
BOUNDARY F?BvO score=1.24344978758e-14 w=2 m=8
BOUNDARY F?Bvo score=7.1054273576e-15 w=2 m=9
BOUNDARY F?B~o score=7.1054273576e-15 w=2 m=10
BOUNDARY F?`E? score=-2.22044604925e-15 w=2 m=4
BOUNDARY F?`b? score=3.5527136788e-15 w=2 m=5
BOUNDARY F?`f? score=4.4408920985e-15 w=2 m=6
BOUNDARY F?aKW score=3.5527136788e-15 w=4 m=6
BOUNDARY F?`r_ score=-1.7763568394e-15 w=2 m=7
BOUNDARY F?`v_ score=8.881784197e-15 w=2 m=8
BOUNDARY F?bv_ score=1.7763568394e-15 w=2 m=9
BOUNDARY F?rF? score=9.7699626167e-15 w=2 m=7
BOUNDARY F?rF_ score=3.5527136788e-15 w=2 m=8
BOUNDARY F?ou? score=2.6645352591e-15 w=2 m=6
BOUNDARY F?opo score=7.9936057773e-15 w=2 m=7
BOUNDARY F?ov_ score=8.881784197e-15 w=2 m=8
BOUNDARY F?rf? score=2.30926389122e-14 w=2 m=8
BOUNDARY F?rv_ score=1.06581410364e-14 w=2 m=10
BOUNDARY F?zf? score=0 w=2 m=9
BOUNDARY F?zf_ score=1.7763568394e-15 w=2 m=10
BOUNDARY F?zv_ score=7.1054273576e-15 w=2 m=11
BOUNDARY F?~v_ score=-7.1054273576e-15 w=2 m=12
BOUNDARY FCQQO score=2.6645352591e-15 w=3 m=6
BOUNDARY FCXf? score=-1.33226762955e-14 w=2 m=8
BOUNDARY FCZf? score=-2.13162820728e-14 w=2 m=9
BOUNDARY FCe[w score=-8.881784197e-16 w=5 m=10
BOUNDARY FEr]o score=5.3290705182e-15 w=3 m=12
BOUNDARY FTm|w score=-1.11022302463e-15 w=6 m=15
checked=1044 violations=0 boundary(>-1e-06)=59 maxscore=2.39808173319e-14 maxg6=F?B@w
