BOUNDARY G???C? score=-4.4408920985e-16 w=2 m=1
BOUNDARY G???E? score=-8.881784197e-16 w=2 m=2
BOUNDARY G???F? score=4.4408920985e-16 w=2 m=3
BOUNDARY G???F_ score=-7.9936057773e-15 w=2 m=4
BOUNDARY G???Fo score=-5.3290705182e-15 w=2 m=5
BOUNDARY G???Fw score=-5.3290705182e-15 w=2 m=6
BOUNDARY G???F{ score=-1.06581410364e-14 w=2 m=7
BOUNDARY G??CA? score=-8.881784197e-16 w=2 m=2
BOUNDARY G??CE? score=-3.5527136788e-15 w=2 m=3
BOUNDARY G??CB? score=-1.33226762955e-15 w=2 m=3
BOUNDARY G??CCC score=1.33226762955e-15 w=3 m=3
BOUNDARY G??CF? score=-3.5527136788e-15 w=2 m=4
BOUNDARY G??CB_ score=0 w=2 m=4
BOUNDARY G??CF_ score=1.33226762955e-14 w=2 m=5
BOUNDARY G??CBo score=-7.9936057773e-15 w=2 m=5
BOUNDARY G??CFo score=-5.3290705182e-15 w=2 m=6
BOUNDARY G??CBw score=-6.2172489379e-15 w=2 m=6
BOUNDARY G??CFw score=2.22044604925e-14 w=2 m=7
BOUNDARY G??EE? score=3.5527136788e-15 w=2 m=4
BOUNDARY G??E@_ score=-1.7763568394e-15 w=2 m=4
BOUNDARY G??EF? score=-2.6645352591e-15 w=2 m=5
BOUNDARY G??ED_ score=-1.7763568394e-15 w=2 m=5
BOUNDARY G??E@o score=-8.881784197e-16 w=2 m=5
BOUNDARY G??E@c score=7.1054273576e-15 w=2 m=5
BOUNDARY G??EF_ score=7.9936057773e-15 w=2 m=6
BOUNDARY G??EDo score=1.95399252334e-14 w=2 m=6
BOUNDARY G??E@w score=-8.881784197e-15 w=2 m=6
BOUNDARY G??E@s score=2.39808173319e-14 w=2 m=6
BOUNDARY G??EFo score=-3.5527136788e-15 w=2 m=7
BOUNDARY G??EDw score=2.75335310107e-14 w=2 m=7
BOUNDARY G??E@{ score=3.5527136788e-15 w=2 m=7
BOUNDARY G??EFw score=7.1054273576e-15 w=2 m=8
BOUNDARY G??FF? score=-8.881784197e-16 w=2 m=6
BOUNDARY G??FE_ score=-5.3290705182e-15 w=2 m=6
BOUNDARY G??FCo score=8.881784197e-16 w=2 m=6
BOUNDARY G??F?w score=8.881784197e-16 w=2 m=6
BOUNDARY G??FF_ score=1.7763568394e-14 w=2 m=7
BOUNDARY G??FEo score=1.06581410364e-14 w=2 m=7
BOUNDARY G??FCw score=7.9936057773e-15 w=2 m=7
BOUNDARY G??F?{ score=2.22044604925e-14 w=2 m=7
BOUNDARY G??FFo score=2.13162820728e-14 w=2 m=8
BOUNDARY G??FEw score=1.24344978758e-14 w=2 m=8
BOUNDARY G??FFw score=-5.3290705182e-15 w=2 m=9
BOUNDARY G??Ff_ score=1.7763568394e-15 w=2 m=8
BOUNDARY G??FfO score=1.24344978758e-14 w=2 m=8
BOUNDARY G??FeW score=1.42108547152e-14 w=2 m=8
BOUNDARY G??Ffo score=7.1054273576e-15 w=2 m=9
BOUNDARY G??FfW score=-1.06581410364e-14 w=2 m=9
BOUNDARY G??Ffw score=5.50670620214e-14 w=2 m=10
BOUNDARY G??Fvo score=7.1054273576e-15 w=2 m=10
BOUNDARY G??Fvg score=2.84217094304e-14 w=2 m=10
BOUNDARY G??Fvw score=2.6645352591e-14 w=2 m=11
BOUNDARY G??F~w score=-2.84217094304e-14 w=2 m=12
BOUNDARY G?AAE? score=-2.22044604925e-15 w=2 m=4
BOUNDARY G?ABB? score=3.5527136788e-15 w=2 m=5
BOUNDARY G?ABF? score=4.4408920985e-15 w=2 m=6
BOUNDARY G?ACKK score=3.5527136788e-15 w=4 m=6
BOUNDARY G?ABb_ score=-1.7763568394e-15 w=2 m=7
BOUNDARY G?ABf_ score=8.881784197e-15 w=2 m=8
BOUNDARY G?AFf_ score=1.7763568394e-15 w=2 m=9
BOUNDARY G?ABro score=0 w=2 m=9
BOUNDARY G?ABvo score=1.59872115546e-14 w=2 m=10
BOUNDARY G?AFvo score=-1.7763568394e-14 w=2 m=11
BOUNDARY G?BEF? score=9.7699626167e-15 w=2 m=7
BOUNDARY G?BE@o score=4.4408920985e-15 w=2 m=7
BOUNDARY G?BEF_ score=3.5527136788e-15 w=2 m=8
BOUNDARY G?BEDo score=1.42108547152e-14 w=2 m=8
BOUNDARY G?BEFo score=2.30926389122e-14 w=2 m=9
BOUNDARY G?B@e? score=2.6645352591e-15 w=2 m=6
BOUNDARY G?B@`g score=7.9936057773e-15 w=2 m=7
BOUNDARY G?B@f_ score=8.881784197e-15 w=2 m=8
BOUNDARY G?BFF? score=2.30926389122e-14 w=2 m=8
BOUNDARY G?B@po score=-1.7763568394e-15 w=2 m=8
BOUNDARY G?B@pw score=1.7763568394e-15 w=2 m=9
BOUNDARY G?B@vo score=2.48689957516e-14 w=2 m=10
BOUNDARY G?BFf_ score=1.06581410364e-14 w=2 m=10
BOUNDARY G?BDto score=2.13162820728e-14 w=2 m=10
BOUNDARY G?BFvo score=3.37507799486e-14 w=2 m=12
BOUNDARY G?BfF? score=0 w=2 m=9
BOUNDARY G?BfF_ score=1.7763568394e-15 w=2 m=10
BOUNDARY G?BfEo score=1.24344978758e-14 w=2 m=10
BOUNDARY G?Bf?{ score=-1.7763568394e-15 w=2 m=10
BOUNDARY G?BfFo score=3.19744231092e-14 w=2 m=11
BOUNDARY G?Bff_ score=7.1054273576e-15 w=2 m=11
BOUNDARY G?Beuo score=-1.7763568394e-15 w=2 m=11
BOUNDARY G?Bfvo score=1.59872115546e-14 w=2 m=13
BOUNDARY G?Bvf_ score=-7.1054273576e-15 w=2 m=12
BOUNDARY G?BvfO score=1.24344978758e-14 w=2 m=12
BOUNDARY G?Bvfo score=1.24344978758e-14 w=2 m=13
BOUNDARY G?Bvvo score=4.79616346638e-14 w=2 m=14
BOUNDARY G?B~vo score=3.5527136788e-14 w=2 m=15
BOUNDARY G?`CQG score=2.6645352591e-15 w=3 m=6
BOUNDARY G?`bF? score=-1.33226762955e-14 w=2 m=8
BOUNDARY G?`fF? score=-2.13162820728e-14 w=2 m=9
BOUNDARY G?aK[[ score=-8.881784197e-16 w=5 m=10
BOUNDARY G?`rb_ score=0 w=2 m=10
BOUNDARY G?`rf_ score=7.1054273576e-15 w=2 m=11
BOUNDARY G?`vf_ score=1.06581410364e-14 w=2 m=12
BOUNDARY G?r@`_ score=7.1054273576e-15 w=2 m=8
BOUNDARY G?r@eC score=8.881784197e-15 w=2 m=9
BOUNDARY G?r@f_ score=1.06581410364e-14 w=2 m=10
BOUNDARY G?rFf_ score=1.42108547152e-14 w=2 m=12
BOUNDARY G?rE]W score=5.3290705182e-15 w=3 m=12
BOUNDARY G?ovf_ score=2.13162820728e-14 w=2 m=12
BOUNDARY G?zfF_ score=-1.7763568394e-15 w=2 m=13
BOUNDARY G?zff_ score=8.881784197e-15 w=2 m=14
BOUNDARY G?zvf_ score=3.73034936274e-14 w=2 m=15
BOUNDARY G?~vf_ score=7.1054273576e-15 w=2 m=16
BOUNDARY GCe[{{ score=-1.11022302463e-15 w=6 m=15
BOUNDARY GQhTQg score=7.1054273576e-15 w=4 m=12
BOUNDARY GTm||{ score=-2.6645352591e-15 w=7 m=21
BOUNDARY G]~v~w score=3.5527136788e-14 w=4 m=24
checked=12346 violations=0 boundary(>-1e-06)=112 maxscore=5.50670620214e-14 maxg6=G??Ffw
