BOUNDARY H????A? score=-4.4408920985e-16 w=2 m=1
BOUNDARY H????B? score=-8.881784197e-16 w=2 m=2
BOUNDARY H????B_ score=4.4408920985e-16 w=2 m=3
BOUNDARY H????Bo score=-7.9936057773e-15 w=2 m=4
BOUNDARY H????Bw score=-5.3290705182e-15 w=2 m=5
BOUNDARY H????B{ score=-5.3290705182e-15 w=2 m=6
BOUNDARY H????B} score=-1.06581410364e-14 w=2 m=7
BOUNDARY H????B~ score=1.7763568394e-15 w=2 m=8
BOUNDARY H???C@? score=-8.881784197e-16 w=2 m=2
BOUNDARY H???CB? score=-3.5527136788e-15 w=2 m=3
BOUNDARY H???C@_ score=-1.33226762955e-15 w=2 m=3
BOUNDARY H???CA@ score=1.33226762955e-15 w=3 m=3
BOUNDARY H???CB_ score=-3.5527136788e-15 w=2 m=4
BOUNDARY H???C@o score=0 w=2 m=4
BOUNDARY H???CBo score=1.33226762955e-14 w=2 m=5
BOUNDARY H???C@w score=-7.9936057773e-15 w=2 m=5
BOUNDARY H???CBw score=-5.3290705182e-15 w=2 m=6
BOUNDARY H???C@{ score=-6.2172489379e-15 w=2 m=6
BOUNDARY H???CB{ score=2.22044604925e-14 w=2 m=7
BOUNDARY H???C@} score=-6.2172489379e-15 w=2 m=7
BOUNDARY H???CB} score=-9.7699626167e-15 w=2 m=8
BOUNDARY H???EB? score=3.5527136788e-15 w=2 m=4
BOUNDARY H???E?o score=-1.7763568394e-15 w=2 m=4
BOUNDARY H???EB_ score=-2.6645352591e-15 w=2 m=5
BOUNDARY H???EAo score=-1.7763568394e-15 w=2 m=5
BOUNDARY H???E?w score=-8.881784197e-16 w=2 m=5
BOUNDARY H???E?p score=7.1054273576e-15 w=2 m=5
BOUNDARY H???EBo score=7.9936057773e-15 w=2 m=6
BOUNDARY H???EAw score=1.95399252334e-14 w=2 m=6
BOUNDARY H???E?{ score=-8.881784197e-15 w=2 m=6
BOUNDARY H???E?x score=2.39808173319e-14 w=2 m=6
BOUNDARY H???EBw score=-3.5527136788e-15 w=2 m=7
BOUNDARY H???EA{ score=2.75335310107e-14 w=2 m=7
BOUNDARY H???E?} score=-6.2172489379e-15 w=2 m=7
BOUNDARY H???E?| score=3.5527136788e-15 w=2 m=7
BOUNDARY H???EB{ score=7.1054273576e-15 w=2 m=8
BOUNDARY H???EA} score=7.1054273576e-15 w=2 m=8
BOUNDARY H???E?~ score=5.3290705182e-15 w=2 m=8
BOUNDARY H???EB} score=1.95399252334e-14 w=2 m=9
BOUNDARY H???FB_ score=-8.881784197e-16 w=2 m=6
BOUNDARY H???FBO score=-5.3290705182e-15 w=2 m=6
BOUNDARY H???FAW score=8.881784197e-16 w=2 m=6
BOUNDARY H???F?[ score=8.881784197e-16 w=2 m=6
BOUNDARY H???FBo score=1.7763568394e-14 w=2 m=7
BOUNDARY H???FBW score=1.06581410364e-14 w=2 m=7
BOUNDARY H???FA[ score=7.9936057773e-15 w=2 m=7
BOUNDARY H???F?] score=-7.1054273576e-15 w=2 m=7
BOUNDARY H???F?\ score=2.22044604925e-14 w=2 m=7
BOUNDARY H???FBw score=2.13162820728e-14 w=2 m=8
BOUNDARY H???FB[ score=1.24344978758e-14 w=2 m=8
BOUNDARY H???FA] score=-5.3290705182e-15 w=2 m=8
BOUNDARY H???F?^ score=1.42108547152e-14 w=2 m=8
BOUNDARY H???FB{ score=-5.3290705182e-15 w=2 m=9
BOUNDARY H???FB] score=1.7763568394e-14 w=2 m=9
BOUNDARY H???FB} score=3.01980662698e-14 w=2 m=10
BOUNDARY H???Fbo score=1.7763568394e-15 w=2 m=8
BOUNDARY H???Fbg score=1.24344978758e-14 w=2 m=8
BOUNDARY H???FbK score=1.42108547152e-14 w=2 m=8
BOUNDARY H???FaM score=1.24344978758e-14 w=2 m=8
BOUNDARY H???Fbw score=7.1054273576e-15 w=2 m=9
BOUNDARY H???Fbk score=-1.06581410364e-14 w=2 m=9
BOUNDARY H???FbM score=-5.3290705182e-15 w=2 m=9
BOUNDARY H???Fb{ score=5.50670620214e-14 w=2 m=10
BOUNDARY H???Fbm score=8.881784197e-15 w=2 m=10
BOUNDARY H???Fb} score=2.13162820728e-14 w=2 m=11
BOUNDARY H???Frw score=7.1054273576e-15 w=2 m=10
BOUNDARY H???Frs score=2.84217094304e-14 w=2 m=10
BOUNDARY H???Fre score=3.5527136788e-15 w=2 m=10
BOUNDARY H???Fr{ score=2.6645352591e-14 w=2 m=11
BOUNDARY H???Fru score=-8.881784197e-15 w=2 m=11
BOUNDARY H???Fr} score=2.84217094304e-14 w=2 m=12
BOUNDARY H???Fz{ score=-2.84217094304e-14 w=2 m=12
BOUNDARY H???Fzy score=-5.3290705182e-15 w=2 m=12
BOUNDARY H???Fz} score=5.3290705182e-15 w=2 m=13
BOUNDARY H???F~} score=1.24344978758e-14 w=2 m=14
BOUNDARY H??CAB? score=-2.22044604925e-15 w=2 m=4
BOUNDARY H??CB@_ score=3.5527136788e-15 w=2 m=5
BOUNDARY H??CBB_ score=4.4408920985e-15 w=2 m=6
BOUNDARY H??CCEB score=3.5527136788e-15 w=4 m=6
BOUNDARY H??CB`o score=-1.7763568394e-15 w=2 m=7
BOUNDARY H??CBbo score=8.881784197e-15 w=2 m=8
BOUNDARY H??CFbo score=1.7763568394e-15 w=2 m=9
BOUNDARY H??CBpw score=0 w=2 m=9
BOUNDARY H??CBrw score=1.59872115546e-14 w=2 m=10
BOUNDARY H??CFrw score=-1.7763568394e-14 w=2 m=11
BOUNDARY H??CBx{ score=7.1054273576e-15 w=2 m=11
BOUNDARY H??CBz{ score=1.42108547152e-14 w=2 m=12
BOUNDARY H??CFz{ score=0 w=2 m=13
BOUNDARY H??EEB_ score=9.7699626167e-15 w=2 m=7
BOUNDARY H??EE?w score=4.4408920985e-15 w=2 m=7
BOUNDARY H??EEBo score=3.5527136788e-15 w=2 m=8
BOUNDARY H??EEAw score=1.42108547152e-14 w=2 m=8
BOUNDARY H??EE?{ score=-4.4408920985e-15 w=2 m=8
BOUNDARY H??EEBw score=2.30926389122e-14 w=2 m=9
BOUNDARY H??EEA{ score=-1.7763568394e-15 w=2 m=9
BOUNDARY H??EEB{ score=0 w=2 m=10
BOUNDARY H??E@b? score=2.6645352591e-15 w=2 m=6
BOUNDARY H??E@_q score=7.9936057773e-15 w=2 m=7
BOUNDARY H??E@bo score=8.881784197e-15 w=2 m=8
BOUNDARY H??EFB_ score=2.30926389122e-14 w=2 m=8
BOUNDARY H??E@ow score=-1.7763568394e-15 w=2 m=8
BOUNDARY H??E@oy score=1.7763568394e-15 w=2 m=9
BOUNDARY H??E@rw score=2.48689957516e-14 w=2 m=10
BOUNDARY H??EFbo score=1.06581410364e-14 w=2 m=10
BOUNDARY H??EDqw score=2.13162820728e-14 w=2 m=10
BOUNDARY H??E@w{ score=0 w=2 m=10
BOUNDARY H??E@w} score=4.08562073062e-14 w=2 m=11
BOUNDARY H??E@z{ score=7.1054273576e-15 w=2 m=12
BOUNDARY H??EFrw score=3.37507799486e-14 w=2 m=12
BOUNDARY H??EDy{ score=1.7763568394e-14 w=2 m=12
BOUNDARY H??E@{} score=1.06581410364e-14 w=2 m=12
BOUNDARY H??EFz{ score=8.52651282912e-14 w=2 m=14
BOUNDARY H??FFB_ score=0 w=2 m=9
BOUNDARY H??FFBo score=1.7763568394e-15 w=2 m=10
BOUNDARY H??FFBW score=1.24344978758e-14 w=2 m=10
BOUNDARY H??FFA[ score=2.84217094304e-14 w=2 m=10
BOUNDARY H??FF?Z score=-1.7763568394e-15 w=2 m=10
BOUNDARY H??FFBw score=3.19744231092e-14 w=2 m=11
BOUNDARY H??FFB[ score=1.42108547152e-14 w=2 m=11
BOUNDARY H??FF?^ score=7.1054273576e-15 w=2 m=11
BOUNDARY H??FFB{ score=-1.59872115546e-14 w=2 m=12
BOUNDARY H??F?z_ score=0 w=2 m=9
BOUNDARY H??F?w] score=3.37507799486e-14 w=2 m=10
BOUNDARY H??F?z{ score=1.7763568394e-14 w=2 m=12
BOUNDARY H??FFbo score=7.1054273576e-15 w=2 m=11
BOUNDARY H??FErW score=-1.7763568394e-15 w=2 m=11
BOUNDARY H??FCy[ score=4.08562073062e-14 w=2 m=11
BOUNDARY H??FFrw score=1.59872115546e-14 w=2 m=13
BOUNDARY H??FEz[ score=1.95399252334e-14 w=2 m=13
BOUNDARY H??FFz{ score=2.48689957516e-14 w=2 m=15
BOUNDARY H??Ffbo score=-7.1054273576e-15 w=2 m=12
BOUNDARY H??Ffbw score=1.24344978758e-14 w=2 m=13
BOUNDARY H??Ffbk score=8.881784197e-15 w=2 m=13
BOUNDARY H??Ffb{ score=3.01980662698e-14 w=2 m=14
BOUNDARY H??FfRo score=2.84217094304e-14 w=2 m=12
BOUNDARY H??FeZo score=2.48689957516e-14 w=2 m=12
BOUNDARY H??Ffrw score=4.79616346638e-14 w=2 m=14
BOUNDARY H??FfZk score=4.08562073062e-14 w=2 m=14
BOUNDARY H??Ffz{ score=3.19744231092e-14 w=2 m=16
BOUNDARY H??Fvrw score=3.5527136788e-14 w=2 m=15
BOUNDARY H??Fvrs score=5.3290705182e-15 w=2 m=15
BOUNDARY H??Fvr{ score=7.1054273576e-15 w=2 m=16
BOUNDARY H??Fvz{ score=3.5527136788e-14 w=2 m=17
BOUNDARY H??F~z{ score=3.5527136788e-15 w=2 m=18
BOUNDARY H?AACHA score=2.6645352591e-15 w=3 m=6
BOUNDARY H?ABBB_ score=-1.33226762955e-14 w=2 m=8
BOUNDARY H?ABFB_ score=-2.13162820728e-14 w=2 m=9
BOUNDARY H?ACKMF score=-8.881784197e-16 w=5 m=10
BOUNDARY H?ABb`o score=0 w=2 m=10
BOUNDARY H?ABbbo score=7.1054273576e-15 w=2 m=11
BOUNDARY H?ABfbo score=1.06581410364e-14 w=2 m=12
BOUNDARY H?ABrpw score=-7.1054273576e-15 w=2 m=13
BOUNDARY H?ABrrw score=7.1054273576e-15 w=2 m=14
BOUNDARY H?ABvrw score=8.881784197e-15 w=2 m=15
BOUNDARY H?AFvrw score=3.19744231092e-14 w=2 m=16
BOUNDARY H?BE@_o score=7.1054273576e-15 w=2 m=8
BOUNDARY H?BE@b@ score=8.881784197e-15 w=2 m=9
BOUNDARY H?BE@bo score=1.06581410364e-14 w=2 m=10
BOUNDARY H?BE@ow score=1.7763568394e-15 w=2 m=10
BOUNDARY H?BE@rw score=1.7763568394e-14 w=2 m=12
BOUNDARY H?BEFbo score=1.42108547152e-14 w=2 m=12
BOUNDARY H?BEENE score=5.3290705182e-15 w=3 m=12
BOUNDARY H?BEFrw score=3.73034936274e-14 w=2 m=14
BOUNDARY H?B@fbo score=2.13162820728e-14 w=2 m=12
BOUNDARY H?B@pow score=0 w=2 m=11
BOUNDARY H?B@po{ score=1.7763568394e-15 w=2 m=12
BOUNDARY H?B@prB score=4.08562073062e-14 w=2 m=12
BOUNDARY H?B@prw score=1.59872115546e-14 w=2 m=13
BOUNDARY H?B@vrw score=1.24344978758e-14 w=2 m=15
BOUNDARY H?BFvrw score=3.5527136788e-15 w=2 m=17
BOUNDARY H?BfFBo score=-1.7763568394e-15 w=2 m=13
BOUNDARY H?BfFBW score=3.5527136788e-15 w=2 m=13
BOUNDARY H?BfFBw score=1.7763568394e-14 w=2 m=14
BOUNDARY H?BfFbo score=8.881784197e-15 w=2 m=14
BOUNDARY H?BfFrw score=-1.06581410364e-14 w=2 m=16
BOUNDARY H?Bffbo score=3.73034936274e-14 w=2 m=15
BOUNDARY H?Bfvrw score=3.5527136788e-15 w=2 m=18
BOUNDARY H?Bvfbo score=7.1054273576e-15 w=2 m=16
BOUNDARY H?Bvfbw score=1.06581410364e-14 w=2 m=17
BOUNDARY H?Bvfrw score=6.39488462184e-14 w=2 m=18
BOUNDARY H?Bvvrw score=-1.42108547152e-14 w=2 m=19
BOUNDARY H?B~vrw score=1.06581410364e-14 w=2 m=20
BOUNDARY H?aK[]N score=-1.11022302463e-15 w=6 m=15
BOUNDARY H?`rbbo score=3.5527136788e-14 w=2 m=14
BOUNDARY H?`rfbo score=6.39488462184e-14 w=2 m=15
BOUNDARY H?`vfbo score=-2.48689957516e-14 w=2 m=16
BOUNDARY H?r@`bo score=1.06581410364e-14 w=2 m=12
BOUNDARY H?r@fbo score=1.24344978758e-14 w=2 m=14
BOUNDARY H?ovfbo score=2.13162820728e-14 w=2 m=16
BOUNDARY HCQQShI score=7.1054273576e-15 w=4 m=12
BOUNDARY HCdbBLe score=8.43769498715e-15 w=3 m=15
BOUNDARY HCe[{}^ score=-2.6645352591e-15 w=7 m=21
BOUNDARY HEr]u~] score=3.5527136788e-14 w=4 m=24
BOUNDARY HFzf~z{ score=7.4162898045e-14 w=3 m=27
BOUNDARY HTm||}~ score=0 w=8 m=28
checked=274668 violations=0 boundary(>-1e-06)=195 maxscore=8.52651282912e-14 maxg6=H??EFz{
