BOUNDARY J???FB_wF_? score=-1.7763568394e-15 w=2 m=13
BOUNDARY J???FB_wEo? score=3.5527136788e-15 w=2 m=13
BOUNDARY J???FB_w?{? score=-7.1054273576e-15 w=2 m=13
BOUNDARY J???FB_wFo? score=1.7763568394e-14 w=2 m=14
BOUNDARY J???FB_wEw? score=2.84217094304e-14 w=2 m=14
BOUNDARY J???FB_wC{? score=1.7763568394e-14 w=2 m=14
BOUNDARY J???FB_wFw? score=4.26325641456e-14 w=2 m=15
BOUNDARY J???FB_wE{? score=1.06581410364e-14 w=2 m=15
BOUNDARY J???FB_wF{? score=-1.24344978758e-14 w=2 m=16
BOUNDARY J???FB_FF?? score=0 w=2 m=12
BOUNDARY J???FB_F?w? score=-1.7763568394e-15 w=2 m=12
BOUNDARY J???FB_FF?_ score=2.13162820728e-14 w=2 m=13
BOUNDARY J???FB_F?z? score=6.39488462184e-14 w=2 m=14
BOUNDARY J???FB_FFw? score=4.26325641456e-14 w=2 m=15
BOUNDARY J???FB_{F_? score=8.881784197e-15 w=2 m=14
BOUNDARY J???FB_F_{? score=0 w=2 m=14
BOUNDARY J???FB_F_~? score=1.06581410364e-14 w=2 m=16
BOUNDARY J???FB_Ff{? score=5.3290705182e-14 w=2 m=17
BOUNDARY J???FB_}Fo? score=-1.06581410364e-14 w=2 m=16
BOUNDARY J???FB_vEw? score=4.61852778244e-14 w=2 m=16
BOUNDARY J???FB_fc{? score=1.7763568394e-14 w=2 m=16
BOUNDARY J???FB_FWz? score=2.13162820728e-14 w=2 m=16
BOUNDARY J???FB_~Fw? score=3.19744231092e-14 w=2 m=18
BOUNDARY J???FB_ve{? score=1.06581410364e-14 w=2 m=18
BOUNDARY J???FB_Fw~? score=3.5527136788e-14 w=2 m=18
BOUNDARY J???FB_~f{? score=3.5527136788e-15 w=2 m=20
BOUNDARY J???F?[~Fw? score=3.19744231092e-14 w=2 m=18
BOUNDARY J???FBo{F_? score=3.73034936274e-14 w=2 m=15
BOUNDARY J???F?]F_{? score=-7.1054273576e-15 w=2 m=15
BOUNDARY J???F?]F_}? score=2.13162820728e-14 w=2 m=16
BOUNDARY J???F?]Ff@_ score=-5.3290705182e-15 w=2 m=16
BOUNDARY J???F?]Ff{? score=2.84217094304e-14 w=2 m=18
BOUNDARY J???F?]~f{? score=4.97379915032e-14 w=2 m=21
BOUNDARY J???FBw}Fo? score=3.5527136788e-15 w=2 m=18
BOUNDARY J???FB[vEw? score=3.5527136788e-15 w=2 m=18
BOUNDARY J???FA]fc{? score=-2.84217094304e-14 w=2 m=18
BOUNDARY J???FB{~Fw? score=8.17124146124e-14 w=2 m=21
BOUNDARY J???FB]ve{? score=9.59232693276e-14 w=2 m=21
BOUNDARY J???FB}~f{? score=2.48689957516e-14 w=2 m=24
BOUNDARY J??CCEB_{F_ score=-1.11022302463e-15 w=6 m=15
BOUNDARY J??CBx{^Bw? score=1.06581410364e-14 w=2 m=21
BOUNDARY J??CBx{^Fw? score=4.97379915032e-14 w=2 m=22
BOUNDARY J??CBx{~Fw? score=6.39488462184e-14 w=2 m=23
BOUNDARY J??CBz{~Fw? score=3.5527136788e-14 w=2 m=24
BOUNDARY J??E@w{N@w? score=7.1054273576e-15 w=2 m=18
BOUNDARY J??E@w{N@{? score=-3.5527136788e-14 w=2 m=19
BOUNDARY J??E@w{NEB_ score=8.881784197e-14 w=2 m=19
BOUNDARY J??E@w{NFw? score=1.42108547152e-14 w=2 m=20
BOUNDARY J??E@w{N`{? score=7.1054273576e-15 w=2 m=20
BOUNDARY J??E@w{~Fw? score=8.52651282912e-14 w=2 m=22
BOUNDARY J??E@z{~Fw? score=5.3290705182e-14 w=2 m=24
BOUNDARY J??F?z_FF?? score=0 w=2 m=15
BOUNDARY J??F?z_F?F_ score=5.68434188608e-14 w=2 m=16
BOUNDARY J??F?z_F?|? score=6.03961325396e-14 w=2 m=17
BOUNDARY J??F?z_FFw? score=3.5527136788e-14 w=2 m=18
BOUNDARY J??F?z_Fg|? score=1.10134124043e-13 w=2 m=19
BOUNDARY J??F?z_~Fw? score=2.13162820728e-14 w=2 m=21
BOUNDARY J??F?z{~Fw? score=1.42108547152e-14 w=2 m=24
BOUNDARY J?BfFBfxvM? score=7.4162898045e-14 w=3 m=27
checked=121592284 violations=0 boundary(>-1e-06)=59 maxscore=1.10134124043e-13 maxg6=J??F?z_Fg|?
