BOUNDARY J???????C?? score=-4.4408920985e-16 w=2 m=1
BOUNDARY J???????E?? score=-8.881784197e-16 w=2 m=2
BOUNDARY J???????F?? score=4.4408920985e-16 w=2 m=3
BOUNDARY J???????F_? score=-7.9936057773e-15 w=2 m=4
BOUNDARY J???????Fo? score=-5.3290705182e-15 w=2 m=5
BOUNDARY J???????Fw? score=-5.3290705182e-15 w=2 m=6
BOUNDARY J???????F{? score=-1.06581410364e-14 w=2 m=7
BOUNDARY J???????F}? score=1.7763568394e-15 w=2 m=8
BOUNDARY J???????F~? score=1.42108547152e-14 w=2 m=9
BOUNDARY J???????F~_ score=-1.7763568394e-15 w=2 m=10
BOUNDARY J??????_A?? score=-8.881784197e-16 w=2 m=2
BOUNDARY J??????_E?? score=-3.5527136788e-15 w=2 m=3
BOUNDARY J??????_B?? score=-1.33226762955e-15 w=2 m=3
BOUNDARY J??????_C?_ score=1.33226762955e-15 w=3 m=3
BOUNDARY J??????_F?? score=-3.5527136788e-15 w=2 m=4
BOUNDARY J??????_B_? score=0 w=2 m=4
BOUNDARY J??????_F_? score=1.33226762955e-14 w=2 m=5
BOUNDARY J??????_Bo? score=-7.9936057773e-15 w=2 m=5
BOUNDARY J??????_Fo? score=-5.3290705182e-15 w=2 m=6
BOUNDARY J??????_Bw? score=-6.2172489379e-15 w=2 m=6
BOUNDARY J??????_Fw? score=2.22044604925e-14 w=2 m=7
BOUNDARY J??????_B{? score=-6.2172489379e-15 w=2 m=7
BOUNDARY J??????_F{? score=-9.7699626167e-15 w=2 m=8
BOUNDARY J??????_B}? score=-1.15463194561e-14 w=2 m=8
BOUNDARY J??????_F}? score=3.5527136788e-14 w=2 m=9
BOUNDARY J??????_B~? score=0 w=2 m=9
BOUNDARY J??????_F~? score=3.5527136788e-15 w=2 m=10
BOUNDARY J??????oE?? score=3.5527136788e-15 w=2 m=4
BOUNDARY J??????o@_? score=-1.7763568394e-15 w=2 m=4
BOUNDARY J??????oF?? score=-2.6645352591e-15 w=2 m=5
BOUNDARY J??????oD_? score=-1.7763568394e-15 w=2 m=5
BOUNDARY J??????o@o? score=-8.881784197e-16 w=2 m=5
BOUNDARY J??????o@__ score=7.1054273576e-15 w=2 m=5
BOUNDARY J??????oF_? score=7.9936057773e-15 w=2 m=6
BOUNDARY J??????oDo? score=1.95399252334e-14 w=2 m=6
BOUNDARY J??????o@w? score=-8.881784197e-15 w=2 m=6
BOUNDARY J??????o@o_ score=2.39808173319e-14 w=2 m=6
BOUNDARY J??????oFo? score=-3.5527136788e-15 w=2 m=7
BOUNDARY J??????oDw? score=2.75335310107e-14 w=2 m=7
BOUNDARY J??????o@{? score=-6.2172489379e-15 w=2 m=7
BOUNDARY J??????o@w_ score=3.5527136788e-15 w=2 m=7
BOUNDARY J??????oFw? score=7.1054273576e-15 w=2 m=8
BOUNDARY J??????oD{? score=7.1054273576e-15 w=2 m=8
BOUNDARY J??????o@}? score=-6.2172489379e-15 w=2 m=8
BOUNDARY J??????o@{_ score=5.3290705182e-15 w=2 m=8
BOUNDARY J??????oF{? score=1.95399252334e-14 w=2 m=9
BOUNDARY J??????oD}? score=-1.7763568394e-15 w=2 m=9
BOUNDARY J??????o@~? score=-1.24344978758e-14 w=2 m=9
BOUNDARY J??????o@}_ score=8.881784197e-15 w=2 m=9
BOUNDARY J??????oF}? score=4.26325641456e-14 w=2 m=10
BOUNDARY J??????oD~? score=1.24344978758e-14 w=2 m=10
BOUNDARY J??????o@~_ score=8.881784197e-15 w=2 m=10
BOUNDARY J??????oF~? score=3.73034936274e-14 w=2 m=11
BOUNDARY J??????wF?? score=-8.881784197e-16 w=2 m=6
BOUNDARY J??????wE_? score=-5.3290705182e-15 w=2 m=6
BOUNDARY J??????wCo? score=8.881784197e-16 w=2 m=6
BOUNDARY J??????w?w? score=8.881784197e-16 w=2 m=6
BOUNDARY J??????wF_? score=1.7763568394e-14 w=2 m=7
BOUNDARY J??????wEo? score=1.06581410364e-14 w=2 m=7
BOUNDARY J??????wCw? score=7.9936057773e-15 w=2 m=7
BOUNDARY J??????w?{? score=-7.1054273576e-15 w=2 m=7
BOUNDARY J??????w?w_ score=2.22044604925e-14 w=2 m=7
BOUNDARY J??????wFo? score=2.13162820728e-14 w=2 m=8
BOUNDARY J??????wEw? score=1.24344978758e-14 w=2 m=8
BOUNDARY J??????wC{? score=-5.3290705182e-15 w=2 m=8
BOUNDARY J??????w?}? score=-5.3290705182e-15 w=2 m=8
BOUNDARY J??????w?{_ score=1.42108547152e-14 w=2 m=8
BOUNDARY J??????wFw? score=-5.3290705182e-15 w=2 m=9
BOUNDARY J??????wE{? score=1.7763568394e-14 w=2 m=9
BOUNDARY J??????wC}? score=5.3290705182e-15 w=2 m=9
BOUNDARY J??????w?~? score=-5.3290705182e-15 w=2 m=9
BOUNDARY J??????w?}_ score=1.06581410364e-14 w=2 m=9
BOUNDARY J??????wF{? score=3.01980662698e-14 w=2 m=10
BOUNDARY J??????wE}? score=2.30926389122e-14 w=2 m=10
BOUNDARY J??????wC~? score=4.79616346638e-14 w=2 m=10
BOUNDARY J??????w?~_ score=2.13162820728e-14 w=2 m=10
BOUNDARY J??????wF}? score=-2.13162820728e-14 w=2 m=11
BOUNDARY J??????wE~? score=2.13162820728e-14 w=2 m=11
BOUNDARY J??????wF~? score=5.3290705182e-15 w=2 m=12
BOUNDARY J??????{F_? score=1.7763568394e-15 w=2 m=8
BOUNDARY J??????{FO? score=1.24344978758e-14 w=2 m=8
BOUNDARY J??????{EW? score=1.42108547152e-14 w=2 m=8
BOUNDARY J??????{C[? score=1.24344978758e-14 w=2 m=8
BOUNDARY J??????{?]? score=-1.59872115546e-14 w=2 m=8
BOUNDARY J??????{Fo? score=7.1054273576e-15 w=2 m=9
BOUNDARY J??????{FW? score=-1.06581410364e-14 w=2 m=9
BOUNDARY J??????{E[? score=-5.3290705182e-15 w=2 m=9
BOUNDARY J??????{C]? score=2.30926389122e-14 w=2 m=9
BOUNDARY J??????{?^? score=-1.42108547152e-14 w=2 m=9
BOUNDARY J??????{?]_ score=8.881784197e-15 w=2 m=9
BOUNDARY J??????{Fw? score=5.50670620214e-14 w=2 m=10
BOUNDARY J??????{F[? score=8.881784197e-15 w=2 m=10
BOUNDARY J??????{E]? score=-1.24344978758e-14 w=2 m=10
BOUNDARY J??????{C^? score=5.3290705182e-15 w=2 m=10
BOUNDARY J??????{?^_ score=3.37507799486e-14 w=2 m=10
BOUNDARY J??????{F{? score=2.13162820728e-14 w=2 m=11
BOUNDARY J??????{F]? score=3.5527136788e-14 w=2 m=11
BOUNDARY J??????{E^? score=1.95399252334e-14 w=2 m=11
BOUNDARY J??????{F}? score=-3.5527136788e-15 w=2 m=12
BOUNDARY J??????{F^? score=-3.5527136788e-15 w=2 m=12
BOUNDARY J??????{F~? score=2.13162820728e-14 w=2 m=13
BOUNDARY J??????}Fo? score=7.1054273576e-15 w=2 m=10
BOUNDARY J??????}Fg? score=2.84217094304e-14 w=2 m=10
BOUNDARY J??????}FK? score=3.5527136788e-15 w=2 m=10
BOUNDARY J??????}EM? score=-1.42108547152e-14 w=2 m=10
BOUNDARY J??????}CN? score=1.06581410364e-14 w=2 m=10
BOUNDARY J??????}Fw? score=2.6645352591e-14 w=2 m=11
BOUNDARY J??????}Fk? score=-8.881784197e-15 w=2 m=11
BOUNDARY J??????}FM? score=3.37507799486e-14 w=2 m=11
BOUNDARY J??????}EN? score=1.95399252334e-14 w=2 m=11
BOUNDARY J??????}F{? score=2.84217094304e-14 w=2 m=12
BOUNDARY J??????}Fm? score=1.59872115546e-14 w=2 m=12
BOUNDARY J??????}FN? score=2.84217094304e-14 w=2 m=12
BOUNDARY J??????}F}? score=3.19744231092e-14 w=2 m=13
BOUNDARY J??????}Fn? score=4.97379915032e-14 w=2 m=13
BOUNDARY J??????}F~? score=2.13162820728e-14 w=2 m=14
BOUNDARY J??????~Fw? score=-2.84217094304e-14 w=2 m=12
BOUNDARY J??????~Fs? score=-5.3290705182e-15 w=2 m=12
BOUNDARY J??????~Fe? score=1.42108547152e-14 w=2 m=12
BOUNDARY J??????~FF? score=5.3290705182e-15 w=2 m=12
BOUNDARY J??????~F{? score=5.3290705182e-15 w=2 m=13
BOUNDARY J??????~Fu? score=1.7763568394e-15 w=2 m=13
BOUNDARY J??????~Ff? score=3.73034936274e-14 w=2 m=13
BOUNDARY J??????~F}? score=1.59872115546e-14 w=2 m=14
BOUNDARY J??????~Fv? score=0 w=2 m=14
BOUNDARY J??????~F~? score=8.881784197e-15 w=2 m=15
BOUNDARY J??????~f{? score=1.24344978758e-14 w=2 m=14
BOUNDARY J??????~fy? score=2.84217094304e-14 w=2 m=14
BOUNDARY J??????~fr? score=1.95399252334e-14 w=2 m=14
BOUNDARY J??????~f}? score=1.59872115546e-14 w=2 m=15
BOUNDARY J??????~fz? score=2.30926389122e-14 w=2 m=15
BOUNDARY J??????~f~? score=5.68434188608e-14 w=2 m=16
BOUNDARY J??????~v}? score=-2.48689957516e-14 w=2 m=16
BOUNDARY J??????~v|? score=9.59232693276e-14 w=2 m=16
BOUNDARY J??????~v~? score=-4.26325641456e-14 w=2 m=17
BOUNDARY J??????~~~? score=-1.06581410364e-14 w=2 m=18
BOUNDARY J????A?OE?? score=-2.22044604925e-15 w=2 m=4
BOUNDARY J????A?WB?? score=3.5527136788e-15 w=2 m=5
BOUNDARY J????A?WF?? score=4.4408920985e-15 w=2 m=6
BOUNDARY J????A?_K@_ score=3.5527136788e-15 w=4 m=6
BOUNDARY J????A?[B_? score=-1.7763568394e-15 w=2 m=7
BOUNDARY J????A?[F_? score=8.881784197e-15 w=2 m=8
BOUNDARY J????A?{F_? score=1.7763568394e-15 w=2 m=9
BOUNDARY J????A?]Bo? score=0 w=2 m=9
BOUNDARY J????A?]Fo? score=1.59872115546e-14 w=2 m=10
BOUNDARY J????A?}Fo? score=-1.7763568394e-14 w=2 m=11
BOUNDARY J????A?^Bw? score=7.1054273576e-15 w=2 m=11
BOUNDARY J????A?^Fw? score=1.42108547152e-14 w=2 m=12
BOUNDARY J????A?~Fw? score=0 w=2 m=13
BOUNDARY J????A?^b{? score=-3.01980662698e-14 w=2 m=13
BOUNDARY J????A?^f{? score=3.73034936274e-14 w=2 m=14
BOUNDARY J????A?~f{? score=1.59872115546e-14 w=2 m=15
BOUNDARY J????A?^r}? score=1.24344978758e-14 w=2 m=15
BOUNDARY J????A?^v}? score=5.3290705182e-14 w=2 m=16
BOUNDARY J????A?~v}? score=1.06581410364e-14 w=2 m=17
BOUNDARY J????B?oF?? score=9.7699626167e-15 w=2 m=7
BOUNDARY J????B?o@o? score=4.4408920985e-15 w=2 m=7
BOUNDARY J????B?oF_? score=3.5527136788e-15 w=2 m=8
BOUNDARY J????B?oDo? score=1.42108547152e-14 w=2 m=8
BOUNDARY J????B?o@w? score=-4.4408920985e-15 w=2 m=8
BOUNDARY J????B?oFo? score=2.30926389122e-14 w=2 m=9
BOUNDARY J????B?oDw? score=-1.7763568394e-15 w=2 m=9
BOUNDARY J????B?o@{? score=-1.7763568394e-15 w=2 m=9
BOUNDARY J????B?oFw? score=0 w=2 m=10
BOUNDARY J????B?oD{? score=-5.3290705182e-15 w=2 m=10
BOUNDARY J????B?o@}? score=-1.7763568394e-15 w=2 m=10
BOUNDARY J????B?oF{? score=2.30926389122e-14 w=2 m=11
BOUNDARY J????B?oD}? score=3.01980662698e-14 w=2 m=11
BOUNDARY J????B?oF}? score=2.48689957516e-14 w=2 m=12
BOUNDARY J????B?KE?? score=2.6645352591e-15 w=2 m=6
BOUNDARY J????B?K@`? score=7.9936057773e-15 w=2 m=7
BOUNDARY J????B?KF_? score=8.881784197e-15 w=2 m=8
BOUNDARY J????B?wF?? score=2.30926389122e-14 w=2 m=8
BOUNDARY J????B?M@o? score=-1.7763568394e-15 w=2 m=8
BOUNDARY J????B?M@p? score=1.7763568394e-15 w=2 m=9
BOUNDARY J????B?MFo? score=2.48689957516e-14 w=2 m=10
BOUNDARY J????B?{F_? score=1.06581410364e-14 w=2 m=10
BOUNDARY J????B?mDo? score=2.13162820728e-14 w=2 m=10
BOUNDARY J????B?N@w? score=0 w=2 m=10
BOUNDARY J????B?N@x? score=4.08562073062e-14 w=2 m=11
BOUNDARY J????B?NFw? score=7.1054273576e-15 w=2 m=12
BOUNDARY J????B?}Fo? score=3.37507799486e-14 w=2 m=12
BOUNDARY J????B?nDw? score=1.7763568394e-14 w=2 m=12
BOUNDARY J????B?N`{? score=5.3290705182e-15 w=2 m=12
BOUNDARY J????B?N`|? score=2.48689957516e-14 w=2 m=13
BOUNDARY J????B?Nf{? score=2.84217094304e-14 w=2 m=14
BOUNDARY J????B?NHx? score=1.06581410364e-14 w=2 m=12
BOUNDARY J????B?~Fw? score=8.52651282912e-14 w=2 m=14
BOUNDARY J????B?nd{? score=7.1054273576e-15 w=2 m=14
BOUNDARY J????B?Np}? score=-3.01980662698e-14 w=2 m=14
BOUNDARY J????B?Np~? score=1.95399252334e-14 w=2 m=15
BOUNDARY J????B?Nv}? score=-1.42108547152e-14 w=2 m=16
BOUNDARY J????B?Nh|? score=3.37507799486e-14 w=2 m=14
BOUNDARY J????B?~f{? score=5.68434188608e-14 w=2 m=16
BOUNDARY J????B?nt}? score=2.48689957516e-14 w=2 m=16
BOUNDARY J????B?Nx~? score=2.48689957516e-14 w=2 m=16
BOUNDARY J????B?~v}? score=0 w=2 m=18
BOUNDARY J????B_wF?? score=0 w=2 m=9
BOUNDARY J????B_w?w? score=0 w=2 m=9
BOUNDARY J????B_wF_? score=1.7763568394e-15 w=2 m=10
BOUNDARY J????B_wEo? score=1.24344978758e-14 w=2 m=10
BOUNDARY J????B_wCw? score=2.84217094304e-14 w=2 m=10
BOUNDARY J????B_w?{? score=-8.881784197e-15 w=2 m=10
BOUNDARY J????B_w?p_ score=-1.7763568394e-15 w=2 m=10
BOUNDARY J????B_wFo? score=3.19744231092e-14 w=2 m=11
BOUNDARY J????B_wEw? score=1.42108547152e-14 w=2 m=11
BOUNDARY J????B_wC{? score=-3.5527136788e-15 w=2 m=11
BOUNDARY J????B_w?}? score=-7.1054273576e-15 w=2 m=11
BOUNDARY J????B_w?|? score=1.7763568394e-15 w=2 m=11
BOUNDARY J????B_w?x_ score=7.1054273576e-15 w=2 m=11
BOUNDARY J????B_wFw? score=-1.59872115546e-14 w=2 m=12
BOUNDARY J????B_wE{? score=0 w=2 m=12
BOUNDARY J????B_wC}? score=1.7763568394e-14 w=2 m=12
BOUNDARY J????B_w?~? score=3.19744231092e-14 w=2 m=12
BOUNDARY J????B_w?|_ score=5.15143483426e-14 w=2 m=12
BOUNDARY J????B_wF{? score=5.86197757002e-14 w=2 m=13
BOUNDARY J????B_wE}? score=1.7763568394e-15 w=2 m=13
BOUNDARY J????B_w?~_ score=4.4408920985e-14 w=2 m=13
BOUNDARY J????B_wF}? score=4.08562073062e-14 w=2 m=14
BOUNDARY J????B_F?x? score=3.37507799486e-14 w=2 m=10
BOUNDARY J????B_FFw? score=1.7763568394e-14 w=2 m=12
BOUNDARY J????B_{F_? score=7.1054273576e-15 w=2 m=11
BOUNDARY J????B_uEo? score=-1.7763568394e-15 w=2 m=11
BOUNDARY J????B_fCw? score=4.08562073062e-14 w=2 m=11
BOUNDARY J????B_F_{? score=1.7763568394e-15 w=2 m=11
BOUNDARY J????B_F_|? score=1.95399252334e-14 w=2 m=12
BOUNDARY J????B_Ff{? score=4.61852778244e-14 w=2 m=14
BOUNDARY J????B_}Fo? score=1.59872115546e-14 w=2 m=13
BOUNDARY J????B_vEw? score=1.95399252334e-14 w=2 m=13
BOUNDARY J????B_fc{? score=-2.13162820728e-14 w=2 m=13
BOUNDARY J????B_Fo}? score=7.1054273576e-15 w=2 m=13
BOUNDARY J????B_Fo~? score=6.39488462184e-14 w=2 m=14
BOUNDARY J????B_Fv}? score=2.84217094304e-14 w=2 m=16
BOUNDARY J????B_~Fw? score=2.48689957516e-14 w=2 m=15
BOUNDARY J????B_ve{? score=3.37507799486e-14 w=2 m=15
BOUNDARY J????B_fs}? score=4.4408920985e-14 w=2 m=15
BOUNDARY J????B_Fw~? score=1.7763568394e-14 w=2 m=15
BOUNDARY J????B_~f{? score=-1.06581410364e-14 w=2 m=17
BOUNDARY J????B_vu}? score=5.68434188608e-14 w=2 m=17
BOUNDARY J????B_~v}? score=-1.06581410364e-14 w=2 m=19
BOUNDARY J????Bo{F_? score=-7.1054273576e-15 w=2 m=12
BOUNDARY J????Bo{EW? score=-8.881784197e-15 w=2 m=12
BOUNDARY J????Bo{C[? score=1.7763568394e-15 w=2 m=12
BOUNDARY J????Bo{Fo? score=1.24344978758e-14 w=2 m=13
BOUNDARY J????Bo{FW? score=8.881784197e-15 w=2 m=13
BOUNDARY J????Bo{E[? score=-1.7763568394e-14 w=2 m=13
BOUNDARY J????Bo{C]? score=3.5527136788e-14 w=2 m=13
BOUNDARY J????Bo{?\_ score=2.30926389122e-14 w=2 m=13
BOUNDARY J????Bo{Fw? score=3.01980662698e-14 w=2 m=14
BOUNDARY J????Bo{F[? score=3.5527136788e-15 w=2 m=14
BOUNDARY J????Bo{E]? score=-5.3290705182e-15 w=2 m=14
BOUNDARY J????Bo{?^_ score=-7.1054273576e-15 w=2 m=14
BOUNDARY J????Bo{F{? score=2.6645352591e-14 w=2 m=15
BOUNDARY J????Bo{F]? score=5.3290705182e-15 w=2 m=15
BOUNDARY J????Bo{F}? score=3.5527136788e-15 w=2 m=16
BOUNDARY J????BoyF_? score=2.84217094304e-14 w=2 m=12
BOUNDARY J????BoBv_? score=-7.1054273576e-15 w=2 m=12
BOUNDARY J????BoBo^? score=6.57252030578e-14 w=2 m=13
BOUNDARY J????BoBv}? score=-5.3290705182e-15 w=2 m=16
BOUNDARY J????Bo}Fo? score=4.79616346638e-14 w=2 m=14
BOUNDARY J????BozFW? score=4.08562073062e-14 w=2 m=14
BOUNDARY J????Bore[? score=1.24344978758e-14 w=2 m=14
BOUNDARY J????Bobs]? score=5.15143483426e-14 w=2 m=14
BOUNDARY J????Bo~Fw? score=3.19744231092e-14 w=2 m=16
BOUNDARY J????Bozf[? score=1.7763568394e-14 w=2 m=16
BOUNDARY J????Boru]? score=-1.95399252334e-14 w=2 m=16
BOUNDARY J????Bo~f{? score=1.06581410364e-13 w=2 m=18
BOUNDARY J????Bozv]? score=7.81597009336e-14 w=2 m=18
BOUNDARY J????Bo~v}? score=4.26325641456e-14 w=2 m=20
BOUNDARY J????Bw}Fo? score=3.5527136788e-14 w=2 m=15
BOUNDARY J????Bw}FK? score=1.59872115546e-14 w=2 m=15
BOUNDARY J????Bw}Fw? score=7.1054273576e-15 w=2 m=16
BOUNDARY J????Bw}Fk? score=2.84217094304e-14 w=2 m=16
BOUNDARY J????Bw}FM? score=3.5527136788e-15 w=2 m=16
BOUNDARY J????Bw}F{? score=2.13162820728e-14 w=2 m=17
BOUNDARY J????Bw}Fm? score=2.84217094304e-14 w=2 m=17
BOUNDARY J????Bw}F}? score=9.23705556488e-14 w=2 m=18
BOUNDARY J????Bw|Fo? score=1.06581410364e-14 w=2 m=15
BOUNDARY J????Bwpvo? score=3.19744231092e-14 w=2 m=15
BOUNDARY J????Bw~Fw? score=3.5527136788e-14 w=2 m=17
BOUNDARY J????Bw|fk? score=1.7763568394e-14 w=2 m=17
BOUNDARY J????BwxvM? score=0 w=2 m=17
BOUNDARY J????Bw~f{? score=6.39488462184e-14 w=2 m=19
BOUNDARY J????Bw|vm? score=-2.84217094304e-14 w=2 m=19
BOUNDARY J????Bw~v}? score=5.3290705182e-14 w=2 m=21
BOUNDARY J????B{~Fw? score=3.5527136788e-15 w=2 m=18
BOUNDARY J????B{~F{? score=3.19744231092e-14 w=2 m=19
BOUNDARY J????B{~Fu? score=5.68434188608e-14 w=2 m=19
BOUNDARY J????B{~F}? score=-6.75015598972e-14 w=2 m=20
BOUNDARY J????B{}fw? score=2.48689957516e-14 w=2 m=18
BOUNDARY J????B{{vw? score=-1.42108547152e-14 w=2 m=18
BOUNDARY J????B{~f{? score=7.1054273576e-15 w=2 m=20
BOUNDARY J????B{}vu? score=5.3290705182e-14 w=2 m=20
BOUNDARY J????B{~v}? score=8.881784197e-14 w=2 m=22
BOUNDARY J????B}~f{? score=2.13162820728e-14 w=2 m=21
BOUNDARY J????B}~fy? score=1.42108547152e-14 w=2 m=21
BOUNDARY J????B}~f}? score=2.84217094304e-14 w=2 m=22
BOUNDARY J????B}~v}? score=7.46069872548e-14 w=2 m=23
BOUNDARY J????B~~v}? score=-6.39488462184e-14 w=2 m=24
BOUNDARY J??CBpw]Bo? score=7.1054273576e-15 w=2 m=17
BOUNDARY J??CBpw]Fo? score=1.42108547152e-14 w=2 m=18
BOUNDARY J??CBpw}Fo? score=2.13162820728e-14 w=2 m=19
BOUNDARY J??CBrw}Fo? score=2.13162820728e-14 w=2 m=20
BOUNDARY J??EE?oKF_? score=1.06581410364e-14 w=2 m=12
BOUNDARY J??EE?o{F_? score=1.24344978758e-14 w=2 m=14
BOUNDARY J??EE?wM@o? score=3.5527136788e-15 w=2 m=13
BOUNDARY J??EE?wME@_ score=3.19744231092e-14 w=2 m=14
BOUNDARY J??EE?wMFo? score=-3.5527136788e-15 w=2 m=15
BOUNDARY J??EE?w}Fo? score=2.13162820728e-14 w=2 m=17
BOUNDARY J??EE?{N@w? score=-3.5527136788e-15 w=2 m=16
BOUNDARY J??EE?{NFw? score=7.1054273576e-15 w=2 m=18
BOUNDARY J??EE?{~Fw? score=8.52651282912e-14 w=2 m=20
BOUNDARY J??EEB{~Fw? score=1.10134124043e-13 w=2 m=22
BOUNDARY J??FFB_FF?_ score=3.90798504668e-14 w=2 m=16
BOUNDARY J??FFB_FFw? score=2.13162820728e-14 w=2 m=18
BOUNDARY J??FFB_}Fo? score=2.84217094304e-14 w=2 m=19
BOUNDARY J??FFB_~Fw? score=3.5527136788e-14 w=2 m=21
BOUNDARY J??FFBw}Fo? score=2.48689957516e-14 w=2 m=21
BOUNDARY J??FFB{~Fw? score=1.172395514e-13 w=2 m=24
BOUNDARY J??FFz{~Fw? score=-1.06581410364e-14 w=2 m=27
BOUNDARY J??Fvrw}Fo? score=-2.48689957516e-14 w=2 m=25
BOUNDARY J??Fvrw}Fw? score=1.7763568394e-14 w=2 m=26
BOUNDARY J??Fvrw~Fw? score=4.97379915032e-14 w=2 m=27
BOUNDARY J??Fvr{~Fw? score=8.881784197e-14 w=2 m=28
BOUNDARY J?ACKMF`{N_ score=-2.6645352591e-15 w=7 m=21
BOUNDARY J?ABvrw}Fo? score=-1.42108547152e-14 w=2 m=25
BOUNDARY J?B@vrw}Fo? score=3.5527136788e-14 w=2 m=25
BOUNDARY JEr]u~]v}~? score=2.23820961764e-13 w=5 m=40
checked=119431209 violations=0 boundary(>-1e-06)=328 maxscore=2.23820961764e-13 maxg6=JEr]u~]v}~?
