BOUNDARY J???Fbo{F_? score=7.1054273576e-15 w=2 m=16
BOUNDARY J???Fbo{Fo? score=1.06581410364e-14 w=2 m=17
BOUNDARY J???Fbo{FW? score=-7.1054273576e-15 w=2 m=17
BOUNDARY J???Fbo{E[? score=2.13162820728e-14 w=2 m=17
BOUNDARY J???Fbo{?^? score=0 w=2 m=17
BOUNDARY J???Fbo{?Z_ score=3.5527136788e-15 w=2 m=17
BOUNDARY J???Fbo{Fw? score=6.03961325396e-14 w=2 m=18
BOUNDARY J???Fbo{F[? score=3.19744231092e-14 w=2 m=18
BOUNDARY J???Fbo{?^_ score=6.03961325396e-14 w=2 m=18
BOUNDARY J???Fbo{F{? score=-1.06581410364e-14 w=2 m=19
BOUNDARY J???Fbo}Fo? score=6.39488462184e-14 w=2 m=18
BOUNDARY J???FbozFW? score=3.90798504668e-14 w=2 m=18
BOUNDARY J???Fbore[? score=3.5527136788e-14 w=2 m=18
BOUNDARY J???Fbo~Fw? score=4.61852778244e-14 w=2 m=20
BOUNDARY J???Fbozf[? score=3.5527136788e-14 w=2 m=20
BOUNDARY J???Fbo~f{? score=6.03961325396e-14 w=2 m=22
BOUNDARY J???Fbw}Fo? score=-1.42108547152e-14 w=2 m=19
BOUNDARY J???FbkzFW? score=2.13162820728e-14 w=2 m=19
BOUNDARY J???FbMre[? score=8.52651282912e-14 w=2 m=19
BOUNDARY J???Fb{~Fw? score=3.19744231092e-14 w=2 m=22
BOUNDARY J???Fbmzf[? score=3.5527136788e-15 w=2 m=22
BOUNDARY J???Fb}~f{? score=8.881784197e-14 w=2 m=25
BOUNDARY J??EFz{~Fw? score=8.17124146124e-14 w=2 m=26
BOUNDARY J??Ffbo{Fo? score=4.26325641456e-14 w=2 m=21
BOUNDARY J??Ffbo{FW? score=8.17124146124e-14 w=2 m=21
BOUNDARY J??Ffbo{Fw? score=6.39488462184e-14 w=2 m=22
BOUNDARY J??Ffbo}Fo? score=7.81597009336e-14 w=2 m=22
BOUNDARY J??FfbozFW? score=7.81597009336e-14 w=2 m=22
BOUNDARY J??Ffbo~Fw? score=1.7763568394e-14 w=2 m=24
BOUNDARY J??Ffbw}Fo? score=3.90798504668e-14 w=2 m=23
BOUNDARY J??Ffb{~Fw? score=4.97379915032e-14 w=2 m=26
BOUNDARY J??Ffz{~Fw? score=4.97379915032e-14 w=2 m=28
BOUNDARY J?AACHA`QD? score=7.1054273576e-15 w=4 m=12
BOUNDARY J?ACJ@_WZB? score=8.43769498715e-15 w=3 m=15
checked=119556409 violations=0 boundary(>-1e-06)=34 maxscore=8.881784197e-14 maxg6=J???Fb}~f{?
