BOUNDARY J???Frw}Fo? score=1.06581410364e-14 w=2 m=20
BOUNDARY J???Frw}Fw? score=1.42108547152e-14 w=2 m=21
BOUNDARY J???Frw}Fk? score=4.61852778244e-14 w=2 m=21
BOUNDARY J???Frw}F{? score=1.42108547152e-14 w=2 m=22
BOUNDARY J???Frw~Fw? score=4.97379915032e-14 w=2 m=22
BOUNDARY J???Frw|fk? score=-7.1054273576e-15 w=2 m=22
BOUNDARY J???Frw~f{? score=4.61852778244e-14 w=2 m=24
BOUNDARY J???Frs}Fo? score=8.17124146124e-14 w=2 m=20
BOUNDARY J???Frs}Fg? score=3.5527136788e-14 w=2 m=20
BOUNDARY J???Fre}Fo? score=2.13162820728e-14 w=2 m=20
BOUNDARY J???Fre}FK? score=4.61852778244e-14 w=2 m=20
BOUNDARY J???Fr{~Fw? score=1.7763568394e-14 w=2 m=23
BOUNDARY J???Fru|fk? score=4.97379915032e-14 w=2 m=23
BOUNDARY J???Fr}~f{? score=-7.1054273576e-15 w=2 m=26
BOUNDARY J??CB`o[F_? score=3.5527136788e-14 w=2 m=14
BOUNDARY J??CB`o{F_? score=6.39488462184e-14 w=2 m=15
BOUNDARY J??CBbo{F_? score=-2.48689957516e-14 w=2 m=16
BOUNDARY J??CFz{~Fw? score=7.1054273576e-14 w=2 m=25
BOUNDARY J??E@owM@s? score=0 w=2 m=15
BOUNDARY J??E@owMFo? score=2.84217094304e-14 w=2 m=16
BOUNDARY J??E@owM`s? score=3.5527136788e-14 w=2 m=16
BOUNDARY J??E@ow}Fo? score=3.5527136788e-14 w=2 m=18
BOUNDARY J??E@rw}Fo? score=0 w=2 m=20
BOUNDARY J?aK[]Nb{^_ score=0 w=8 m=28
checked=134239743 violations=0 boundary(>-1e-06)=24 maxscore=8.17124146124e-14 maxg6=J???Frs}Fo?
