placement 0: [(0.0, 0.0), (-2.6666666666666665, 0.0)]
pool: 3077 vertices, 25142 edges (3.1s)
property holds on pool (UNSAT), 6.9s
after core fixpoint: 990 vertices (130.1s)
greedy: 982 vertices (137.8s)
greedy: 975 vertices (141.1s)
greedy: 970 vertices (144.3s)
greedy: 946 vertices (147.5s)
greedy: 943 vertices (149.8s)
greedy: 937 vertices (152.2s)
greedy: 934 vertices (154.9s)
greedy: 916 vertices (156.7s)
greedy: 910 vertices (158.6s)
greedy: 904 vertices (160.4s)
greedy: 895 vertices (162.9s)
greedy: 889 vertices (165.3s)
greedy: 887 vertices (167.7s)
greedy: 880 vertices (169.7s)
greedy: 877 vertices (172.2s)
greedy: 876 vertices (174.5s)
greedy: 870 vertices (176.4s)
greedy: 867 vertices (178.7s)
greedy: 865 vertices (180.9s)
greedy: 864 vertices (183.5s)
greedy: 861 vertices (185.9s)
greedy: 858 vertices (188.4s)
greedy: 856 vertices (191.1s)
greedy: 854 vertices (193.7s)
greedy: 851 vertices (195.4s)
greedy: 849 vertices (197.9s)
greedy: 847 vertices (200.1s)
greedy: 843 vertices (202.2s)
greedy: 841 vertices (204.5s)
greedy: 838 vertices (206.9s)
greedy: 834 vertices (209.1s)
greedy: 827 vertices (211.3s)
greedy: 825 vertices (213.3s)
greedy: 824 vertices (215.4s)
greedy: 822 vertices (217.8s)
greedy: 821 vertices (220.2s)
greedy: 819 vertices (222.1s)
greedy: 815 vertices (224.8s)
greedy: 810 vertices (226.7s)
greedy: 807 vertices (229.2s)
greedy: 805 vertices (231.7s)
greedy: 801 vertices (233.9s)
greedy: 800 vertices (236.1s)
greedy: 799 vertices (238.4s)
greedy: 797 vertices (240.8s)
greedy: 796 vertices (242.6s)
greedy: 795 vertices (244.9s)
greedy: 793 vertices (247.4s)
greedy: 791 vertices (249.2s)
greedy: 790 vertices (251.3s)
greedy: 789 vertices (253.6s)
greedy: 786 vertices (256.1s)
greedy: 784 vertices (258.4s)
greedy: 781 vertices (260.7s)
greedy: 780 vertices (263.5s)
greedy: 778 vertices (266.0s)
greedy: 777 vertices (268.8s)
greedy: 776 vertices (270.9s)
greedy: 771 vertices (273.1s)
greedy: 770 vertices (275.0s)
greedy: 769 vertices (277.3s)
greedy: 767 vertices (279.4s)
greedy: 766 vertices (281.1s)
greedy: 763 vertices (283.1s)
greedy: 762 vertices (285.7s)
greedy: 760 vertices (287.8s)
greedy: 759 vertices (290.3s)
greedy: 757 vertices (292.9s)
greedy: 755 vertices (295.0s)
greedy: 754 vertices (297.2s)
greedy: 752 vertices (299.3s)
greedy: 750 vertices (301.8s)
greedy: 748 vertices (304.0s)
greedy: 745 vertices (306.7s)
greedy: 744 vertices (310.0s)
greedy: 743 vertices (312.5s)
greedy: 740 vertices (314.7s)
greedy: 739 vertices (317.1s)
greedy: 738 vertices (319.6s)
greedy: 736 vertices (321.9s)
greedy: 735 vertices (324.4s)
greedy: 734 vertices (327.9s)
greedy: 733 vertices (330.3s)
greedy: 731 vertices (333.7s)
greedy: 730 vertices (336.1s)
greedy: 729 vertices (338.2s)
greedy: 728 vertices (340.9s)
greedy: 726 vertices (343.1s)
greedy: 725 vertices (345.5s)
greedy: 722 vertices (348.1s)
greedy: 720 vertices (350.2s)
greedy: 719 vertices (352.6s)
greedy: 718 vertices (355.0s)
greedy: 716 vertices (357.3s)
greedy: 715 vertices (359.5s)
greedy: 714 vertices (362.3s)
greedy: 713 vertices (364.7s)
greedy: 712 vertices (367.0s)
greedy: 711 vertices (369.2s)
greedy: 710 vertices (371.8s)
greedy: 709 vertices (374.3s)
greedy: 707 vertices (376.9s)
greedy: 705 vertices (379.6s)
greedy: 703 vertices (382.3s)
greedy: 702 vertices (384.7s)
greedy: 700 vertices (388.4s)
greedy: 699 vertices (390.9s)
greedy: 698 vertices (393.5s)
greedy: 696 vertices (395.9s)
greedy: 695 vertices (398.4s)
greedy: 694 vertices (400.6s)
greedy: 689 vertices (403.8s)
greedy: 688 vertices (407.1s)
greedy: 687 vertices (409.1s)
greedy: 686 vertices (412.6s)
greedy: 685 vertices (416.1s)
greedy: 682 vertices (419.7s)
greedy: 681 vertices (422.5s)
greedy: 680 vertices (424.9s)
greedy: 677 vertices (427.0s)
greedy: 675 vertices (429.6s)
greedy: 674 vertices (431.9s)
greedy: 673 vertices (434.7s)
greedy: 672 vertices (437.2s)
greedy: 670 vertices (439.8s)
greedy: 668 vertices (445.3s)
greedy: 666 vertices (448.6s)
greedy: 665 vertices (452.9s)
greedy: 664 vertices (455.7s)
greedy: 663 vertices (458.6s)
greedy: 662 vertices (461.3s)
greedy: 660 vertices (465.5s)
greedy: 659 vertices (470.1s)
greedy: 657 vertices (473.1s)
greedy: 656 vertices (475.6s)
greedy: 655 vertices (479.3s)
greedy: 654 vertices (483.6s)
greedy: 653 vertices (486.9s)
greedy: 651 vertices (490.4s)
greedy: 650 vertices (493.9s)
greedy: 649 vertices (497.9s)
greedy: 648 vertices (500.8s)
greedy: 647 vertices (503.5s)
greedy: 646 vertices (506.7s)
greedy: 645 vertices (512.7s)
greedy: 644 vertices (519.6s)
greedy: 643 vertices (526.6s)
greedy: 642 vertices (530.1s)
greedy: 641 vertices (534.6s)
greedy: 640 vertices (539.2s)
greedy: 638 vertices (543.5s)
greedy: 637 vertices (547.5s)
greedy: 636 vertices (550.8s)
greedy: 635 vertices (553.6s)
greedy: 633 vertices (556.7s)
greedy: 631 vertices (560.2s)
greedy: 630 vertices (563.5s)
greedy: 629 vertices (566.9s)
greedy: 628 vertices (572.6s)
greedy: 627 vertices (576.0s)
greedy: 626 vertices (579.3s)
greedy: 625 vertices (582.9s)
greedy: 623 vertices (586.3s)
greedy: 622 vertices (589.8s)
greedy: 621 vertices (595.4s)
greedy: 619 vertices (599.3s)
greedy: 618 vertices (602.7s)
greedy: 617 vertices (608.8s)
greedy: 616 vertices (613.4s)
greedy: 615 vertices (617.1s)
greedy: 614 vertices (620.8s)
greedy: 613 vertices (628.0s)
greedy: 612 vertices (632.6s)
greedy: 611 vertices (638.3s)
greedy: 610 vertices (643.8s)
greedy: 608 vertices (648.0s)
