placement 0: [(0.0, 0.0), (-2.6666666666666665, 0.0)]
pool: 3077 vertices, 25142 edges (3.1s)
property holds on pool (UNSAT), 6.9s
after core fixpoint: 990 vertices (130.3s)
greedy: 985 vertices (137.3s)
greedy: 980 vertices (139.6s)
greedy: 976 vertices (142.4s)
greedy: 975 vertices (145.2s)
greedy: 972 vertices (149.3s)
greedy: 969 vertices (153.2s)
greedy: 964 vertices (155.9s)
greedy: 959 vertices (158.4s)
greedy: 948 vertices (160.8s)
greedy: 944 vertices (163.5s)
greedy: 941 vertices (165.9s)
greedy: 937 vertices (168.3s)
greedy: 929 vertices (170.7s)
greedy: 928 vertices (173.5s)
greedy: 924 vertices (175.8s)
greedy: 917 vertices (178.1s)
greedy: 911 vertices (180.6s)
greedy: 910 vertices (184.2s)
greedy: 903 vertices (186.5s)
greedy: 901 vertices (189.1s)
greedy: 897 vertices (191.5s)
greedy: 894 vertices (194.1s)
greedy: 893 vertices (196.3s)
greedy: 886 vertices (198.7s)
greedy: 881 vertices (201.1s)
greedy: 878 vertices (203.8s)
greedy: 871 vertices (206.4s)
greedy: 870 vertices (210.0s)
greedy: 867 vertices (212.4s)
greedy: 864 vertices (215.3s)
greedy: 859 vertices (217.8s)
greedy: 857 vertices (220.4s)
greedy: 854 vertices (222.7s)
greedy: 851 vertices (225.2s)
greedy: 848 vertices (227.6s)
greedy: 845 vertices (229.8s)
greedy: 844 vertices (232.5s)
greedy: 843 vertices (234.8s)
greedy: 837 vertices (237.1s)
greedy: 835 vertices (239.9s)
greedy: 832 vertices (242.7s)
greedy: 829 vertices (245.1s)
greedy: 826 vertices (248.7s)
greedy: 820 vertices (251.4s)
greedy: 818 vertices (253.8s)
greedy: 816 vertices (256.2s)
greedy: 812 vertices (258.5s)
greedy: 810 vertices (260.9s)
greedy: 807 vertices (263.2s)
greedy: 804 vertices (265.7s)
greedy: 803 vertices (268.1s)
greedy: 801 vertices (270.3s)
greedy: 800 vertices (273.0s)
greedy: 799 vertices (275.5s)
greedy: 798 vertices (278.2s)
greedy: 797 vertices (280.3s)
greedy: 794 vertices (283.0s)
greedy: 791 vertices (285.7s)
greedy: 789 vertices (288.2s)
greedy: 788 vertices (290.8s)
greedy: 787 vertices (294.0s)
greedy: 786 vertices (296.7s)
greedy: 782 vertices (299.2s)
greedy: 781 vertices (301.9s)
greedy: 780 vertices (304.9s)
greedy: 778 vertices (308.3s)
greedy: 776 vertices (311.5s)
greedy: 773 vertices (315.6s)
greedy: 772 vertices (319.3s)
greedy: 771 vertices (323.1s)
greedy: 770 vertices (326.6s)
greedy: 769 vertices (330.3s)
greedy: 768 vertices (333.9s)
greedy: 762 vertices (337.6s)
greedy: 760 vertices (341.8s)
greedy: 757 vertices (345.6s)
greedy: 752 vertices (349.4s)
greedy: 746 vertices (352.9s)
greedy: 744 vertices (356.7s)
greedy: 742 vertices (360.5s)
greedy: 740 vertices (365.4s)
greedy: 736 vertices (369.2s)
greedy: 734 vertices (373.2s)
greedy: 730 vertices (377.2s)
greedy: 729 vertices (381.2s)
greedy: 726 vertices (385.1s)
greedy: 725 vertices (389.0s)
greedy: 723 vertices (392.7s)
greedy: 722 vertices (397.6s)
greedy: 721 vertices (401.6s)
greedy: 718 vertices (406.1s)
greedy: 716 vertices (409.7s)
greedy: 715 vertices (413.4s)
greedy: 713 vertices (418.2s)
greedy: 711 vertices (422.2s)
greedy: 710 vertices (428.2s)
greedy: 709 vertices (433.2s)
greedy: 707 vertices (438.2s)
greedy: 706 vertices (443.0s)
greedy: 704 vertices (447.9s)
greedy: 703 vertices (452.5s)
greedy: 700 vertices (456.9s)
greedy: 699 vertices (462.0s)
greedy: 697 vertices (467.0s)
greedy: 696 vertices (471.3s)
greedy: 695 vertices (477.2s)
greedy: 694 vertices (483.1s)
greedy: 693 vertices (488.6s)
greedy: 692 vertices (493.3s)
greedy: 691 vertices (500.3s)
greedy: 690 vertices (504.8s)
greedy: 689 vertices (510.2s)
greedy: 688 vertices (516.5s)
greedy: 686 vertices (520.7s)
greedy: 684 vertices (526.3s)
greedy: 683 vertices (531.1s)
greedy: 682 vertices (536.2s)
greedy: 680 vertices (541.8s)
greedy: 679 vertices (547.4s)
greedy: 678 vertices (552.0s)
greedy: 677 vertices (557.7s)
greedy: 676 vertices (562.7s)
greedy: 675 vertices (567.7s)
greedy: 672 vertices (574.3s)
greedy: 671 vertices (579.3s)
greedy: 669 vertices (585.1s)
greedy: 668 vertices (593.7s)
greedy: 667 vertices (599.3s)
greedy: 666 vertices (605.4s)
greedy: 665 vertices (610.7s)
greedy: 664 vertices (615.8s)
greedy: 663 vertices (624.3s)
greedy: 662 vertices (630.2s)
greedy: 661 vertices (637.5s)
greedy: 660 vertices (644.8s)
greedy: 659 vertices (656.0s)
greedy: 658 vertices (663.0s)
greedy: 657 vertices (670.5s)
greedy: 656 vertices (677.6s)
greedy: 655 vertices (684.0s)
greedy: 654 vertices (695.6s)
greedy: 653 vertices (703.9s)
greedy: 652 vertices (716.8s)
greedy: 651 vertices (725.8s)
greedy: 649 vertices (740.4s)
greedy: 648 vertices (749.0s)
greedy: 647 vertices (757.8s)
greedy: 646 vertices (773.7s)
greedy: 645 vertices (783.5s)
greedy: 643 vertices (794.2s)
greedy: 642 vertices (802.9s)
greedy: 641 vertices (813.3s)
greedy: 640 vertices (821.5s)
greedy: 639 vertices (829.8s)
greedy: 638 vertices (840.1s)
greedy: 637 vertices (853.1s)
greedy: 636 vertices (863.1s)
greedy: 635 vertices (882.1s)
greedy: 634 vertices (891.9s)
greedy: 633 vertices (900.2s)
greedy: 631 vertices (909.6s)
greedy: 630 vertices (920.7s)
greedy: 629 vertices (928.8s)
greedy: 628 vertices (937.2s)
greedy: 627 vertices (947.4s)
greedy: 626 vertices (958.8s)
greedy: 625 vertices (967.0s)
greedy: 623 vertices (984.7s)
greedy: 622 vertices (996.1s)
greedy: 621 vertices (1012.0s)
greedy: 620 vertices (1022.0s)
greedy: 619 vertices (1038.1s)
greedy: 618 vertices (1046.4s)
greedy: 617 vertices (1060.5s)
greedy: 616 vertices (1075.4s)
greedy: 615 vertices (1091.7s)
greedy: 614 vertices (1101.9s)
greedy: 613 vertices (1115.1s)
greedy: 612 vertices (1127.7s)
greedy: 611 vertices (1136.9s)
greedy: 610 vertices (1153.7s)
greedy: 609 vertices (1167.0s)
greedy: 608 vertices (1177.0s)
