placement 0: [(0.0, 0.0), (-1.8333333333333333, -0.5527707983925666)]
pool: 3373 vertices, 28098 edges (3.3s)
property holds on pool (UNSAT), 5.4s
after core fixpoint: 898 vertices (42.6s)
greedy: 896 vertices (46.2s)
greedy: 892 vertices (47.7s)
greedy: 889 vertices (49.5s)
greedy: 881 vertices (51.0s)
greedy: 879 vertices (52.6s)
greedy: 876 vertices (54.1s)
greedy: 862 vertices (55.4s)
greedy: 854 vertices (57.0s)
greedy: 851 vertices (58.6s)
greedy: 849 vertices (60.0s)
greedy: 847 vertices (62.0s)
greedy: 844 vertices (63.8s)
greedy: 841 vertices (66.0s)
greedy: 834 vertices (67.6s)
greedy: 818 vertices (69.1s)
greedy: 812 vertices (70.9s)
greedy: 806 vertices (73.0s)
greedy: 800 vertices (75.3s)
greedy: 792 vertices (76.8s)
greedy: 791 vertices (78.4s)
greedy: 788 vertices (79.9s)
greedy: 787 vertices (82.4s)
greedy: 785 vertices (83.8s)
greedy: 771 vertices (85.2s)
greedy: 754 vertices (86.7s)
greedy: 753 vertices (89.0s)
greedy: 752 vertices (91.0s)
greedy: 751 vertices (93.7s)
greedy: 750 vertices (96.8s)
greedy: 749 vertices (98.3s)
greedy: 748 vertices (100.4s)
greedy: 747 vertices (102.8s)
greedy: 745 vertices (104.6s)
greedy: 744 vertices (106.5s)
greedy: 743 vertices (108.8s)
greedy: 742 vertices (111.2s)
greedy: 741 vertices (113.4s)
greedy: 740 vertices (116.0s)
greedy: 739 vertices (118.4s)
greedy: 737 vertices (121.4s)
greedy: 734 vertices (123.7s)
greedy: 733 vertices (126.1s)
greedy: 732 vertices (129.2s)
greedy: 729 vertices (131.9s)
greedy: 728 vertices (134.4s)
greedy: 726 vertices (136.8s)
greedy: 725 vertices (139.4s)
greedy: 724 vertices (141.8s)
greedy: 723 vertices (144.3s)
greedy: 722 vertices (147.9s)
greedy: 721 vertices (151.8s)
greedy: 720 vertices (154.9s)
greedy: 719 vertices (157.2s)
greedy: 717 vertices (161.0s)
greedy: 716 vertices (164.8s)
greedy: 715 vertices (167.9s)
greedy: 714 vertices (170.8s)
greedy: 713 vertices (173.8s)
greedy: 712 vertices (177.7s)
greedy: 711 vertices (179.9s)
greedy: 710 vertices (183.5s)
greedy: 708 vertices (186.5s)
greedy: 707 vertices (188.9s)
greedy: 706 vertices (192.2s)
greedy: 705 vertices (195.6s)
greedy: 704 vertices (199.0s)
greedy: 703 vertices (202.5s)
greedy: 702 vertices (206.6s)
greedy: 700 vertices (210.6s)
greedy: 697 vertices (213.8s)
greedy: 695 vertices (217.0s)
greedy: 693 vertices (220.7s)
greedy: 692 vertices (223.8s)
greedy: 691 vertices (227.6s)
greedy: 690 vertices (231.6s)
greedy: 689 vertices (235.0s)
greedy: 688 vertices (238.2s)
greedy: 687 vertices (242.0s)
greedy: 686 vertices (245.0s)
greedy: 685 vertices (250.7s)
greedy: 684 vertices (255.8s)
greedy: 683 vertices (259.7s)
greedy: 681 vertices (263.2s)
greedy: 680 vertices (266.6s)
greedy: 678 vertices (269.5s)
greedy: 677 vertices (273.3s)
greedy: 676 vertices (276.8s)
greedy: 675 vertices (280.1s)
greedy: 673 vertices (284.1s)
greedy: 672 vertices (287.7s)
greedy: 671 vertices (294.0s)
greedy: 670 vertices (297.5s)
greedy: 668 vertices (301.9s)
greedy: 667 vertices (305.5s)
greedy: 666 vertices (308.9s)
greedy: 665 vertices (311.9s)
greedy: 664 vertices (315.3s)
greedy: 663 vertices (319.4s)
greedy: 662 vertices (324.2s)
greedy: 661 vertices (327.9s)
greedy: 660 vertices (332.6s)
greedy: 659 vertices (337.8s)
greedy: 658 vertices (341.2s)
greedy: 657 vertices (344.9s)
greedy: 656 vertices (348.1s)
greedy: 655 vertices (351.5s)
greedy: 654 vertices (355.0s)
greedy: 653 vertices (358.5s)
greedy: 652 vertices (362.1s)
greedy: 651 vertices (365.8s)
greedy: 650 vertices (369.9s)
greedy: 649 vertices (373.5s)
greedy: 648 vertices (377.0s)
greedy: 646 vertices (381.0s)
greedy: 645 vertices (384.7s)
greedy: 644 vertices (389.4s)
greedy: 640 vertices (395.3s)
greedy: 639 vertices (400.9s)
greedy: 638 vertices (405.9s)
greedy: 636 vertices (410.5s)
greedy: 635 vertices (415.1s)
greedy: 634 vertices (420.1s)
greedy: 633 vertices (425.3s)
greedy: 632 vertices (430.3s)
greedy: 631 vertices (435.1s)
greedy: 630 vertices (440.3s)
greedy: 629 vertices (447.4s)
greedy: 628 vertices (454.4s)
greedy: 627 vertices (460.5s)
greedy: 626 vertices (465.2s)
greedy: 625 vertices (470.6s)
greedy: 624 vertices (477.5s)
greedy: 623 vertices (484.2s)
greedy: 622 vertices (489.6s)
greedy: 621 vertices (496.6s)
greedy: 620 vertices (501.4s)
greedy: 618 vertices (507.0s)
greedy: 617 vertices (511.8s)
greedy: 616 vertices (516.6s)
greedy: 615 vertices (523.1s)
greedy: 614 vertices (528.3s)
greedy: 613 vertices (535.3s)
greedy: 612 vertices (541.7s)
greedy: 611 vertices (546.8s)
greedy: 610 vertices (552.7s)
greedy: 609 vertices (558.8s)
greedy: 608 vertices (565.5s)
greedy: 607 vertices (570.7s)
greedy: 606 vertices (576.1s)
greedy: 605 vertices (584.7s)
greedy: 604 vertices (589.8s)
greedy: 603 vertices (594.7s)
greedy: 601 vertices (603.9s)
greedy: 600 vertices (610.5s)
greedy: 599 vertices (616.1s)
greedy: 598 vertices (621.8s)
greedy: 595 vertices (627.8s)
greedy: 593 vertices (632.7s)
greedy: 591 vertices (638.5s)
greedy: 590 vertices (644.7s)
greedy: 589 vertices (649.7s)
greedy: 588 vertices (656.1s)
greedy: 587 vertices (662.0s)
greedy: 586 vertices (669.6s)
greedy: 585 vertices (675.0s)
greedy: 584 vertices (683.8s)
greedy: 583 vertices (693.0s)
greedy: 582 vertices (698.3s)
greedy: 581 vertices (706.5s)
greedy: 580 vertices (712.9s)
greedy: 579 vertices (721.9s)
greedy: 577 vertices (728.5s)
greedy: 576 vertices (736.1s)
greedy: 575 vertices (741.8s)
greedy: 574 vertices (748.1s)
greedy: 573 vertices (753.3s)
greedy: 571 vertices (758.9s)
greedy: 570 vertices (769.7s)
greedy: 568 vertices (775.6s)
greedy: 567 vertices (781.5s)
greedy: 566 vertices (790.9s)
greedy: 565 vertices (797.9s)
greedy: 564 vertices (803.0s)
greedy: 563 vertices (808.0s)
greedy: 562 vertices (816.6s)
greedy: 561 vertices (821.9s)
greedy: 560 vertices (827.8s)
greedy: 559 vertices (833.4s)
greedy: 558 vertices (840.0s)
greedy: 557 vertices (847.4s)
greedy: 556 vertices (854.4s)
greedy: 555 vertices (859.6s)
greedy: 554 vertices (866.0s)
greedy: 553 vertices (871.9s)
greedy: 552 vertices (879.6s)
greedy: 551 vertices (885.9s)
greedy: 550 vertices (891.1s)
greedy: 549 vertices (903.9s)
greedy: 548 vertices (912.7s)
greedy: 547 vertices (921.9s)
greedy: 546 vertices (932.3s)
greedy: 545 vertices (939.3s)
greedy: 544 vertices (944.8s)
greedy: 543 vertices (953.2s)
greedy: 542 vertices (959.9s)
greedy: 541 vertices (972.6s)
greedy: 540 vertices (981.1s)
greedy: 539 vertices (986.7s)
greedy: 538 vertices (994.5s)
greedy: 537 vertices (1002.9s)
greedy: 536 vertices (1017.6s)
greedy: 535 vertices (1028.0s)
greedy: 534 vertices (1035.3s)
greedy: 533 vertices (1042.2s)
greedy: 532 vertices (1049.0s)
greedy: 531 vertices (1056.7s)
greedy: 530 vertices (1065.0s)
greedy: 529 vertices (1071.0s)
greedy: 528 vertices (1078.7s)
greedy: 527 vertices (1086.8s)
greedy: 526 vertices (1092.7s)
greedy: 525 vertices (1099.2s)
greedy: 524 vertices (1105.5s)
greedy: 523 vertices (1122.2s)
greedy: 522 vertices (1129.0s)
greedy: 521 vertices (1151.4s)
greedy: 520 vertices (1158.8s)
greedy: 519 vertices (1166.5s)
greedy: 518 vertices (1173.9s)
greedy: 517 vertices (1181.4s)
greedy: 516 vertices (1191.5s)
FINAL: 516 vertices, 2588 edges
saved gadget_nonmonopair_11_3_seed1.pkl
