placement 0: [(0.0, 0.0), (-1.8333333333333333, -0.5527707983925666)]
pool: 3373 vertices, 28098 edges (3.4s)
property holds on pool (UNSAT), 5.4s
after core fixpoint: 898 vertices (42.9s)
greedy: 893 vertices (46.3s)
greedy: 876 vertices (47.9s)
greedy: 873 vertices (49.9s)
greedy: 871 vertices (51.4s)
greedy: 865 vertices (52.9s)
greedy: 862 vertices (54.8s)
greedy: 860 vertices (56.5s)
greedy: 859 vertices (58.4s)
greedy: 857 vertices (59.9s)
greedy: 816 vertices (61.1s)
greedy: 815 vertices (62.7s)
greedy: 814 vertices (64.9s)
greedy: 813 vertices (66.7s)
greedy: 812 vertices (69.3s)
greedy: 810 vertices (71.5s)
greedy: 807 vertices (73.4s)
greedy: 803 vertices (75.7s)
greedy: 800 vertices (77.8s)
greedy: 798 vertices (80.0s)
greedy: 797 vertices (82.1s)
greedy: 787 vertices (83.5s)
greedy: 783 vertices (85.9s)
greedy: 781 vertices (87.4s)
greedy: 780 vertices (89.6s)
greedy: 779 vertices (92.1s)
greedy: 778 vertices (94.3s)
greedy: 777 vertices (96.4s)
greedy: 775 vertices (98.2s)
greedy: 772 vertices (99.7s)
greedy: 769 vertices (101.2s)
greedy: 766 vertices (103.8s)
greedy: 765 vertices (105.9s)
greedy: 764 vertices (107.4s)
greedy: 759 vertices (109.0s)
greedy: 758 vertices (110.5s)
greedy: 754 vertices (112.1s)
greedy: 747 vertices (113.6s)
greedy: 746 vertices (116.1s)
greedy: 745 vertices (118.5s)
greedy: 740 vertices (120.1s)
greedy: 737 vertices (122.0s)
greedy: 730 vertices (123.7s)
greedy: 729 vertices (126.7s)
greedy: 727 vertices (129.0s)
greedy: 722 vertices (130.9s)
greedy: 721 vertices (133.5s)
greedy: 718 vertices (135.4s)
greedy: 711 vertices (137.3s)
greedy: 709 vertices (139.4s)
greedy: 708 vertices (141.8s)
greedy: 706 vertices (144.8s)
greedy: 701 vertices (146.7s)
greedy: 697 vertices (148.2s)
greedy: 696 vertices (150.4s)
greedy: 694 vertices (153.7s)
greedy: 691 vertices (155.5s)
greedy: 690 vertices (157.3s)
greedy: 688 vertices (159.2s)
greedy: 687 vertices (161.1s)
greedy: 686 vertices (163.2s)
greedy: 685 vertices (166.3s)
greedy: 683 vertices (168.6s)
greedy: 682 vertices (171.7s)
greedy: 681 vertices (173.8s)
greedy: 672 vertices (175.8s)
greedy: 671 vertices (178.4s)
greedy: 670 vertices (180.4s)
greedy: 669 vertices (182.7s)
greedy: 667 vertices (184.8s)
greedy: 665 vertices (186.7s)
greedy: 657 vertices (189.0s)
greedy: 656 vertices (191.0s)
greedy: 654 vertices (192.8s)
greedy: 653 vertices (194.7s)
greedy: 652 vertices (196.7s)
greedy: 651 vertices (198.5s)
greedy: 649 vertices (201.2s)
greedy: 648 vertices (203.6s)
greedy: 647 vertices (205.8s)
greedy: 645 vertices (207.8s)
greedy: 644 vertices (210.0s)
greedy: 643 vertices (212.2s)
greedy: 642 vertices (214.5s)
greedy: 639 vertices (216.6s)
greedy: 638 vertices (219.0s)
greedy: 637 vertices (221.4s)
greedy: 635 vertices (223.6s)
greedy: 633 vertices (225.6s)
greedy: 631 vertices (228.1s)
greedy: 629 vertices (230.0s)
greedy: 626 vertices (232.0s)
greedy: 625 vertices (234.3s)
greedy: 624 vertices (236.8s)
greedy: 621 vertices (238.8s)
greedy: 620 vertices (240.9s)
greedy: 618 vertices (244.1s)
greedy: 616 vertices (246.6s)
greedy: 615 vertices (249.0s)
greedy: 614 vertices (251.7s)
greedy: 613 vertices (254.2s)
greedy: 612 vertices (257.0s)
greedy: 611 vertices (259.3s)
greedy: 610 vertices (261.9s)
greedy: 609 vertices (265.0s)
greedy: 608 vertices (268.1s)
greedy: 607 vertices (270.8s)
greedy: 606 vertices (273.1s)
greedy: 605 vertices (275.4s)
greedy: 603 vertices (278.7s)
greedy: 602 vertices (281.2s)
greedy: 601 vertices (284.0s)
greedy: 600 vertices (286.9s)
greedy: 599 vertices (289.3s)
greedy: 598 vertices (293.3s)
greedy: 597 vertices (295.6s)
greedy: 596 vertices (298.4s)
greedy: 595 vertices (304.0s)
greedy: 594 vertices (306.7s)
greedy: 593 vertices (309.0s)
greedy: 592 vertices (311.7s)
greedy: 591 vertices (315.6s)
greedy: 590 vertices (318.0s)
greedy: 589 vertices (320.8s)
greedy: 588 vertices (323.1s)
greedy: 587 vertices (325.7s)
greedy: 586 vertices (328.1s)
greedy: 585 vertices (331.1s)
greedy: 584 vertices (334.1s)
greedy: 583 vertices (337.1s)
greedy: 582 vertices (339.8s)
greedy: 581 vertices (343.8s)
greedy: 580 vertices (347.0s)
greedy: 579 vertices (349.7s)
greedy: 578 vertices (352.4s)
greedy: 577 vertices (355.3s)
greedy: 576 vertices (358.2s)
greedy: 575 vertices (360.6s)
greedy: 574 vertices (363.5s)
greedy: 573 vertices (367.4s)
greedy: 572 vertices (370.8s)
greedy: 570 vertices (374.7s)
greedy: 569 vertices (378.0s)
greedy: 568 vertices (381.3s)
greedy: 567 vertices (384.0s)
greedy: 566 vertices (387.1s)
greedy: 565 vertices (389.9s)
greedy: 564 vertices (394.2s)
greedy: 563 vertices (397.4s)
greedy: 562 vertices (400.3s)
greedy: 561 vertices (404.2s)
greedy: 560 vertices (407.1s)
greedy: 559 vertices (410.8s)
greedy: 558 vertices (415.0s)
greedy: 557 vertices (419.0s)
greedy: 555 vertices (422.3s)
greedy: 554 vertices (426.3s)
greedy: 553 vertices (430.2s)
greedy: 552 vertices (433.7s)
greedy: 551 vertices (437.3s)
greedy: 550 vertices (440.6s)
greedy: 549 vertices (445.4s)
greedy: 548 vertices (449.6s)
greedy: 547 vertices (452.8s)
greedy: 546 vertices (457.1s)
greedy: 545 vertices (460.5s)
greedy: 544 vertices (464.4s)
greedy: 543 vertices (468.4s)
greedy: 542 vertices (472.0s)
greedy: 541 vertices (476.2s)
greedy: 540 vertices (479.5s)
greedy: 539 vertices (482.6s)
greedy: 538 vertices (486.0s)
greedy: 537 vertices (490.4s)
greedy: 536 vertices (493.7s)
greedy: 535 vertices (498.0s)
greedy: 534 vertices (505.4s)
greedy: 532 vertices (508.6s)
greedy: 531 vertices (513.5s)
greedy: 530 vertices (517.0s)
greedy: 529 vertices (521.1s)
greedy: 528 vertices (525.2s)
greedy: 527 vertices (528.7s)
greedy: 526 vertices (531.9s)
greedy: 525 vertices (538.0s)
greedy: 524 vertices (542.0s)
greedy: 523 vertices (547.6s)
greedy: 522 vertices (551.1s)
greedy: 521 vertices (556.4s)
greedy: 520 vertices (560.1s)
greedy: 519 vertices (563.9s)
greedy: 517 vertices (567.9s)
greedy: 516 vertices (572.9s)
greedy: 515 vertices (576.6s)
greedy: 514 vertices (580.4s)
greedy: 513 vertices (584.3s)
greedy: 512 vertices (588.7s)
greedy: 511 vertices (593.8s)
greedy: 510 vertices (597.6s)
greedy: 509 vertices (604.8s)
greedy: 508 vertices (608.5s)
greedy: 507 vertices (615.0s)
greedy: 506 vertices (619.1s)
greedy: 505 vertices (622.7s)
greedy: 504 vertices (628.1s)
greedy: 503 vertices (631.9s)
greedy: 500 vertices (636.3s)
greedy: 499 vertices (639.8s)
greedy: 498 vertices (643.5s)
greedy: 497 vertices (647.6s)
