placement 0: [(0.0, 0.0), (-3.0, 0.0)]
pool: 1874 vertices, 12379 edges (0.9s)
property holds on pool (UNSAT), 1.6s
after core fixpoint: 764 vertices (33.2s)
greedy: 762 vertices (35.0s)
greedy: 759 vertices (36.3s)
greedy: 756 vertices (37.1s)
greedy: 754 vertices (38.0s)
greedy: 749 vertices (39.2s)
greedy: 744 vertices (40.3s)
greedy: 741 vertices (41.2s)
greedy: 736 vertices (42.0s)
greedy: 734 vertices (42.7s)
greedy: 730 vertices (43.5s)
greedy: 724 vertices (44.2s)
greedy: 722 vertices (45.2s)
greedy: 721 vertices (46.5s)
greedy: 717 vertices (47.2s)
greedy: 716 vertices (48.1s)
greedy: 715 vertices (49.5s)
greedy: 714 vertices (51.1s)
greedy: 713 vertices (51.9s)
greedy: 711 vertices (53.4s)
greedy: 707 vertices (54.2s)
greedy: 706 vertices (55.0s)
greedy: 705 vertices (56.0s)
greedy: 704 vertices (56.9s)
greedy: 701 vertices (57.7s)
greedy: 700 vertices (58.7s)
greedy: 699 vertices (59.8s)
greedy: 697 vertices (60.8s)
greedy: 696 vertices (61.8s)
greedy: 694 vertices (62.7s)
greedy: 693 vertices (63.5s)
greedy: 692 vertices (64.6s)
greedy: 691 vertices (65.6s)
greedy: 689 vertices (66.8s)
greedy: 688 vertices (67.8s)
greedy: 686 vertices (69.1s)
greedy: 684 vertices (70.1s)
greedy: 681 vertices (71.0s)
greedy: 680 vertices (71.8s)
greedy: 679 vertices (72.9s)
greedy: 677 vertices (74.8s)
greedy: 676 vertices (76.4s)
greedy: 675 vertices (77.7s)
greedy: 673 vertices (79.5s)
greedy: 670 vertices (81.5s)
greedy: 668 vertices (82.7s)
greedy: 667 vertices (84.6s)
greedy: 665 vertices (86.8s)
greedy: 663 vertices (88.2s)
greedy: 658 vertices (89.9s)
greedy: 655 vertices (92.3s)
greedy: 652 vertices (94.4s)
greedy: 651 vertices (96.2s)
greedy: 648 vertices (98.6s)
greedy: 647 vertices (101.1s)
greedy: 646 vertices (103.4s)
greedy: 644 vertices (105.7s)
greedy: 643 vertices (107.7s)
greedy: 634 vertices (109.7s)
greedy: 633 vertices (112.4s)
greedy: 630 vertices (114.5s)
greedy: 627 vertices (116.9s)
greedy: 626 vertices (119.6s)
greedy: 625 vertices (121.7s)
greedy: 623 vertices (124.1s)
greedy: 622 vertices (126.6s)
greedy: 619 vertices (129.5s)
greedy: 613 vertices (131.8s)
greedy: 611 vertices (134.0s)
greedy: 610 vertices (136.7s)
greedy: 609 vertices (140.1s)
greedy: 607 vertices (142.9s)
greedy: 605 vertices (145.7s)
greedy: 603 vertices (148.4s)
greedy: 601 vertices (150.9s)
greedy: 600 vertices (153.3s)
greedy: 598 vertices (155.7s)
greedy: 596 vertices (157.9s)
greedy: 592 vertices (160.2s)
greedy: 591 vertices (163.3s)
greedy: 590 vertices (165.7s)
greedy: 587 vertices (169.5s)
greedy: 585 vertices (172.6s)
greedy: 584 vertices (175.5s)
greedy: 583 vertices (178.0s)
greedy: 581 vertices (180.7s)
greedy: 580 vertices (183.3s)
greedy: 579 vertices (186.6s)
greedy: 577 vertices (189.7s)
greedy: 575 vertices (192.6s)
greedy: 574 vertices (196.2s)
greedy: 572 vertices (198.7s)
greedy: 571 vertices (202.6s)
greedy: 570 vertices (205.6s)
greedy: 569 vertices (208.9s)
greedy: 568 vertices (211.7s)
greedy: 567 vertices (214.7s)
greedy: 565 vertices (217.1s)
greedy: 564 vertices (220.1s)
greedy: 562 vertices (223.3s)
greedy: 560 vertices (227.8s)
greedy: 559 vertices (230.6s)
greedy: 558 vertices (233.9s)
greedy: 557 vertices (237.4s)
greedy: 556 vertices (240.3s)
greedy: 555 vertices (244.3s)
greedy: 554 vertices (247.3s)
greedy: 553 vertices (250.6s)
greedy: 552 vertices (253.9s)
greedy: 550 vertices (257.1s)
greedy: 549 vertices (260.0s)
greedy: 548 vertices (263.6s)
greedy: 547 vertices (266.8s)
greedy: 545 vertices (269.7s)
greedy: 544 vertices (273.0s)
greedy: 543 vertices (276.8s)
greedy: 542 vertices (279.6s)
greedy: 541 vertices (283.0s)
greedy: 540 vertices (285.7s)
greedy: 538 vertices (288.5s)
greedy: 536 vertices (292.0s)
greedy: 535 vertices (295.6s)
greedy: 534 vertices (299.6s)
greedy: 533 vertices (302.5s)
greedy: 532 vertices (305.8s)
greedy: 531 vertices (308.8s)
greedy: 530 vertices (313.2s)
greedy: 528 vertices (316.3s)
greedy: 527 vertices (319.3s)
greedy: 526 vertices (322.2s)
greedy: 525 vertices (325.0s)
greedy: 524 vertices (327.9s)
greedy: 523 vertices (331.6s)
greedy: 522 vertices (334.6s)
greedy: 521 vertices (337.5s)
greedy: 519 vertices (341.1s)
greedy: 517 vertices (345.5s)
greedy: 516 vertices (349.0s)
greedy: 515 vertices (352.6s)
greedy: 512 vertices (355.8s)
greedy: 511 vertices (359.7s)
greedy: 510 vertices (363.0s)
greedy: 508 vertices (366.2s)
greedy: 507 vertices (370.3s)
greedy: 506 vertices (374.1s)
greedy: 505 vertices (377.8s)
greedy: 504 vertices (381.6s)
greedy: 503 vertices (386.3s)
greedy: 502 vertices (391.0s)
greedy: 501 vertices (394.9s)
greedy: 500 vertices (399.3s)
greedy: 499 vertices (402.8s)
greedy: 498 vertices (406.2s)
greedy: 497 vertices (412.4s)
greedy: 496 vertices (415.7s)
greedy: 495 vertices (421.8s)
greedy: 494 vertices (425.3s)
greedy: 493 vertices (428.7s)
greedy: 492 vertices (433.8s)
greedy: 491 vertices (439.5s)
greedy: 490 vertices (444.7s)
greedy: 489 vertices (450.9s)
greedy: 488 vertices (455.3s)
greedy: 487 vertices (462.5s)
greedy: 486 vertices (466.9s)
greedy: 485 vertices (471.7s)
greedy: 484 vertices (475.9s)
greedy: 483 vertices (481.9s)
greedy: 482 vertices (486.6s)
greedy: 481 vertices (492.7s)
greedy: 480 vertices (497.9s)
greedy: 479 vertices (504.3s)
greedy: 478 vertices (508.7s)
greedy: 477 vertices (513.6s)
greedy: 476 vertices (519.1s)
greedy: 475 vertices (525.0s)
greedy: 474 vertices (530.6s)
greedy: 473 vertices (536.0s)
greedy: 472 vertices (541.8s)
greedy: 471 vertices (546.7s)
greedy: 470 vertices (553.6s)
greedy: 469 vertices (560.0s)
greedy: 468 vertices (567.3s)
greedy: 467 vertices (572.3s)
greedy: 466 vertices (577.0s)
greedy: 465 vertices (583.0s)
greedy: 464 vertices (587.6s)
greedy: 463 vertices (593.2s)
greedy: 462 vertices (598.4s)
greedy: 460 vertices (604.2s)
greedy: 459 vertices (609.9s)
greedy: 458 vertices (617.0s)
greedy: 457 vertices (622.1s)
greedy: 456 vertices (629.0s)
greedy: 455 vertices (633.7s)
greedy: 454 vertices (638.5s)
greedy: 453 vertices (646.8s)
greedy: 452 vertices (654.2s)
greedy: 451 vertices (659.2s)
greedy: 450 vertices (664.3s)
greedy: 449 vertices (669.7s)
greedy: 448 vertices (675.8s)
greedy: 447 vertices (681.3s)
greedy: 446 vertices (687.6s)
greedy: 445 vertices (694.9s)
greedy: 444 vertices (699.9s)
greedy: 443 vertices (704.8s)
greedy: 442 vertices (709.9s)
greedy: 441 vertices (715.5s)
greedy: 440 vertices (722.3s)
greedy: 439 vertices (729.0s)
greedy: 438 vertices (736.2s)
greedy: 437 vertices (743.0s)
greedy: 436 vertices (748.5s)
greedy: 435 vertices (755.3s)
greedy: 434 vertices (766.2s)
greedy: 433 vertices (771.1s)
greedy: 432 vertices (777.0s)
FINAL: 432 vertices, 2112 edges
saved gadget_nonmonopair_9_seed1.pkl
