placement 0: [(0.0, 0.0), (-3.0, 0.0)]
pool: 5410 vertices, 47895 edges (5.3s)
property holds on pool (UNSAT), 6.2s
after core fixpoint: 606 vertices (20.0s)
greedy: 601 vertices (21.1s)
greedy: 592 vertices (21.6s)
greedy: 588 vertices (22.1s)
greedy: 587 vertices (22.6s)
greedy: 585 vertices (23.1s)
greedy: 582 vertices (23.7s)
greedy: 579 vertices (24.2s)
greedy: 576 vertices (24.6s)
greedy: 572 vertices (25.0s)
greedy: 567 vertices (25.6s)
greedy: 566 vertices (26.1s)
greedy: 563 vertices (26.8s)
greedy: 561 vertices (27.4s)
greedy: 559 vertices (28.0s)
greedy: 557 vertices (28.8s)
greedy: 554 vertices (29.4s)
greedy: 553 vertices (30.0s)
greedy: 552 vertices (30.6s)
greedy: 551 vertices (31.2s)
greedy: 549 vertices (31.7s)
greedy: 548 vertices (32.3s)
greedy: 544 vertices (32.9s)
greedy: 543 vertices (33.4s)
greedy: 539 vertices (34.0s)
greedy: 536 vertices (34.5s)
greedy: 533 vertices (35.1s)
greedy: 531 vertices (35.6s)
greedy: 530 vertices (36.2s)
greedy: 528 vertices (36.8s)
greedy: 527 vertices (37.3s)
greedy: 525 vertices (37.8s)
greedy: 522 vertices (38.3s)
greedy: 521 vertices (38.9s)
greedy: 518 vertices (39.4s)
greedy: 516 vertices (40.0s)
greedy: 514 vertices (40.6s)
greedy: 513 vertices (41.2s)
greedy: 512 vertices (41.7s)
greedy: 511 vertices (42.4s)
greedy: 509 vertices (43.0s)
greedy: 507 vertices (43.7s)
greedy: 505 vertices (44.5s)
greedy: 503 vertices (45.0s)
greedy: 502 vertices (45.6s)
greedy: 498 vertices (46.2s)
greedy: 495 vertices (46.7s)
greedy: 493 vertices (47.3s)
greedy: 492 vertices (47.9s)
greedy: 491 vertices (48.8s)
greedy: 490 vertices (49.6s)
greedy: 489 vertices (50.1s)
greedy: 488 vertices (50.7s)
greedy: 486 vertices (51.3s)
greedy: 485 vertices (51.8s)
greedy: 483 vertices (52.3s)
greedy: 482 vertices (52.9s)
greedy: 480 vertices (53.4s)
greedy: 479 vertices (53.9s)
greedy: 477 vertices (54.5s)
greedy: 474 vertices (55.1s)
greedy: 473 vertices (55.7s)
greedy: 472 vertices (56.3s)
greedy: 470 vertices (57.1s)
greedy: 468 vertices (57.7s)
greedy: 467 vertices (58.8s)
greedy: 465 vertices (59.7s)
greedy: 464 vertices (60.5s)
greedy: 463 vertices (61.1s)
greedy: 462 vertices (61.7s)
greedy: 461 vertices (62.2s)
greedy: 460 vertices (62.9s)
greedy: 459 vertices (63.4s)
greedy: 457 vertices (64.4s)
greedy: 455 vertices (65.0s)
greedy: 454 vertices (65.6s)
greedy: 453 vertices (66.4s)
greedy: 451 vertices (67.2s)
greedy: 447 vertices (67.8s)
greedy: 446 vertices (68.6s)
greedy: 445 vertices (69.3s)
greedy: 444 vertices (70.4s)
greedy: 442 vertices (71.1s)
greedy: 441 vertices (72.0s)
greedy: 439 vertices (73.1s)
greedy: 438 vertices (73.7s)
greedy: 437 vertices (74.5s)
greedy: 435 vertices (75.4s)
greedy: 434 vertices (76.3s)
greedy: 433 vertices (77.2s)
greedy: 432 vertices (78.2s)
greedy: 431 vertices (79.0s)
greedy: 430 vertices (79.9s)
greedy: 428 vertices (81.1s)
greedy: 427 vertices (82.3s)
greedy: 426 vertices (83.5s)
greedy: 425 vertices (84.7s)
greedy: 424 vertices (86.1s)
greedy: 423 vertices (87.7s)
greedy: 422 vertices (89.0s)
greedy: 421 vertices (90.4s)
greedy: 420 vertices (92.2s)
greedy: 418 vertices (94.1s)
greedy: 417 vertices (95.5s)
greedy: 416 vertices (97.1s)
greedy: 415 vertices (98.5s)
greedy: 414 vertices (100.1s)
greedy: 412 vertices (101.6s)
greedy: 411 vertices (103.5s)
greedy: 410 vertices (105.0s)
greedy: 409 vertices (106.9s)
greedy: 408 vertices (109.5s)
greedy: 407 vertices (111.2s)
greedy: 405 vertices (113.0s)
greedy: 404 vertices (114.8s)
greedy: 403 vertices (117.1s)
greedy: 401 vertices (119.0s)
greedy: 400 vertices (120.8s)
greedy: 399 vertices (124.2s)
greedy: 398 vertices (126.4s)
greedy: 397 vertices (129.0s)
greedy: 395 vertices (131.7s)
greedy: 394 vertices (134.3s)
greedy: 393 vertices (136.8s)
greedy: 392 vertices (139.1s)
greedy: 391 vertices (141.1s)
greedy: 390 vertices (143.5s)
greedy: 389 vertices (145.9s)
greedy: 388 vertices (148.2s)
greedy: 387 vertices (150.2s)
greedy: 385 vertices (153.2s)
greedy: 384 vertices (156.8s)
greedy: 382 vertices (160.5s)
greedy: 381 vertices (163.6s)
greedy: 380 vertices (166.8s)
greedy: 379 vertices (169.5s)
greedy: 377 vertices (172.4s)
greedy: 376 vertices (175.3s)
greedy: 375 vertices (179.5s)
greedy: 374 vertices (184.2s)
greedy: 373 vertices (186.8s)
greedy: 372 vertices (189.6s)
greedy: 371 vertices (192.5s)
greedy: 369 vertices (195.6s)
greedy: 368 vertices (198.8s)
greedy: 367 vertices (202.4s)
greedy: 366 vertices (205.3s)
greedy: 365 vertices (208.0s)
greedy: 364 vertices (211.2s)
greedy: 363 vertices (215.8s)
greedy: 362 vertices (219.4s)
greedy: 361 vertices (223.1s)
greedy: 360 vertices (226.9s)
greedy: 359 vertices (230.8s)
greedy: 358 vertices (235.5s)
greedy: 357 vertices (239.8s)
greedy: 356 vertices (243.5s)
greedy: 355 vertices (247.7s)
greedy: 354 vertices (251.6s)
greedy: 353 vertices (255.8s)
greedy: 352 vertices (261.3s)
greedy: 351 vertices (265.5s)
greedy: 349 vertices (270.7s)
greedy: 347 vertices (275.3s)
greedy: 346 vertices (281.8s)
greedy: 345 vertices (286.5s)
greedy: 344 vertices (293.8s)
greedy: 343 vertices (300.2s)
greedy: 341 vertices (304.6s)
greedy: 340 vertices (309.1s)
greedy: 339 vertices (313.4s)
greedy: 338 vertices (318.3s)
greedy: 336 vertices (326.8s)
greedy: 335 vertices (335.0s)
greedy: 334 vertices (342.7s)
greedy: 333 vertices (351.5s)
greedy: 332 vertices (357.5s)
greedy: 331 vertices (364.0s)
greedy: 330 vertices (370.7s)
greedy: 329 vertices (379.1s)
greedy: 328 vertices (388.0s)
greedy: 327 vertices (395.8s)
greedy: 326 vertices (403.5s)
greedy: 325 vertices (412.1s)
greedy: 324 vertices (421.6s)
FINAL: 324 vertices, 1469 edges
saved gadget_nonmonopair_9_seed0.pkl
