gadget points: [(-0.3333333333333333, 0.0), (0.16666666666666666, -0.28867513459481287), (0.16666666666666666, 0.28867513459481287)]
pool: 1225 vertices, 8178 edges (1.8s)
property holds on pool (UNSAT), 2.2s
after core fixpoint: 485 vertices (16.8s)
greedy: 482 vertices (17.8s)
greedy: 479 vertices (18.5s)
greedy: 476 vertices (18.9s)
greedy: 470 vertices (19.5s)
greedy: 466 vertices (19.9s)
greedy: 464 vertices (20.5s)
greedy: 459 vertices (21.0s)
greedy: 457 vertices (21.6s)
greedy: 456 vertices (22.2s)
greedy: 453 vertices (22.8s)
greedy: 452 vertices (23.3s)
greedy: 448 vertices (24.2s)
greedy: 447 vertices (25.0s)
greedy: 443 vertices (26.2s)
greedy: 441 vertices (27.1s)
greedy: 440 vertices (28.2s)
greedy: 439 vertices (29.2s)
greedy: 438 vertices (30.3s)
greedy: 437 vertices (31.4s)
greedy: 436 vertices (32.5s)
greedy: 435 vertices (33.6s)
greedy: 434 vertices (34.6s)
greedy: 433 vertices (35.5s)
greedy: 432 vertices (36.4s)
greedy: 431 vertices (37.4s)
greedy: 429 vertices (38.6s)
greedy: 426 vertices (40.2s)
greedy: 425 vertices (42.0s)
greedy: 424 vertices (43.8s)
greedy: 423 vertices (45.4s)
greedy: 421 vertices (46.8s)
greedy: 420 vertices (50.3s)
greedy: 419 vertices (53.1s)
greedy: 418 vertices (56.2s)
greedy: 417 vertices (58.9s)
greedy: 416 vertices (61.8s)
greedy: 415 vertices (64.4s)
greedy: 414 vertices (66.8s)
greedy: 413 vertices (69.5s)
greedy: 412 vertices (72.1s)
greedy: 411 vertices (74.9s)
greedy: 410 vertices (77.7s)
greedy: 409 vertices (80.3s)
greedy: 408 vertices (84.3s)
greedy: 407 vertices (88.7s)
greedy: 406 vertices (92.0s)
greedy: 404 vertices (98.1s)
greedy: 403 vertices (103.0s)
greedy: 401 vertices (110.5s)
greedy: 399 vertices (116.1s)
greedy: 398 vertices (121.8s)
greedy: 397 vertices (127.6s)
greedy: 396 vertices (133.4s)
greedy: 395 vertices (140.7s)
greedy: 394 vertices (146.4s)
greedy: 393 vertices (151.4s)
greedy: 391 vertices (156.1s)
greedy: 390 vertices (160.2s)
greedy: 389 vertices (165.1s)
greedy: 387 vertices (169.8s)
greedy: 386 vertices (175.3s)
greedy: 385 vertices (180.4s)
greedy: 384 vertices (185.9s)
greedy: 383 vertices (192.4s)
greedy: 382 vertices (196.7s)
greedy: 380 vertices (203.0s)
greedy: 379 vertices (207.3s)
greedy: 378 vertices (215.5s)
greedy: 377 vertices (222.5s)
greedy: 376 vertices (229.1s)
greedy: 375 vertices (236.0s)
greedy: 374 vertices (243.4s)
greedy: 373 vertices (252.9s)
greedy: 372 vertices (261.6s)
greedy: 371 vertices (269.0s)
greedy: 370 vertices (275.4s)
greedy: 369 vertices (283.9s)
greedy: 368 vertices (292.9s)
greedy: 367 vertices (299.2s)
greedy: 366 vertices (307.0s)
greedy: 365 vertices (312.4s)
greedy: 364 vertices (321.0s)
greedy: 363 vertices (328.4s)
greedy: 362 vertices (334.7s)
greedy: 361 vertices (340.6s)
greedy: 360 vertices (347.7s)
greedy: 359 vertices (354.3s)
greedy: 358 vertices (361.1s)
greedy: 357 vertices (367.7s)
greedy: 356 vertices (375.9s)
greedy: 355 vertices (383.9s)
greedy: 354 vertices (391.7s)
greedy: 353 vertices (399.4s)
greedy: 352 vertices (407.2s)
greedy: 351 vertices (415.9s)
greedy: 350 vertices (423.4s)
greedy: 349 vertices (429.1s)
greedy: 348 vertices (438.4s)
greedy: 346 vertices (444.8s)
greedy: 345 vertices (451.4s)
greedy: 344 vertices (459.8s)
greedy: 343 vertices (466.3s)
greedy: 342 vertices (473.6s)
greedy: 341 vertices (484.7s)
greedy: 340 vertices (490.7s)
greedy: 339 vertices (499.5s)
greedy: 338 vertices (506.9s)
greedy: 337 vertices (516.4s)
greedy: 336 vertices (523.6s)
greedy: 335 vertices (530.9s)
greedy: 334 vertices (539.4s)
greedy: 333 vertices (547.4s)
greedy: 332 vertices (554.2s)
greedy: 330 vertices (562.2s)
greedy: 329 vertices (569.8s)
greedy: 328 vertices (581.1s)
greedy: 327 vertices (591.9s)
greedy: 326 vertices (600.3s)
greedy: 325 vertices (610.6s)
greedy: 324 vertices (619.1s)
greedy: 323 vertices (632.3s)
greedy: 322 vertices (643.2s)
greedy: 321 vertices (653.6s)
greedy: 320 vertices (662.1s)
greedy: 319 vertices (671.8s)
FINAL: 319 vertices, 1448 edges
saved gadget_triple_1_9_seed0.pkl
