placement 0: [(-1.0, 0.0), (0.5, -0.8660254037844386), (0.5, 0.8660254037844386)]
pool: 1225 vertices, 8178 edges (1.8s)
property holds on pool (UNSAT), 2.8s
after core fixpoint: 561 vertices (42.3s)
greedy: 558 vertices (44.5s)
greedy: 548 vertices (45.7s)
greedy: 544 vertices (47.3s)
greedy: 538 vertices (49.2s)
greedy: 534 vertices (50.4s)
greedy: 529 vertices (51.8s)
greedy: 526 vertices (53.3s)
greedy: 523 vertices (54.9s)
greedy: 521 vertices (56.2s)
greedy: 519 vertices (57.5s)
greedy: 516 vertices (59.2s)
greedy: 511 vertices (61.0s)
greedy: 509 vertices (62.5s)
greedy: 508 vertices (64.0s)
greedy: 507 vertices (65.8s)
greedy: 505 vertices (67.5s)
greedy: 504 vertices (69.3s)
greedy: 502 vertices (70.9s)
greedy: 501 vertices (72.5s)
greedy: 500 vertices (74.2s)
greedy: 497 vertices (76.3s)
greedy: 496 vertices (78.0s)
greedy: 495 vertices (79.8s)
greedy: 494 vertices (81.4s)
greedy: 493 vertices (83.2s)
greedy: 492 vertices (84.8s)
greedy: 490 vertices (86.4s)
greedy: 488 vertices (87.8s)
greedy: 487 vertices (89.5s)
greedy: 486 vertices (91.0s)
greedy: 485 vertices (92.7s)
greedy: 484 vertices (94.4s)
greedy: 483 vertices (96.0s)
greedy: 481 vertices (97.8s)
greedy: 480 vertices (99.5s)
greedy: 478 vertices (101.9s)
greedy: 476 vertices (103.7s)
greedy: 475 vertices (105.6s)
greedy: 474 vertices (107.3s)
greedy: 473 vertices (109.0s)
greedy: 472 vertices (111.4s)
greedy: 471 vertices (114.1s)
greedy: 469 vertices (117.5s)
greedy: 468 vertices (119.7s)
greedy: 467 vertices (121.6s)
greedy: 466 vertices (124.2s)
greedy: 465 vertices (125.9s)
greedy: 464 vertices (127.9s)
greedy: 463 vertices (129.7s)
greedy: 462 vertices (131.7s)
greedy: 461 vertices (133.3s)
greedy: 459 vertices (135.3s)
greedy: 458 vertices (137.6s)
greedy: 457 vertices (139.8s)
greedy: 456 vertices (141.6s)
greedy: 455 vertices (143.6s)
greedy: 454 vertices (145.5s)
greedy: 453 vertices (147.7s)
greedy: 452 vertices (149.5s)
greedy: 451 vertices (152.0s)
greedy: 450 vertices (154.0s)
greedy: 449 vertices (156.3s)
greedy: 448 vertices (158.3s)
greedy: 447 vertices (160.3s)
greedy: 446 vertices (162.3s)
greedy: 444 vertices (164.6s)
greedy: 443 vertices (166.6s)
greedy: 442 vertices (168.9s)
greedy: 441 vertices (171.5s)
greedy: 440 vertices (174.8s)
greedy: 439 vertices (177.4s)
greedy: 438 vertices (180.0s)
greedy: 437 vertices (185.1s)
greedy: 435 vertices (188.3s)
greedy: 434 vertices (193.2s)
greedy: 433 vertices (197.1s)
greedy: 431 vertices (200.7s)
greedy: 430 vertices (204.3s)
greedy: 429 vertices (207.5s)
greedy: 427 vertices (210.9s)
greedy: 426 vertices (214.3s)
greedy: 425 vertices (219.7s)
greedy: 423 vertices (224.5s)
greedy: 422 vertices (228.8s)
greedy: 420 vertices (232.5s)
greedy: 418 vertices (237.9s)
greedy: 417 vertices (242.4s)
greedy: 415 vertices (246.6s)
greedy: 414 vertices (253.3s)
greedy: 412 vertices (259.0s)
greedy: 411 vertices (265.0s)
greedy: 410 vertices (269.5s)
greedy: 409 vertices (273.8s)
greedy: 407 vertices (278.0s)
greedy: 406 vertices (285.1s)
greedy: 404 vertices (289.1s)
greedy: 402 vertices (294.9s)
greedy: 401 vertices (299.3s)
greedy: 400 vertices (305.7s)
greedy: 399 vertices (309.7s)
greedy: 398 vertices (315.8s)
greedy: 396 vertices (320.8s)
greedy: 395 vertices (325.6s)
greedy: 394 vertices (330.1s)
greedy: 393 vertices (335.3s)
greedy: 392 vertices (339.7s)
greedy: 391 vertices (344.6s)
greedy: 390 vertices (350.5s)
greedy: 389 vertices (357.6s)
greedy: 388 vertices (362.3s)
greedy: 386 vertices (368.3s)
greedy: 385 vertices (374.0s)
greedy: 384 vertices (379.2s)
greedy: 383 vertices (388.0s)
greedy: 382 vertices (393.7s)
greedy: 381 vertices (398.6s)
greedy: 380 vertices (407.1s)
greedy: 379 vertices (413.0s)
greedy: 378 vertices (417.7s)
greedy: 377 vertices (423.9s)
greedy: 376 vertices (434.5s)
greedy: 375 vertices (441.3s)
greedy: 374 vertices (448.4s)
greedy: 373 vertices (470.1s)
greedy: 372 vertices (476.8s)
greedy: 371 vertices (483.2s)
greedy: 370 vertices (488.7s)
greedy: 369 vertices (495.4s)
greedy: 368 vertices (502.2s)
greedy: 367 vertices (511.3s)
greedy: 366 vertices (518.1s)
greedy: 365 vertices (522.7s)
greedy: 364 vertices (529.9s)
greedy: 363 vertices (536.3s)
