placement 0: [(-1.0, 0.0), (0.5, -0.8660254037844386), (0.5, 0.8660254037844386)]
pool: 883 vertices, 4854 edges (0.4s)
property holds on pool (UNSAT), 1.4s
after core fixpoint: 537 vertices (15.4s)
greedy: 531 vertices (17.6s)
greedy: 517 vertices (19.1s)
greedy: 513 vertices (20.3s)
greedy: 511 vertices (21.7s)
greedy: 509 vertices (22.9s)
greedy: 506 vertices (24.0s)
greedy: 505 vertices (25.4s)
greedy: 502 vertices (26.6s)
greedy: 501 vertices (27.7s)
greedy: 498 vertices (29.0s)
greedy: 495 vertices (30.1s)
greedy: 493 vertices (31.3s)
greedy: 492 vertices (32.7s)
greedy: 491 vertices (33.9s)
greedy: 489 vertices (35.0s)
greedy: 488 vertices (36.3s)
greedy: 487 vertices (37.6s)
greedy: 484 vertices (38.7s)
greedy: 483 vertices (39.8s)
greedy: 482 vertices (41.5s)
greedy: 481 vertices (42.6s)
greedy: 478 vertices (44.5s)
greedy: 476 vertices (46.2s)
greedy: 475 vertices (48.2s)
greedy: 474 vertices (49.8s)
greedy: 473 vertices (51.5s)
greedy: 472 vertices (53.1s)
greedy: 471 vertices (54.9s)
greedy: 469 vertices (56.5s)
greedy: 467 vertices (58.0s)
greedy: 466 vertices (59.6s)
greedy: 465 vertices (61.4s)
greedy: 464 vertices (63.2s)
greedy: 462 vertices (65.1s)
greedy: 459 vertices (67.5s)
greedy: 458 vertices (69.3s)
greedy: 457 vertices (71.4s)
greedy: 456 vertices (73.5s)
greedy: 455 vertices (75.4s)
greedy: 449 vertices (78.3s)
greedy: 447 vertices (81.0s)
greedy: 446 vertices (84.8s)
greedy: 445 vertices (87.7s)
greedy: 441 vertices (90.6s)
greedy: 440 vertices (93.3s)
greedy: 438 vertices (95.9s)
greedy: 436 vertices (98.5s)
greedy: 434 vertices (101.6s)
greedy: 433 vertices (104.8s)
greedy: 432 vertices (107.7s)
greedy: 431 vertices (111.2s)
greedy: 430 vertices (114.5s)
greedy: 429 vertices (118.3s)
greedy: 427 vertices (121.4s)
greedy: 426 vertices (125.2s)
greedy: 425 vertices (131.9s)
greedy: 421 vertices (137.1s)
greedy: 420 vertices (140.6s)
greedy: 419 vertices (144.8s)
greedy: 418 vertices (149.3s)
greedy: 417 vertices (153.9s)
greedy: 416 vertices (157.9s)
greedy: 415 vertices (163.2s)
greedy: 414 vertices (167.5s)
greedy: 413 vertices (171.8s)
greedy: 411 vertices (177.3s)
greedy: 410 vertices (181.6s)
greedy: 409 vertices (186.2s)
greedy: 404 vertices (190.0s)
greedy: 403 vertices (196.8s)
greedy: 401 vertices (201.3s)
greedy: 399 vertices (207.4s)
greedy: 398 vertices (211.9s)
greedy: 397 vertices (216.7s)
greedy: 395 vertices (222.3s)
greedy: 394 vertices (231.7s)
greedy: 393 vertices (236.6s)
greedy: 392 vertices (246.0s)
greedy: 391 vertices (251.7s)
greedy: 390 vertices (259.1s)
greedy: 388 vertices (263.0s)
greedy: 387 vertices (268.4s)
greedy: 384 vertices (272.5s)
greedy: 383 vertices (277.8s)
greedy: 382 vertices (284.3s)
greedy: 380 vertices (290.5s)
greedy: 379 vertices (302.8s)
greedy: 378 vertices (308.9s)
greedy: 377 vertices (312.8s)
greedy: 376 vertices (318.8s)
greedy: 375 vertices (324.8s)
greedy: 373 vertices (329.8s)
greedy: 371 vertices (337.3s)
greedy: 370 vertices (341.5s)
greedy: 369 vertices (348.4s)
greedy: 367 vertices (352.4s)
greedy: 366 vertices (358.9s)
greedy: 365 vertices (363.5s)
greedy: 364 vertices (372.4s)
greedy: 363 vertices (378.7s)
greedy: 362 vertices (385.4s)
greedy: 361 vertices (390.3s)
greedy: 360 vertices (396.4s)
greedy: 359 vertices (403.5s)
greedy: 357 vertices (408.4s)
greedy: 355 vertices (421.2s)
greedy: 354 vertices (427.4s)
greedy: 353 vertices (433.5s)
greedy: 352 vertices (439.3s)
greedy: 351 vertices (448.6s)
greedy: 350 vertices (453.0s)
greedy: 349 vertices (461.1s)
greedy: 348 vertices (467.6s)
greedy: 347 vertices (474.3s)
greedy: 346 vertices (480.1s)
greedy: 345 vertices (485.4s)
greedy: 344 vertices (490.3s)
greedy: 343 vertices (494.4s)
greedy: 342 vertices (502.4s)
greedy: 341 vertices (507.2s)
greedy: 340 vertices (513.5s)
greedy: 339 vertices (519.7s)
greedy: 338 vertices (527.0s)
greedy: 337 vertices (531.6s)
greedy: 336 vertices (536.9s)
greedy: 335 vertices (544.2s)
greedy: 334 vertices (550.0s)
greedy: 333 vertices (554.8s)
greedy: 332 vertices (565.1s)
