placement 0: [(-1.0, 0.0), (0.5, -0.8660254037844386), (0.5, 0.8660254037844386)]
pool: 883 vertices, 4854 edges (0.4s)
property holds on pool (UNSAT), 1.4s
after core fixpoint: 537 vertices (15.4s)
greedy: 528 vertices (18.3s)
greedy: 523 vertices (19.3s)
greedy: 517 vertices (20.3s)
greedy: 515 vertices (21.4s)
greedy: 514 vertices (22.6s)
greedy: 512 vertices (23.8s)
greedy: 509 vertices (25.2s)
greedy: 507 vertices (26.7s)
greedy: 504 vertices (28.0s)
greedy: 502 vertices (29.1s)
greedy: 501 vertices (30.3s)
greedy: 497 vertices (31.6s)
greedy: 496 vertices (32.8s)
greedy: 495 vertices (34.4s)
greedy: 494 vertices (35.9s)
greedy: 492 vertices (37.2s)
greedy: 490 vertices (39.0s)
greedy: 488 vertices (40.3s)
greedy: 485 vertices (42.1s)
greedy: 483 vertices (43.5s)
greedy: 480 vertices (44.9s)
greedy: 477 vertices (46.4s)
greedy: 476 vertices (47.9s)
greedy: 475 vertices (49.1s)
greedy: 474 vertices (50.4s)
greedy: 472 vertices (52.7s)
greedy: 467 vertices (55.0s)
greedy: 466 vertices (56.4s)
greedy: 464 vertices (58.4s)
greedy: 462 vertices (60.0s)
greedy: 460 vertices (61.5s)
greedy: 458 vertices (62.9s)
greedy: 457 vertices (64.7s)
greedy: 455 vertices (66.5s)
greedy: 454 vertices (68.1s)
greedy: 453 vertices (69.7s)
greedy: 452 vertices (71.8s)
greedy: 450 vertices (73.3s)
greedy: 449 vertices (75.1s)
greedy: 448 vertices (76.5s)
greedy: 447 vertices (77.9s)
greedy: 445 vertices (80.9s)
greedy: 444 vertices (82.4s)
greedy: 443 vertices (83.9s)
greedy: 442 vertices (85.8s)
greedy: 441 vertices (88.1s)
greedy: 440 vertices (90.1s)
greedy: 439 vertices (93.9s)
greedy: 438 vertices (95.6s)
greedy: 437 vertices (97.6s)
greedy: 436 vertices (99.6s)
greedy: 434 vertices (101.8s)
greedy: 433 vertices (104.2s)
greedy: 432 vertices (106.2s)
greedy: 431 vertices (108.0s)
greedy: 430 vertices (109.9s)
greedy: 427 vertices (111.9s)
greedy: 425 vertices (113.6s)
greedy: 424 vertices (115.9s)
greedy: 423 vertices (121.6s)
greedy: 422 vertices (124.8s)
greedy: 421 vertices (127.2s)
greedy: 420 vertices (130.9s)
greedy: 418 vertices (133.8s)
greedy: 415 vertices (137.8s)
greedy: 414 vertices (142.1s)
greedy: 412 vertices (146.4s)
greedy: 411 vertices (154.5s)
greedy: 410 vertices (157.9s)
greedy: 409 vertices (161.3s)
greedy: 408 vertices (164.2s)
greedy: 407 vertices (168.5s)
greedy: 406 vertices (172.8s)
greedy: 405 vertices (177.3s)
greedy: 404 vertices (183.0s)
greedy: 403 vertices (187.4s)
greedy: 402 vertices (190.9s)
greedy: 399 vertices (196.4s)
greedy: 398 vertices (200.2s)
greedy: 396 vertices (204.5s)
greedy: 394 vertices (208.5s)
greedy: 393 vertices (211.8s)
greedy: 392 vertices (215.5s)
greedy: 391 vertices (220.2s)
greedy: 390 vertices (225.1s)
greedy: 389 vertices (229.3s)
greedy: 386 vertices (235.0s)
greedy: 385 vertices (238.0s)
greedy: 384 vertices (243.2s)
greedy: 383 vertices (247.3s)
greedy: 382 vertices (251.0s)
greedy: 381 vertices (255.3s)
greedy: 380 vertices (263.4s)
greedy: 379 vertices (269.7s)
greedy: 378 vertices (274.7s)
greedy: 377 vertices (278.2s)
greedy: 376 vertices (283.3s)
greedy: 375 vertices (288.1s)
greedy: 374 vertices (292.1s)
greedy: 373 vertices (297.5s)
greedy: 372 vertices (306.0s)
greedy: 371 vertices (310.1s)
greedy: 370 vertices (314.8s)
greedy: 369 vertices (318.9s)
greedy: 368 vertices (326.2s)
greedy: 367 vertices (332.0s)
greedy: 366 vertices (336.7s)
greedy: 365 vertices (341.6s)
greedy: 363 vertices (349.3s)
greedy: 362 vertices (354.3s)
greedy: 361 vertices (361.1s)
greedy: 360 vertices (369.0s)
greedy: 359 vertices (374.8s)
greedy: 358 vertices (380.8s)
greedy: 357 vertices (388.6s)
greedy: 356 vertices (395.1s)
greedy: 355 vertices (401.0s)
greedy: 354 vertices (405.4s)
greedy: 353 vertices (412.1s)
greedy: 352 vertices (422.2s)
greedy: 351 vertices (429.1s)
greedy: 350 vertices (434.6s)
greedy: 349 vertices (439.5s)
greedy: 348 vertices (445.1s)
greedy: 347 vertices (451.1s)
greedy: 346 vertices (460.5s)
greedy: 345 vertices (465.6s)
greedy: 344 vertices (471.8s)
greedy: 343 vertices (477.8s)
FINAL: 343 vertices, 1559 edges
saved gadget_triple_1_seed1.pkl
