placement 0: [(-1.1666666666666667, -0.5527707983925666), (1.0620468872115025, -0.7339775718855619), (0.10461977945516432, 1.2867483702781284)]
pool: 1939 vertices, 13512 edges (0.9s)
property holds on pool (UNSAT), 2.6s
after core fixpoint: 844 vertices (29.2s)
greedy: 833 vertices (31.1s)
greedy: 829 vertices (32.6s)
greedy: 805 vertices (33.4s)
greedy: 781 vertices (34.1s)
greedy: 771 vertices (34.8s)
greedy: 761 vertices (35.4s)
greedy: 757 vertices (36.5s)
greedy: 756 vertices (37.5s)
greedy: 747 vertices (38.2s)
greedy: 743 vertices (38.8s)
greedy: 741 vertices (39.9s)
greedy: 740 vertices (40.9s)
greedy: 734 vertices (41.6s)
greedy: 727 vertices (42.3s)
greedy: 724 vertices (43.2s)
greedy: 723 vertices (43.9s)
greedy: 722 vertices (44.6s)
greedy: 721 vertices (45.3s)
greedy: 720 vertices (46.2s)
greedy: 718 vertices (47.2s)
greedy: 717 vertices (48.2s)
greedy: 716 vertices (49.2s)
greedy: 713 vertices (50.2s)
greedy: 711 vertices (51.1s)
greedy: 709 vertices (51.9s)
greedy: 708 vertices (53.0s)
greedy: 702 vertices (53.8s)
greedy: 700 vertices (54.5s)
greedy: 699 vertices (55.4s)
greedy: 695 vertices (56.1s)
greedy: 692 vertices (56.9s)
greedy: 691 vertices (57.9s)
greedy: 688 vertices (58.8s)
greedy: 686 vertices (59.4s)
greedy: 685 vertices (60.1s)
greedy: 684 vertices (61.0s)
greedy: 681 vertices (62.0s)
greedy: 678 vertices (63.0s)
greedy: 676 vertices (64.0s)
greedy: 675 vertices (65.0s)
greedy: 674 vertices (65.7s)
greedy: 673 vertices (66.6s)
greedy: 671 vertices (67.4s)
greedy: 670 vertices (68.3s)
greedy: 669 vertices (69.4s)
greedy: 668 vertices (70.8s)
greedy: 666 vertices (71.5s)
greedy: 664 vertices (72.4s)
greedy: 662 vertices (73.3s)
greedy: 661 vertices (74.5s)
greedy: 660 vertices (75.4s)
greedy: 659 vertices (76.3s)
greedy: 658 vertices (77.4s)
greedy: 657 vertices (78.3s)
greedy: 654 vertices (79.7s)
greedy: 653 vertices (80.7s)
greedy: 652 vertices (81.9s)
greedy: 650 vertices (83.6s)
greedy: 649 vertices (84.7s)
greedy: 648 vertices (86.6s)
greedy: 647 vertices (88.1s)
greedy: 646 vertices (89.6s)
greedy: 645 vertices (90.7s)
greedy: 643 vertices (92.0s)
greedy: 642 vertices (93.0s)
greedy: 640 vertices (94.0s)
greedy: 639 vertices (96.6s)
greedy: 638 vertices (99.0s)
greedy: 637 vertices (100.5s)
greedy: 636 vertices (101.7s)
greedy: 635 vertices (103.5s)
greedy: 633 vertices (105.1s)
greedy: 632 vertices (106.7s)
greedy: 631 vertices (108.5s)
greedy: 629 vertices (110.8s)
greedy: 628 vertices (112.1s)
greedy: 627 vertices (114.0s)
greedy: 626 vertices (115.9s)
greedy: 625 vertices (117.9s)
greedy: 623 vertices (119.8s)
greedy: 622 vertices (121.6s)
greedy: 621 vertices (123.8s)
greedy: 618 vertices (125.5s)
greedy: 615 vertices (127.2s)
greedy: 614 vertices (129.7s)
greedy: 613 vertices (131.8s)
greedy: 612 vertices (134.6s)
greedy: 610 vertices (136.7s)
greedy: 609 vertices (138.4s)
greedy: 608 vertices (141.5s)
greedy: 607 vertices (143.7s)
greedy: 606 vertices (145.6s)
greedy: 605 vertices (148.0s)
greedy: 604 vertices (150.6s)
greedy: 603 vertices (153.5s)
greedy: 602 vertices (156.2s)
greedy: 601 vertices (158.1s)
greedy: 600 vertices (160.1s)
greedy: 599 vertices (162.4s)
greedy: 598 vertices (165.0s)
greedy: 597 vertices (166.9s)
greedy: 596 vertices (170.0s)
greedy: 595 vertices (172.9s)
greedy: 594 vertices (175.3s)
greedy: 593 vertices (177.4s)
greedy: 592 vertices (180.9s)
greedy: 591 vertices (182.7s)
greedy: 590 vertices (186.2s)
greedy: 589 vertices (188.8s)
greedy: 588 vertices (191.0s)
greedy: 587 vertices (194.0s)
greedy: 586 vertices (196.0s)
greedy: 585 vertices (199.6s)
greedy: 584 vertices (203.6s)
greedy: 583 vertices (205.8s)
greedy: 582 vertices (209.9s)
greedy: 581 vertices (212.0s)
greedy: 580 vertices (214.8s)
greedy: 579 vertices (216.8s)
greedy: 578 vertices (218.7s)
greedy: 577 vertices (221.8s)
greedy: 576 vertices (224.1s)
greedy: 575 vertices (226.4s)
greedy: 574 vertices (228.9s)
greedy: 573 vertices (232.0s)
greedy: 572 vertices (234.3s)
greedy: 571 vertices (236.9s)
greedy: 570 vertices (239.6s)
greedy: 569 vertices (242.5s)
greedy: 568 vertices (245.6s)
greedy: 567 vertices (249.0s)
greedy: 566 vertices (252.3s)
greedy: 565 vertices (257.2s)
greedy: 564 vertices (259.9s)
greedy: 563 vertices (262.6s)
greedy: 562 vertices (264.9s)
greedy: 561 vertices (268.6s)
greedy: 560 vertices (272.0s)
greedy: 559 vertices (275.1s)
greedy: 558 vertices (278.0s)
greedy: 557 vertices (282.6s)
greedy: 556 vertices (287.9s)
greedy: 555 vertices (290.4s)
greedy: 554 vertices (294.1s)
greedy: 553 vertices (297.0s)
greedy: 552 vertices (301.6s)
greedy: 551 vertices (304.5s)
greedy: 550 vertices (307.6s)
greedy: 549 vertices (310.9s)
greedy: 548 vertices (314.0s)
greedy: 547 vertices (318.6s)
greedy: 546 vertices (322.9s)
greedy: 545 vertices (326.0s)
greedy: 544 vertices (331.1s)
greedy: 543 vertices (334.5s)
greedy: 542 vertices (337.6s)
greedy: 541 vertices (341.2s)
greedy: 540 vertices (346.7s)
greedy: 539 vertices (351.5s)
greedy: 538 vertices (355.2s)
greedy: 537 vertices (358.8s)
greedy: 536 vertices (363.3s)
greedy: 535 vertices (366.5s)
greedy: 534 vertices (369.7s)
greedy: 533 vertices (374.2s)
greedy: 532 vertices (378.2s)
greedy: 531 vertices (381.7s)
greedy: 530 vertices (386.3s)
greedy: 529 vertices (391.4s)
greedy: 528 vertices (395.2s)
greedy: 527 vertices (400.1s)
greedy: 526 vertices (403.7s)
greedy: 525 vertices (406.9s)
greedy: 524 vertices (410.2s)
greedy: 523 vertices (414.8s)
greedy: 522 vertices (418.6s)
greedy: 521 vertices (421.7s)
greedy: 520 vertices (425.7s)
greedy: 519 vertices (430.5s)
greedy: 518 vertices (435.9s)
greedy: 517 vertices (439.2s)
greedy: 516 vertices (448.6s)
FINAL: 516 vertices, 2664 edges
saved gadget_triple_5_3_seed0.pkl
