gadget points: [(-0.5, -0.5527707983925666), (0.728713553878169, -0.156627302695936), (-0.22871355387816905, 0.7093981010885027)]
pool: 1225 vertices, 8178 edges (1.8s)
property holds on pool (UNSAT), 2.1s
after core fixpoint: 381 vertices (7.1s)
greedy: 377 vertices (7.6s)
greedy: 373 vertices (7.9s)
greedy: 371 vertices (8.1s)
greedy: 368 vertices (8.2s)
greedy: 367 vertices (8.5s)
greedy: 364 vertices (8.8s)
greedy: 363 vertices (9.0s)
greedy: 361 vertices (9.2s)
greedy: 359 vertices (9.5s)
greedy: 357 vertices (9.9s)
greedy: 354 vertices (10.3s)
greedy: 353 vertices (10.5s)
greedy: 351 vertices (10.8s)
greedy: 350 vertices (11.0s)
greedy: 349 vertices (11.2s)
greedy: 346 vertices (11.5s)
greedy: 344 vertices (11.7s)
greedy: 342 vertices (12.0s)
greedy: 340 vertices (12.2s)
greedy: 339 vertices (12.5s)
greedy: 337 vertices (12.7s)
greedy: 335 vertices (12.9s)
greedy: 334 vertices (13.2s)
greedy: 333 vertices (13.6s)
greedy: 332 vertices (14.0s)
greedy: 329 vertices (14.4s)
greedy: 328 vertices (14.8s)
greedy: 327 vertices (15.2s)
greedy: 325 vertices (15.7s)
greedy: 322 vertices (16.0s)
greedy: 321 vertices (16.4s)
greedy: 320 vertices (16.8s)
greedy: 318 vertices (17.2s)
greedy: 317 vertices (17.5s)
greedy: 316 vertices (17.9s)
greedy: 315 vertices (18.4s)
greedy: 313 vertices (19.1s)
greedy: 311 vertices (19.5s)
greedy: 309 vertices (20.0s)
greedy: 308 vertices (20.5s)
greedy: 307 vertices (21.1s)
greedy: 306 vertices (21.6s)
greedy: 305 vertices (22.6s)
greedy: 303 vertices (23.3s)
greedy: 302 vertices (23.9s)
greedy: 301 vertices (24.6s)
greedy: 300 vertices (25.5s)
greedy: 299 vertices (26.0s)
greedy: 298 vertices (26.4s)
greedy: 297 vertices (27.0s)
greedy: 296 vertices (28.1s)
greedy: 294 vertices (29.2s)
greedy: 293 vertices (29.9s)
greedy: 292 vertices (30.5s)
greedy: 291 vertices (31.0s)
greedy: 290 vertices (31.7s)
greedy: 289 vertices (32.8s)
greedy: 288 vertices (33.6s)
greedy: 287 vertices (34.5s)
greedy: 285 vertices (35.2s)
greedy: 284 vertices (35.8s)
greedy: 283 vertices (36.4s)
greedy: 282 vertices (36.9s)
greedy: 281 vertices (37.4s)
greedy: 280 vertices (38.5s)
greedy: 279 vertices (39.7s)
greedy: 278 vertices (40.8s)
greedy: 277 vertices (41.5s)
greedy: 276 vertices (42.1s)
greedy: 275 vertices (43.7s)
greedy: 274 vertices (44.5s)
greedy: 273 vertices (46.4s)
greedy: 272 vertices (47.5s)
greedy: 271 vertices (48.8s)
greedy: 270 vertices (49.4s)
greedy: 269 vertices (50.9s)
greedy: 268 vertices (52.0s)
greedy: 267 vertices (53.1s)
greedy: 266 vertices (54.9s)
greedy: 265 vertices (56.3s)
greedy: 264 vertices (57.1s)
greedy: 263 vertices (59.7s)
FINAL: 263 vertices, 1131 edges
saved gadget_triple_5_9_seed0.pkl
