gadget points: [(-1.5, -0.28867513459481287), (1.0, -1.1547005383792515), (0.5, 1.4433756729740643)]
pool: 1939 vertices, 13512 edges (1.0s)
property holds on pool (UNSAT), 1.1s
after core fixpoint: 297 vertices (3.1s)
greedy: 294 vertices (3.4s)
greedy: 287 vertices (3.6s)
greedy: 284 vertices (3.7s)
greedy: 283 vertices (3.8s)
greedy: 279 vertices (3.9s)
greedy: 270 vertices (4.1s)
greedy: 267 vertices (4.2s)
greedy: 263 vertices (4.3s)
greedy: 258 vertices (4.4s)
greedy: 257 vertices (4.6s)
greedy: 255 vertices (4.7s)
greedy: 253 vertices (4.8s)
greedy: 250 vertices (5.0s)
greedy: 249 vertices (5.2s)
greedy: 246 vertices (5.5s)
greedy: 245 vertices (5.6s)
greedy: 243 vertices (5.9s)
greedy: 240 vertices (6.1s)
greedy: 239 vertices (6.3s)
greedy: 238 vertices (6.5s)
greedy: 237 vertices (6.6s)
greedy: 235 vertices (6.9s)
greedy: 234 vertices (7.0s)
greedy: 233 vertices (7.1s)
greedy: 232 vertices (7.3s)
greedy: 230 vertices (7.4s)
greedy: 229 vertices (8.0s)
greedy: 228 vertices (8.1s)
greedy: 227 vertices (8.4s)
greedy: 226 vertices (8.8s)
greedy: 225 vertices (9.0s)
greedy: 224 vertices (9.1s)
greedy: 223 vertices (9.4s)
greedy: 221 vertices (9.6s)
greedy: 220 vertices (9.8s)
greedy: 219 vertices (10.1s)
greedy: 217 vertices (10.2s)
greedy: 216 vertices (10.5s)
greedy: 215 vertices (11.3s)
greedy: 214 vertices (11.7s)
greedy: 213 vertices (11.9s)
greedy: 212 vertices (12.3s)
greedy: 210 vertices (12.5s)
greedy: 209 vertices (13.3s)
greedy: 208 vertices (14.0s)
greedy: 207 vertices (14.7s)
greedy: 206 vertices (15.0s)
greedy: 205 vertices (15.2s)
greedy: 204 vertices (15.9s)
greedy: 203 vertices (16.4s)
greedy: 202 vertices (16.7s)
greedy: 201 vertices (17.1s)
greedy: 200 vertices (17.4s)
greedy: 199 vertices (18.5s)
greedy: 198 vertices (19.5s)
greedy: 197 vertices (19.9s)
greedy: 196 vertices (20.9s)
FINAL: 196 vertices, 788 edges
saved gadget_triple_7_3_seed0.pkl
