placement 0: [(-1.5, -0.28867513459481287), (1.0, -1.1547005383792515), (0.5, 1.4433756729740643)]
pool: 1939 vertices, 13512 edges (1.0s)
property holds on pool (UNSAT), 1.1s
after core fixpoint: 297 vertices (3.0s)
greedy: 296 vertices (3.3s)
greedy: 292 vertices (3.4s)
greedy: 287 vertices (3.5s)
greedy: 286 vertices (3.6s)
greedy: 284 vertices (3.8s)
greedy: 283 vertices (3.9s)
greedy: 282 vertices (4.0s)
greedy: 280 vertices (4.1s)
greedy: 276 vertices (4.2s)
greedy: 275 vertices (4.4s)
greedy: 274 vertices (4.5s)
greedy: 273 vertices (4.7s)
greedy: 269 vertices (4.9s)
greedy: 267 vertices (5.1s)
greedy: 265 vertices (5.2s)
greedy: 263 vertices (5.4s)
greedy: 262 vertices (5.5s)
greedy: 261 vertices (5.8s)
greedy: 258 vertices (6.0s)
greedy: 256 vertices (6.1s)
greedy: 254 vertices (6.4s)
greedy: 253 vertices (6.8s)
greedy: 252 vertices (7.1s)
greedy: 251 vertices (7.4s)
greedy: 248 vertices (7.7s)
greedy: 245 vertices (8.2s)
greedy: 244 vertices (8.8s)
greedy: 243 vertices (9.2s)
greedy: 242 vertices (9.6s)
greedy: 241 vertices (10.1s)
greedy: 240 vertices (10.6s)
greedy: 239 vertices (11.1s)
greedy: 238 vertices (11.5s)
greedy: 237 vertices (12.1s)
greedy: 236 vertices (12.9s)
greedy: 234 vertices (14.0s)
greedy: 232 vertices (14.6s)
greedy: 231 vertices (15.1s)
greedy: 230 vertices (15.6s)
greedy: 229 vertices (16.1s)
greedy: 228 vertices (17.9s)
greedy: 227 vertices (18.8s)
greedy: 226 vertices (19.8s)
greedy: 225 vertices (20.3s)
greedy: 224 vertices (22.0s)
greedy: 223 vertices (22.8s)
greedy: 222 vertices (23.8s)
greedy: 220 vertices (24.7s)
greedy: 219 vertices (25.6s)
greedy: 217 vertices (26.3s)
greedy: 216 vertices (30.9s)
FINAL: 216 vertices, 897 edges
saved gadget_triple_7_3_seed3.pkl
