placement 0: [(-1.5, -0.28867513459481287), (1.0, -1.1547005383792515), (0.5, 1.4433756729740643)]
pool: 1939 vertices, 13512 edges (0.9s)
property holds on pool (UNSAT), 1.1s
after core fixpoint: 297 vertices (3.0s)
greedy: 294 vertices (3.3s)
greedy: 288 vertices (3.4s)
greedy: 283 vertices (3.6s)
greedy: 279 vertices (3.8s)
greedy: 275 vertices (3.9s)
greedy: 273 vertices (4.1s)
greedy: 268 vertices (4.4s)
greedy: 264 vertices (4.5s)
greedy: 260 vertices (4.6s)
greedy: 259 vertices (4.8s)
greedy: 258 vertices (4.9s)
greedy: 253 vertices (5.1s)
greedy: 250 vertices (5.2s)
greedy: 249 vertices (5.3s)
greedy: 248 vertices (5.4s)
greedy: 246 vertices (5.7s)
greedy: 244 vertices (5.8s)
greedy: 243 vertices (6.0s)
greedy: 241 vertices (6.1s)
greedy: 239 vertices (6.2s)
greedy: 238 vertices (6.4s)
greedy: 237 vertices (6.8s)
greedy: 236 vertices (7.0s)
greedy: 233 vertices (7.2s)
greedy: 232 vertices (7.4s)
greedy: 231 vertices (7.6s)
greedy: 229 vertices (7.7s)
greedy: 228 vertices (7.9s)
greedy: 227 vertices (8.6s)
greedy: 225 vertices (8.8s)
greedy: 223 vertices (8.9s)
greedy: 222 vertices (9.1s)
greedy: 220 vertices (9.3s)
greedy: 219 vertices (9.5s)
greedy: 217 vertices (9.8s)
greedy: 216 vertices (10.1s)
greedy: 215 vertices (10.4s)
greedy: 214 vertices (10.6s)
greedy: 213 vertices (10.9s)
greedy: 212 vertices (11.1s)
greedy: 211 vertices (11.3s)
greedy: 210 vertices (11.9s)
greedy: 209 vertices (12.4s)
greedy: 208 vertices (12.6s)
greedy: 207 vertices (12.8s)
greedy: 205 vertices (13.0s)
greedy: 204 vertices (13.4s)
greedy: 203 vertices (13.8s)
greedy: 202 vertices (14.0s)
greedy: 201 vertices (14.2s)
greedy: 200 vertices (14.4s)
greedy: 199 vertices (14.9s)
greedy: 198 vertices (15.4s)
greedy: 197 vertices (15.9s)
greedy: 196 vertices (16.3s)
greedy: 195 vertices (16.6s)
greedy: 194 vertices (17.2s)
greedy: 193 vertices (17.6s)
greedy: 192 vertices (18.3s)
greedy: 191 vertices (18.8s)
greedy: 190 vertices (19.1s)
greedy: 189 vertices (19.4s)
greedy: 188 vertices (19.6s)
FINAL: 188 vertices, 752 edges
saved gadget_triple_7_3_seed2.pkl
