placement 0: [(-1.5, -0.28867513459481287), (1.0, -1.1547005383792515), (0.5, 1.4433756729740643)]
pool: 3775 vertices, 32400 edges (4.0s)
property holds on pool (UNSAT), 4.4s
after core fixpoint: 280 vertices (5.9s)
greedy: 278 vertices (6.1s)
greedy: 276 vertices (6.3s)
greedy: 274 vertices (6.4s)
greedy: 273 vertices (6.5s)
greedy: 272 vertices (6.6s)
greedy: 270 vertices (6.7s)
greedy: 269 vertices (6.8s)
greedy: 268 vertices (6.9s)
greedy: 264 vertices (7.1s)
greedy: 262 vertices (7.2s)
greedy: 261 vertices (7.3s)
greedy: 258 vertices (7.5s)
greedy: 257 vertices (7.7s)
greedy: 256 vertices (7.8s)
greedy: 254 vertices (8.0s)
greedy: 253 vertices (8.1s)
greedy: 251 vertices (8.3s)
greedy: 250 vertices (8.5s)
greedy: 249 vertices (8.6s)
greedy: 248 vertices (8.8s)
greedy: 246 vertices (8.9s)
greedy: 245 vertices (9.0s)
greedy: 244 vertices (9.3s)
greedy: 243 vertices (9.5s)
greedy: 242 vertices (9.7s)
greedy: 241 vertices (9.8s)
greedy: 238 vertices (10.0s)
greedy: 235 vertices (10.2s)
greedy: 234 vertices (10.3s)
greedy: 233 vertices (10.5s)
greedy: 232 vertices (10.9s)
greedy: 231 vertices (11.1s)
greedy: 230 vertices (11.3s)
greedy: 229 vertices (11.4s)
greedy: 228 vertices (11.7s)
greedy: 227 vertices (12.4s)
greedy: 226 vertices (12.6s)
greedy: 225 vertices (12.8s)
greedy: 224 vertices (13.2s)
greedy: 223 vertices (14.1s)
greedy: 221 vertices (15.1s)
greedy: 220 vertices (15.6s)
greedy: 219 vertices (15.9s)
greedy: 218 vertices (16.6s)
greedy: 217 vertices (17.0s)
greedy: 215 vertices (17.2s)
greedy: 214 vertices (17.8s)
greedy: 213 vertices (18.5s)
greedy: 212 vertices (18.8s)
greedy: 211 vertices (19.2s)
greedy: 210 vertices (20.3s)
greedy: 209 vertices (20.7s)
greedy: 208 vertices (21.9s)
greedy: 207 vertices (22.3s)
greedy: 206 vertices (23.1s)
greedy: 205 vertices (23.5s)
greedy: 204 vertices (24.1s)
FINAL: 204 vertices, 828 edges
saved gadget_triple_7_3_seed1.pkl
