placement 0: [(-1.5, -0.28867513459481287), (1.0, -1.1547005383792515), (0.5, 1.4433756729740643)]
pool: 3775 vertices, 32400 edges (3.8s)
property holds on pool (UNSAT), 4.2s
after core fixpoint: 280 vertices (5.7s)
greedy: 278 vertices (6.0s)
greedy: 275 vertices (6.1s)
greedy: 274 vertices (6.3s)
greedy: 273 vertices (6.4s)
greedy: 270 vertices (6.5s)
greedy: 269 vertices (6.6s)
greedy: 267 vertices (6.7s)
greedy: 265 vertices (6.9s)
greedy: 263 vertices (7.2s)
greedy: 260 vertices (7.5s)
greedy: 258 vertices (7.6s)
greedy: 256 vertices (7.7s)
greedy: 254 vertices (7.8s)
greedy: 253 vertices (8.1s)
greedy: 252 vertices (8.4s)
greedy: 251 vertices (8.5s)
greedy: 250 vertices (8.7s)
greedy: 249 vertices (8.8s)
greedy: 245 vertices (8.9s)
greedy: 243 vertices (9.1s)
greedy: 242 vertices (9.3s)
greedy: 241 vertices (9.5s)
greedy: 239 vertices (9.8s)
greedy: 238 vertices (10.0s)
greedy: 236 vertices (10.2s)
greedy: 235 vertices (10.5s)
greedy: 234 vertices (10.7s)
greedy: 233 vertices (10.9s)
greedy: 232 vertices (11.2s)
greedy: 231 vertices (11.6s)
greedy: 230 vertices (11.9s)
greedy: 229 vertices (12.1s)
greedy: 228 vertices (12.3s)
greedy: 227 vertices (12.5s)
greedy: 226 vertices (12.9s)
greedy: 225 vertices (13.1s)
greedy: 224 vertices (13.5s)
greedy: 223 vertices (13.8s)
greedy: 222 vertices (13.9s)
greedy: 221 vertices (14.2s)
greedy: 220 vertices (14.4s)
greedy: 219 vertices (14.9s)
greedy: 218 vertices (15.1s)
greedy: 216 vertices (15.3s)
greedy: 215 vertices (15.6s)
greedy: 214 vertices (16.1s)
greedy: 213 vertices (17.0s)
greedy: 212 vertices (17.4s)
greedy: 211 vertices (18.5s)
greedy: 210 vertices (18.9s)
greedy: 209 vertices (19.2s)
greedy: 208 vertices (19.4s)
greedy: 207 vertices (20.5s)
greedy: 206 vertices (21.2s)
greedy: 205 vertices (23.7s)
greedy: 203 vertices (24.5s)
greedy: 202 vertices (25.5s)
FINAL: 202 vertices, 823 edges
saved gadget_triple_7_3_seed0.pkl
