c ---- [ banner ] ------------------------------------------------------------
c
c Kissat SAT Solver
c 
c Copyright (c) 2021-2024 Armin Biere University of Freiburg
c Copyright (c) 2019-2021 Armin Biere Johannes Kepler University Linz
c 
c Version 4.0.4 8af8e56f174b778aef3aa45af9f739b2a5f492c2
c gcc (Ubuntu 11.4.0-1ubuntu1~22.04) 11.4.0 -W -Wall -O3 -DNDEBUG
c Fri Jul 24 15:43:44 UTC 2026 Linux devin-box 5.15.200 x86_64
c
c ---- [ parsing ] -----------------------------------------------------------
c
c opened and reading DIMACS file:
c
c   L61_8.cnf
c
c parsed 'p cnf 610 2440' header
c closing input after reading 36539 bytes (36 KB)
c finished parsing after 0.00 seconds
c
c ---- [ solving ] -----------------------------------------------------------
c
c seconds switched rate     size/glue tier1 binary      remaining
c        MB reductions conflicts size  tier2  irredundant
c         level restarts redundant glue  trail      variables
c
c *  0.00  3 0 0 0  0 0   0   0 0.0 0 0 0 0 0%   0 2440 610 100%
c (  0.00  3 0 0 0  0 0   0   0 0.0 0 0 0 0 0%   0 2440 610 100%
c .  0.00  3 0 0 0  0 0   0   0 0.0 0 0 0 0 0%   0 2440 610 100%
c )  0.02  4 0 0 0  0 0   0   0 0.0 0 0 0 0 0%   0 2440 610 100%
c {  0.02  4 0 0 0  0 0   0   0 0.0 0 0 2 6 0%   0 2440 610 100%
c }  0.02  4 95 0 0  0 11  35  35 1.6 8 5 2 6 78%   0 2440 610 100%
c 1  0.02  4 95 0 0  0 11  35  35 1.6 8 5 2 6 78%   0 2440 610 100%
c
c ---- [ result ] ------------------------------------------------------------
c
s SATISFIABLE
v -1 -2 3 4 -5 -6 7 -8 9 10 -11 12 -13 14 -15 -16 17 18 19 20 21 -22 23 -24
v -25 26 27 -28 29 -30 -31 -32 33 -34 -35 -36 37 38 39 40 -41 42 -43 -44 45 46
v 47 -48 -49 -50 -51 52 53 54 -55 -56 57 58 -59 -60 61 62 63 -64 -65 66 67 68
v -69 70 -71 72 73 -74 -75 76 -77 -78 79 80 -81 82 83 84 85 86 -87 88 -89 90
v 91 -92 -93 94 95 -96 97 -98 99 100 101 102 103 -104 -105 -106 107 108 109
v -110 -111 112 113 -114 -115 -116 117 118 -119 120 121 122 123 124 -125 -126
v 127 -128 -129 130 -131 132 133 134 -135 136 -137 138 -139 140 -141 142 -143
v 144 145 146 -147 148 -149 -150 -151 152 153 -154 155 156 157 -158 -159 160
v -161 -162 163 -164 -165 166 -167 168 -169 170 171 172 -173 174 -175 176 177
v 178 -179 180 -181 182 -183 184 185 186 -187 188 189 -190 -191 -192 193 194
v -195 196 -197 -198 -199 -200 201 202 -203 -204 205 -206 -207 -208 209 210
v -211 212 -213 -214 -215 -216 217 -218 219 -220 221 -222 -223 224 225 -226
v 227 228 -229 230 -231 -232 -233 234 235 236 -237 -238 239 240 -241 242 243
v -244 245 -246 -247 248 -249 250 -251 -252 -253 254 255 -256 257 -258 -259
v -260 261 -262 -263 -264 265 -266 267 -268 269 270 271 272 -273 -274 275 -276
v -277 278 -279 280 -281 -282 -283 284 285 286 -287 -288 -289 290 -291 -292
v 293 -294 295 296 -297 -298 299 300 301 302 -303 -304 305 -306 -307 308 -309
v 310 311 -312 -313 314 315 316 317 -318 -319 320 321 322 323 -324 325 326
v -327 328 329 330 331 332 333 -334 335 -336 337 338 -339 340 341 -342 -343
v 344 345 -346 347 -348 349 -350 351 352 -353 354 355 -356 -357 358 359 -360
v 361 -362 -363 364 365 366 -367 368 369 370 -371 372 373 -374 -375 376 -377
v 378 -379 380 -381 382 -383 384 -385 386 -387 -388 -389 -390 391 392 393 394
v 395 396 -397 -398 399 -400 -401 -402 403 -404 405 406 407 408 -409 -410 411
v 412 -413 -414 415 -416 417 418 419 420 -421 -422 -423 -424 -425 -426 427
v -428 429 -430 431 432 -433 -434 -435 -436 437 -438 -439 440 441 -442 443
v -444 445 -446 447 -448 -449 450 451 452 453 -454 -455 -456 457 -458 -459 460
v -461 462 -463 -464 -465 466 467 -468 -469 470 -471 472 473 -474 475 -476 477
v -478 -479 480 -481 482 483 -484 -485 486 487 -488 -489 490 -491 492 -493 494
v 495 496 -497 -498 499 -500 -501 502 503 504 -505 -506 507 -508 509 -510 511
v 512 513 -514 515 -516 517 518 -519 -520 521 522 523 524 525 -526 -527 528
v 529 -530 -531 532 -533 534 535 -536 537 -538 -539 540 541 -542 543 -544 -545
v 546 547 -548 -549 -550 551 552 553 -554 -555 -556 557 -558 -559 560 561 -562
v 563 -564 565 -566 -567 568 -569 570 -571 -572 -573 -574 575 -576 -577 -578
v -579 580 -581 -582 -583 -584 585 -586 587 588 -589 590 -591 592 -593 594
v -595 -596 -597 -598 -599 -600 -601 -602 -603 -604 -605 -606 607 -608 609 610
v 0
c
c ---- [ profiling ] ---------------------------------------------------------
c
c           0.02   93.40 %  preprocess
c           0.02   92.96 %  probe
c           0.02   87.30 %  sweep
c           0.00    3.13 %  parse
c           0.00    2.91 %  factor
c           0.00    2.07 %  congruence
c           0.00    1.63 %  lucky
c           0.00    1.17 %  search
c           0.00    1.15 %  focused
c           0.00    0.47 %  substitute
c           0.00    0.12 %  backbone
c           0.00    0.00 %  simplify
c =============================================
c           0.02  100.00 %  total
c
c ---- [ statistics ] --------------------------------------------------------
c
c conflicts:                               35             1421.72 per second
c decisions:                              423               12.09 per conflict
c propagations:                          7440           302218    per second
c switched:                                 0                0    interval
c
c ---- [ glue usage ] --------------------------------------------------------
c
c focused glue 4 used 7 clauses 63.64% accumulated 72.73% tier1
c focused glue 5 used 1 clauses  9.09% accumulated 81.82% tier2
c
c ---- [ resources ] ---------------------------------------------------------
c
c maximum-resident-set-size:          4014080 bytes          4 MB
c process-time:                                              0.02 seconds
c
c ---- [ shutting down ] -----------------------------------------------------
c
c exit 10
