c ---- [ banner ] ------------------------------------------------------------
c
c Kissat SAT Solver
c 
c Copyright (c) 2021-2024 Armin Biere University of Freiburg
c Copyright (c) 2019-2021 Armin Biere Johannes Kepler University Linz
c 
c Version 4.0.4 8af8e56f174b778aef3aa45af9f739b2a5f492c2
c gcc (Ubuntu 11.4.0-1ubuntu1~22.04) 11.4.0 -W -Wall -O3 -DNDEBUG
c Fri Jul 24 15:43:44 UTC 2026 Linux devin-box 5.15.200 x86_64
c
c ---- [ proving ] -----------------------------------------------------------
c
c opened and writing proof to DRAT file:
c
c   h3_39.drat
c
c ---- [ parsing ] -----------------------------------------------------------
c
c opened and reading DIMACS file:
c
c   h3_39.cnf
c
c parsed 'p cnf 411 1796' header
c closing input after reading 26459 bytes (26 KB)
c finished parsing after 0.00 seconds
c
c ---- [ solving ] -----------------------------------------------------------
c
c seconds switched rate     size/glue tier1 binary      remaining
c        MB reductions conflicts size  tier2  irredundant
c         level restarts redundant glue  trail      variables
c
c *  0.00  3 0 0 0  0 0   0   0 0.0 0 0 0 0 0%   0 1796 411 100%
c (  0.00  3 0 0 0  0 0   0   0 0.0 0 0 0 0 0%   0 1796 411 100%
c .  0.00  3 0 0 0  0 0   0   0 0.0 0 0 0 0 0%   0 1796 411 100%
c )  0.03  3 0 0 0  0 0   0   0 0.0 0 0 0 0 0%   0 1796 411 100%
c {  0.03  3 0 0 0  0 0   0   0 0.0 0 0 2 6 0%   0 1796 411 100%
c -  0.03  4 29 0 1 133 7 1001 904 1.7 9 5 3 6 32%   0 1796 411 100%
c }  0.03  4 29 1 1 133 7 1001 904 1.7 9 5 3 6 32%   0 1796 411 100%
c [  0.03  4 0 1 1 133 0 1001 904 0.0 0 0 2 6 0%   0 1796 411 100%
c B  0.03  4 0 1 1 133 0 1001 904 0.0 0 0 2 6 0%   0 1796 411 100%
c ]  0.04  4 26 2 1 133 2 1723 1602 1.7 16 9 3 12 34%   0 1796 411 100%
c {  0.04  4 29 2 1 133 7 1723 1602 1.7 9 5 3 6 32%   0 1796 411 100%
c -  0.04  4 27 2 2 151 7 2002 1771 1.7 9 5 3 6 31%   0 1796 411 100%
c }  0.04  4 25 3 2 187 5 2723 2486 1.7 9 5 3 6 30%   0 1796 411 100%
c [  0.04  4 26 3 2 187 2 2723 2486 1.7 16 9 3 12 34%   0 1796 411 100%
c W  0.05  4 26 3 2 187 2 2723 2486 1.7 16 9 3 12 34%   0 1796 411 100%
c -  0.05  4 29 3 3 187 2 3417 2776 1.7 17 10 3 12 34%   0 1796 411 100%
c ]  0.05  4 29 4 3 187 2 3549 2903 1.7 17 10 3 12 34%   0 1796 411 100%
c {  0.05  4 25 4 3 187 5 3549 2903 1.7 9 5 3 6 30%   0 1796 411 100%
c u  0.06  5 25 4 3 235 6 3868 2323 1.7 9 5 3 6 30%   0 1796 411 100%
c v  0.06  5 25 4 3 235 6 3868 1937 1.7 9 5 3 6 30%   0 1796 411 100%
c
c seconds  switched  rate       size/glue tier1  binary      remaining
c        MB reductions conflicts     size  tier2   irredundant
c         level restarts   redundant   glue   trail      variables
c
c w  0.07  5 25 4 3 235 6 3868 1923 1.7 9 5 3 6 30%   0 1796 411 100%
c -  0.08  5 25 4 4 344 5 5149 2776 1.7 9 5 2 6 29%   0 1796 411 100%
c }  0.08  5 25 5 4 446 5 5901 3524 1.7 9 5 2 6 29%   0 1796 411 100%
c [  0.08  5 29 5 4 446 2 5901 3524 1.7 17 10 3 12 34%   0 1796 411 100%
c I  0.08  5 29 5 4 446 2 5901 3524 1.7 17 10 3 12 34%   0 1796 411 100%
c -  0.10  5 25 5 5 447 2 7149 3961 1.7 17 10 2 11 31%   0 1796 411 100%
c ]  0.10  5 24 6 5 447 2 7547 4340 1.7 17 10 2 11 31%   0 1796 411 100%
c {  0.10  5 25 6 5 447 5 7547 4340 1.7 9 5 2 6 29%   0 1796 411 100%
c -  0.12  5 23 6 6 670 5 9385 5201 1.7 9 5 2 6 27%   0 1796 411 100%
c o  0.13  5 22 6 6 727 5 10001 5808 1.7 9 5 2 6 27%   0 1796 411 100%
c }  0.15  5 21 7 6 913 5 11616 7397 1.8 10 5 2 6 27%   0 1796 411 100%
c [  0.15  5 24 7 6 913 2 11616 7397 1.7 17 10 2 11 31%   0 1796 411 100%
c B  0.15  5 24 7 6 913 2 11616 7397 1.7 17 10 2 11 31%   0 1796 411 100%
c -  0.15  6 24 7 7 913 2 11835 6596 1.7 17 10 2 11 31%   0 1796 411 100%
c u  0.16  5 24 7 7 913 2 11917 5857 1.7 17 10 2 11 31%   0 1796 411 100%
c v  0.17  5 24 7 7 913 2 11917 5672 1.7 17 10 2 11 31%   0 1796 411 100%
c w  0.17  5 24 7 7 913 2 11917 5665 1.7 17 10 2 11 31%   0 1796 411 100%
c -  0.21  6 23 7 8 915 2 14480 6185 1.6 18 11 2 11 31%   0 1796 411 100%
c ]  0.23  6 22 8 8 916 1 16418 7955 1.7 18 11 2 11 32%   0 1796 411 100%
c {  0.23  6 21 8 8 916 5 16418 7955 1.8 10 5 2 6 27%   0 1796 411 100%
c
c seconds  switched   rate        size/glue tier1   binary      remaining
c        MB reductions  conflicts       size  tier2   irredundant
c         level  restarts    redundant    glue   trail      variables
c
c -  0.25  6 21 8 9 1105 5 17308 6580 1.8 10 5 2 5 27%   0 1796 411 100%
c ^  0.28  6 21 8 9 1413 5 19337 8593 1.7 10 6 2 5 27%   0 1796 411 100%
c o  0.29  7 21 8 9 1592 5 20009 9257 1.7 10 6 2 5 27%   0 1796 411 100%
c -  0.30  7 21 8 10 1657 5 20310 8149 1.7 10 6 2 5 27%   0 1796 411 100%
c }  0.33  7 21 9 10 2020 5 22578 10394 1.7 10 6 2 5 27%   0 1796 411 100%
c [  0.33  7 22 9 10 2020 1 22578 10394 1.7 18 11 2 11 32%   0 1796 411 100%
c W  0.33  7 22 9 10 2020 1 22578 10394 1.7 18 11 2 11 32%   0 1796 411 100%
c -  0.35  7 23 9 11 2020 1 23474 9223 1.7 19 11 2 10 32%   0 1796 411 100%
c u  0.37  7 23 9 11 2021 1 24411 9718 1.7 19 12 2 10 33%   0 1796 411 100%
c v  0.37  7 23 9 11 2021 1 24411 9592 1.7 19 12 2 10 33%   0 1796 411 100%
c w  0.38  7 23 9 11 2021 1 24411 9588 1.7 19 12 2 10 33%   0 1796 411 100%
c -  0.42  7 23 9 12 2023 1 26791 8932 1.6 19 12 2 11 32%   0 1796 411 100%
c ]  0.46  7 21 10 12 2025 1 29404 11296 1.7 19 11 2 11 31%   0 1796 411 100%
c {  0.46  7 21 10 12 2025 5 29404 11296 1.7 10 6 2 5 27%   0 1796 411 100%
c -  0.48  8 21 10 13 2200 5 30256 9735 1.7 10 6 2 5 27%   0 1796 411 100%
c -  0.56  8 21 10 14 2929 5 33861 11574 1.7 11 6 2 4 26%   0 1796 411 100%
c -  0.65  8 21 10 15 3552 5 37602 12521 1.7 11 6 1 4 27%   0 1796 411 100%
c }  0.66  8 21 11 15 3620 5 38031 12943 1.7 11 6 1 4 27%   0 1796 411 100%
c [  0.66  8 21 11 15 3620 1 38031 12943 1.7 19 11 2 11 31%   0 1796 411 100%
c O  0.66  8 21 11 15 3620 1 38031 12943 1.7 19 11 2 11 31%   0 1796 411 100%
c
c seconds   switched    rate         size/glue  tier1    binary      remaining
c        MB   reductions  conflicts        size   tier2    irredundant
c         level    restarts     redundant     glue    trail      variables
c
c ^  0.67  8 21 11 15 3620 1 38675 13521 1.7 19 11 2 11 31%   0 1796 411 100%
c -  0.73  8 20 11 16 3622 1 41475 12610 1.7 18 11 2 9 31%   0 1796 411 100%
c u  0.74  8 20 11 16 3622 1 41625 11263 1.7 18 11 2 9 32%   0 1796 411 100%
c v  0.75  8 20 11 16 3622 1 41625 10730 1.7 18 11 2 9 32%   0 1796 411 100%
c w  0.76  8 20 11 16 3622 1 41625 10519 1.7 18 11 2 9 32%   0 1796 411 100%
c o  0.76  8 20 11 16 3622 1 41625 10519 1.7 18 11 2 9 32%   0 1796 411 100%
c -  0.83  8 19 11 17 3625 1 45476 9999 1.7 18 11 2 9 31%   0 1796 411 100%
c B  0.86  8 19 11 17 3626 1 47792 12044 1.7 18 11 2 9 31%   0 1796 411 100%
c -  0.90  8 19 11 18 3626 1 49600 10048 1.7 19 11 2 9 32%   0 1796 411 100%
c ]  0.92  8 20 12 18 3628 1 51422 11654 1.7 19 11 2 9 32%   0 1796 411 100%
c {  0.93  8 21 12 18 3628 5 51422 11654 1.7 11 6 1 4 27%   0 1796 411 100%
c -  0.98  8 21 12 19 4093 5 53842 10843 1.7 11 7 1 4 27%   0 1796 411 100%
c -  1.07  8 20 12 20 4566 5 58201 12323 1.7 11 7 1 4 27%   0 1796 411 100%
c -  1.17  8 20 12 21 5154 5 62673 13956 1.7 12 7 1 4 27%   0 1796 411 100%
c }  1.18  8 20 13 21 5216 5 62901 14182 1.7 12 7 1 4 27%   0 1796 411 100%
c [  1.18  8 20 13 21 5216 1 62901 14182 1.7 19 11 2 9 32%   0 1796 411 100%
c W  1.18  7 20 13 21 5216 1 62901 14182 1.7 19 11 2 9 32%   0 1796 411 100%
c u  1.21  7 20 13 21 5216 1 63787 13872 1.7 19 11 2 9 32%   0 1796 411 100%
c v  1.22  7 20 13 21 5216 1 63787 13403 1.7 19 11 2 9 32%   0 1796 411 100%
c w  1.23  8 20 13 21 5216 1 63787 13288 1.7 19 11 2 9 32%   0 1796 411 100%
c
c seconds   switched    rate         size/glue  tier1   binary      remaining
c        MB   reductions  conflicts        size   tier2   irredundant
c         level    restarts     redundant     glue   trail      variables
c
c -  1.36  8 19 13 22 5219 1 67256 12320 1.7 18 11 2 8 31%   0 1796 411 100%
c -  1.45  8 18 13 23 5222 1 71947 12033 1.7 18 10 2 8 31%   0 1796 411 100%
c -  1.54  8 18 13 24 5224 1 76743 12766 1.8 18 10 2 8 31%   0 1796 411 100%
c ]  1.56  8 18 14 24 5225 1 77596 13406 1.8 18 10 2 8 31%   0 1796 411 100%
c {  1.56  8 20 14 24 5225 5 77596 13406 1.7 12 7 1 4 27%   0 1796 411 100%
c o  1.56  8 20 14 24 5231 5 77619 13429 1.7 12 7 1 4 27%   0 1796 411 100%
c ^  1.63  8 20 14 24 5483 5 80599 16345 1.7 12 7 1 4 27%   0 1796 411 100%
c -  1.66  8 20 14 25 5629 5 81641 14234 1.7 12 7 1 4 27%   0 1796 411 100%
c -  1.79  8 20 14 26 6442 5 86642 15332 1.7 12 7 1 4 27%   0 1796 411 100%
c u  1.92  8 20 14 26 7157 4 91054 18889 1.7 12 7 1 4 27%   0 1796 411 100%
c v  1.94  8 20 14 26 7157 4 91054 18593 1.7 12 7 1 4 27%   0 1796 411 100%
c w  1.94  9 20 14 26 7157 4 91054 18589 1.7 12 7 1 4 27%   0 1796 411 100%
c -  1.97  8 20 14 27 7198 4 91741 15162 1.7 12 7 1 4 27%   0 1796 411 100%
c }  1.98  8 19 15 27 7229 4 92311 15714 1.7 12 7 1 4 27%   0 1796 411 100%
c [  1.98  8 18 15 27 7229 1 92311 15714 1.8 18 10 2 8 31%   0 1796 411 100%
c I  1.98  8 18 15 27 7229 1 92311 15714 1.8 18 10 2 8 31%   0 1796 411 100%
c -  2.08  9 17 15 28 7232 1 96937 14984 1.8 18 10 2 8 31%   0 1796 411 100%
c -  2.19  9 17 15 29 7235 1 102232 14449 1.8 18 10 2 8 31%   0 1796 411 100%
c -  2.31  9 16 15 30 7238 1 107619 14734 1.8 17 10 2 7 31%   0 1796 411 100%
c B  2.37  9 16 15 30 7240 1 110113 16726 1.8 17 10 2 7 31%   1 1795 411 100%
c
c seconds   switched    rate          size/glue  tier1   binary      remaining
c        MB   reductions  conflicts         size   tier2   irredundant
c         level    restarts      redundant     glue   trail      variables
c
c ]  2.39  9 16 16 30 7241 1 111109 17596 1.8 17 10 2 7 31%   1 1795 411 100%
c {  2.39  9 19 16 30 7241 4 111109 17596 1.7 12 7 1 4 27%   1 1795 411 100%
c -  2.44  9 19 16 31 7432 4 113097 15679 1.7 12 7 1 4 27%   1 1795 411 100%
c o  2.56  9 19 16 31 7946 4 117634 19995 1.8 12 7 1 4 27%   1 1795 411 100%
c -  2.59  9 19 16 32 8069 4 118665 16810 1.8 12 7 1 4 27%   1 1795 411 100%
c u  2.77  9 19 16 32 8870 4 123619 19843 1.7 13 7 1 4 27%   1 1795 411 100%
c v  2.79  9 19 16 32 8870 4 123619 18999 1.7 13 7 1 4 27%   1 1795 411 100%
c w  2.80  9 19 16 32 8870 4 123619 18794 1.7 13 7 1 4 27%   1 1795 411 100%
c -  2.83  9 19 16 33 8984 4 124321 15222 1.7 13 7 1 4 27%   1 1795 411 100%
c }  2.97  9 19 17 33 9558 4 129446 20186 1.7 13 7 1 4 27%   1 1795 411 100%
c [  2.97  9 16 17 33 9558 1 129446 20186 1.8 17 10 2 7 31%   1 1795 411 100%
c -  2.98  8 16 17 34 9558 1 130066 16118 1.8 17 10 1 7 31%   1 1795 411 100%
c W  3.02  8 16 17 34 9559 1 131026 16988 1.8 17 10 1 7 31%   1 1795 411 100%
c -  3.15  8 16 17 35 9563 1 135898 16000 1.8 17 10 1 7 30%   1 1795 411 100%
c -  3.30  8 16 17 36 9565 1 141817 15638 1.8 17 10 1 7 31%   1 1795 411 100%
c -  3.46  8 16 17 37 9569 1 147818 16878 1.8 17 9 1 7 31%   1 1795 411 100%
c ^  3.47  8 16 17 37 9570 1 148127 17153 1.8 17 9 1 7 31%   1 1795 411 100%
c -  3.62  8 16 17 38 9571 1 153900 17467 1.8 18 10 1 7 31%   1 1795 411 100%
c ]  3.64  8 16 18 38 9572 1 154796 18268 1.8 18 10 1 7 31%   1 1795 411 100%
c {  3.64  8 19 18 38 9572 4 154796 18268 1.7 13 7 1 4 27%   1 1795 411 100%
c
c seconds   switched    rate          size/glue tier1   binary      remaining
c        MB   reductions  conflicts         size  tier2   irredundant
c         level    restarts      redundant    glue   trail      variables
c
c -  3.80  8 18 18 39 9687 4 160064 17996 1.8 13 7 1 4 27%   1 1795 411 100%
c u  3.87  8 18 18 39 9725 4 161676 17399 1.8 13 7 1 4 27%   1 1795 411 100%
c v  3.90  8 18 18 39 9725 4 161676 16544 1.8 13 7 1 4 27%   1 1795 411 100%
c w  3.92  8 18 18 39 9725 4 161676 16450 1.8 13 7 1 4 27%   1 1795 411 100%
c -  4.06  8 18 18 40 9825 4 166308 17017 1.8 13 7 1 4 28%   1 1795 411 100%
c o  4.11  8 17 18 40 9863 4 168123 18683 1.8 13 7 1 4 28%   1 1795 411 100%
c -  4.26  8 17 18 41 9960 3 172632 18541 1.8 13 7 1 4 28%   1 1795 411 100%
c }  4.41  8 17 19 41 10074 3 177141 22537 1.8 13 7 1 4 28%   1 1795 411 100%
c [  4.41  8 16 19 41 10074 1 177141 22537 1.8 18 10 1 7 31%   1 1795 411 100%
c O  4.41  8 16 19 41 10074 1 177141 22537 1.8 18 10 1 7 31%   1 1795 411 100%
c -  4.48  8 16 19 42 10075 1 179035 19385 1.8 18 10 1 7 31%   1 1795 411 100%
c -  4.65  8 16 19 43 10080 1 185517 19461 1.8 17 9 1 7 32%   1 1795 411 100%
c -  4.82  9 16 19 44 10083 1 192074 18140 1.8 18 10 1 7 32%   1 1795 411 100%
c -  5.01  9 16 19 45 10087 1 198708 17486 1.8 18 10 1 7 32%   2 1795 411 100%
c ]  5.18  9 15 20 45 10088 1 204628 22206 1.9 17 9 1 7 32%   4 1795 411 100%
c {  5.18  9 17 20 45 10088 3 204628 22206 1.8 13 7 1 4 28%   4 1795 411 100%
c c  5.20  9 17 20 45 10088 3 205341 22738 1.8 13 7 1 4 28%   7 1794 410 100%
c d  5.20  9 17 20 45 10088 3 205341 22482 1.8 13 7 1 4 28%   6 1794 410 100%
c u  5.24  9 17 20 45 10088 3 205341 21280 1.8 13 7 1 4 28%   5 1794 410 100%
c v  5.28  9 17 20 45 10088 3 205341 20084 1.8 13 7 1 4 28%   6 1794 410 100%
c
c seconds   switched     rate          size/glue tier1   binary      remaining
c        MB   reductions   conflicts         size  tier2   irredundant
c         level    restarts       redundant    glue   trail      variables
c
c w  5.30  9 17 20 45 10088 3 205341 16865 1.8 13 7 1 4 28%   7 1794 410 100%
c u  5.52  9 17 20 45 10088 3 205341 16345 1.8 13 7 1 4 28%   9 1794 410 100%
c v  5.55  9 17 20 45 10088 3 205341 15811 1.8 13 7 1 4 28%  27 1794 410 100%
c w  5.56  9 17 20 45 10088 3 205341 15776 1.8 13 7 1 4 28%  10 1794 410 100%
c x  5.57  9 17 20 45 10088 3 205341 15776 1.8 13 7 1 4 28%  10 1791 410 100%
c t  5.57  9 17 20 45 10088 3 205341 15776 1.8 13 7 1 4 28%   9 1791 410 100%
c -  5.57  9 17 20 46 10090 3 205416 13320 1.8 13 7 1 4 28%   9 1791 410 100%
c -  5.75  9 16 20 47 10291 3 212200 16241 1.8 13 7 1 4 28%   9 1791 410 100%
c -  5.98  9 16 20 48 10901 3 219055 18617 1.8 13 7 1 4 28%  14 1791 410 100%
c -  6.19  9 16 20 49 11318 3 225984 20040 1.8 13 7 1 4 28%  19 1791 410 100%
c o  6.28  9 15 20 49 11428 3 228907 22548 1.8 13 7 1 4 28%  22 1791 410 100%
c }  6.35  9 15 21 49 11448 3 231367 24502 1.8 13 7 1 4 28%  28 1791 410 100%
c [  6.35  9 15 21 49 11448 1 231367 24502 1.9 17 9 1 7 32%  28 1791 410 100%
c B  6.35  9 15 21 49 11448 1 231367 24502 1.9 17 9 1 7 32%  28 1791 410 100%
c -  6.39  9 15 21 50 11449 1 232984 21265 1.9 17 9 1 7 32%  28 1791 410 100%
c i  6.51  9 15 21 50 11453 1 238109 25519 1.9 17 9 1 7 32%  36 1791 408 99%
c i  6.52  9 15 21 50 11453 1 238511 25819 1.9 17 9 1 7 32%  40 1791 407 99%
c -  6.56  9 15 21 51 11454 1 240055 17714 1.9 17 9 1 7 32%  34 1791 407 99%
c i  6.57  9 15 21 51 11454 1 240155 17764 1.9 17 9 1 7 32%  38 1791 406 99%
c i  6.57  9 15 21 51 11454 1 240399 17916 1.9 17 9 1 7 32%  47 1791 402 98%
c
c seconds   switched     rate          size/glue tier1   binary      remaining
c        MB   reductions   conflicts         size  tier2   irredundant
c         level    restarts       redundant    glue   trail      variables
c
c i  6.57  9 15 21 51 11454 1 240407 17918 1.9 17 9 1 7 32%  48 1791 401 98%
c i  6.57  9 15 21 51 11454 1 240409 17916 1.9 17 9 1 7 32%  49 1791 400 97%
c i  6.57  9 15 21 51 11454 1 240415 17917 1.9 17 9 1 7 32%  51 1791 393 96%
c ]  6.57  9 15 21 51 11454 1 240417 17917 1.9 17 9 1 7 32%  51 1791 386 94%
c 0  6.57  9 15 21 51 11454 3 240417 17917 1.8 13 7 1 4 28%  51 1791 386 94%
c
c ---- [ result ] ------------------------------------------------------------
c
s UNSATISFIABLE
c
c ---- [ profiling ] ---------------------------------------------------------
c
c           5.80   88.20 %  search
c           3.01   45.86 %  focused
c           2.78   42.34 %  stable
c           0.75   11.40 %  simplify
c           0.74   11.28 %  probe
c           0.43    6.48 %  vivify
c           0.29    4.34 %  sweep
c           0.11    1.60 %  reduce
c           0.03    0.39 %  walking
c           0.02    0.37 %  preprocess
c           0.02    0.36 %  substitute
c           0.01    0.10 %  eliminate
c           0.00    0.05 %  congruence
c           0.00    0.03 %  factor
c           0.00    0.02 %  transitive
c           0.00    0.01 %  parse
c           0.00    0.01 %  backbone
c           0.00    0.00 %  subsume
c           0.00    0.00 %  lucky
c =============================================
c           6.57  100.00 %  total
c
c ---- [ statistics ] --------------------------------------------------------
c
c conflicts:                           240417            36576.18 per second
c congruent:                                1                0 %  variables
c decisions:                           528371                2.20 per conflict
c iterations:                               8                2 %  variables
c propagations:                      11172858          1699799    per second
c reductions:                              51             4714    interval
c reordered:                                7            34345    interval
c rephased:                                13            18494    interval
c restarts:                             11454               21    interval
c substituted:                              1                0 %  variables
c switched:                                21            11448    interval
c vivified:                             25331               54 %  checks
c walks:                                    4            60104    interval
c
c ---- [ glue usage ] --------------------------------------------------------
c
c focused glue 1 used 516032 clauses 63.42% accumulated 63.42% tier1
c focused glue 2 used 143537 clauses 17.64% accumulated 81.07%
c focused glue 3 used  48371 clauses  5.95% accumulated 87.01%
c focused glue 4 used  26288 clauses  3.23% accumulated 90.24% tier2
c
c stable glue 1   used 706859 clauses 57.23% accumulated 57.23% tier1
c stable glue 2   used 204774 clauses 16.58% accumulated 73.81%
c stable glue 3-4 used 137498 clauses 11.13% accumulated 84.94%
c stable glue 5   used  35705 clauses  2.89% accumulated 87.83%
c stable glue 6   used  26828 clauses  2.17% accumulated 90.00% tier2
c
c ---- [ resources ] ---------------------------------------------------------
c
c maximum-resident-set-size:          9506816 bytes          9 MB
c process-time:                             7s               6.57 seconds
c
c ---- [ shutting down ] -----------------------------------------------------
c
c exit 20
