c ---- [ banner ] ------------------------------------------------------------
c
c Kissat SAT Solver
c 
c Copyright (c) 2021-2024 Armin Biere University of Freiburg
c Copyright (c) 2019-2021 Armin Biere Johannes Kepler University Linz
c 
c Version 4.0.4 8af8e56f174b778aef3aa45af9f739b2a5f492c2
c gcc (Ubuntu 11.4.0-1ubuntu1~22.04) 11.4.0 -W -Wall -O3 -DNDEBUG
c Fri Jul 24 15:43:44 UTC 2026 Linux devin-box 5.15.200 x86_64
c
c ---- [ proving ] -----------------------------------------------------------
c
c opened and writing proof to DRAT file:
c
c   qf11.drat
c
c ---- [ parsing ] -----------------------------------------------------------
c
c opened and reading DIMACS file:
c
c   qf11.cnf
c
c parsed 'p cnf 55 176' header
c closing input after reading 2127 bytes (2 KB)
c finished parsing after 0.00 seconds
c
c ---- [ solving ] -----------------------------------------------------------
c
c seconds switched rate     size/glue tier1 binary    remaining
c        MB reductions conflicts size  tier2  irredundant
c         level restarts redundant glue  trail    variables
c
c *  0.00  3 0 0 0  0 0   0   0 0.0 0 0 0 0 0%   0 176 55 100%
c (  0.00  3 0 0 0  0 0   0   0 0.0 0 0 0 0 0%   0 176 55 100%
c .  0.00  3 0 0 0  0 0   0   0 0.0 0 0 0 0 0%   0 176 55 100%
c )  0.00  3 0 0 0  0 0   0   0 0.0 0 0 0 0 0%   0 176 55 100%
c {  0.00  3 0 0 0  0 0   0   0 0.0 0 0 2 6 0%   0 176 55 100%
c i  0.01  4 7 0 0 47 1 980 777 1.6 7 4 3 5 71%   7 176 54 98%
c -  0.01  4 7 0 1 47 1 1000 588 1.6 7 4 2 5 71%   1 176 54 98%
c }  0.01  4 7 1 1 47 1 1000 588 1.6 7 4 2 5 71%   1 176 54 98%
c [  0.01  4 0 1 1 47 0 1000 588 0.0 0 0 2 6 0%   1 176 54 98%
c B  0.01  4 5 1 1 47 0 1002 590 1.7 5 3 2 6 71%   1 176 54 98%
c i  0.01  4 6 1 1 47 1 1225 758 1.8 6 4 2 5 70%   8 176 52 95%
c i  0.01  4 6 1 1 47 1 1350 828 1.7 6 3 2 5 70%  14 176 51 93%
c i  0.01  4 6 1 1 47 1 1391 847 1.7 6 3 2 5 70%  17 176 49 89%
c i  0.01  4 6 1 1 47 1 1398 846 1.7 6 3 2 5 70%  19 176 48 87%
c i  0.01  4 6 1 1 47 1 1401 846 1.7 6 3 2 5 70%  21 176 46 84%
c i  0.01  4 6 1 1 47 1 1402 846 1.7 6 3 2 5 70%  21 176 45 82%
c i  0.01  4 6 1 1 47 1 1403 846 1.7 6 3 2 5 69%  21 176 43 78%
c ]  0.01  4 6 1 1 47 1 1406 846 1.7 6 3 2 5 69%  22 176 18 33%
c 0  0.01  4 7 1 1 47 1 1406 846 1.6 7 4 2 5 71%  22 176 18 33%
c
c ---- [ result ] ------------------------------------------------------------
c
s UNSATISFIABLE
c
c ---- [ profiling ] ---------------------------------------------------------
c
c           0.01   73.37 %  search
c           0.00   51.30 %  focused
c           0.00   22.02 %  stable
c           0.00   19.66 %  preprocess
c           0.00   19.30 %  probe
c           0.00   17.67 %  sweep
c           0.00    4.66 %  parse
c           0.00    1.56 %  reduce
c           0.00    0.66 %  factor
c           0.00    0.65 %  congruence
c           0.00    0.50 %  lucky
c           0.00    0.13 %  substitute
c           0.00    0.07 %  backbone
c           0.00    0.00 %  simplify
c =============================================
c           0.01  100.00 %  total
c
c ---- [ statistics ] --------------------------------------------------------
c
c conflicts:                             1406           149415.52 per second
c decisions:                             1888                1.34 per conflict
c iterations:                               9               16 %  variables
c propagations:                         23002          2444421    per second
c reductions:                               1             1406    interval
c rephased:                                 1             1406    interval
c restarts:                                47               30    interval
c switched:                                 1             1406    interval
c
c ---- [ glue usage ] --------------------------------------------------------
c
c focused glue 2 used 790 clauses 31.59% accumulated 52.66% tier1
c focused glue 3 used 486 clauses 19.43% accumulated 72.09%
c focused glue 4 used 298 clauses 11.92% accumulated 84.01%
c focused glue 5 used 193 clauses  7.72% accumulated 91.72% tier2
c
c stable glue 2 used 513 clauses 37.72% accumulated 71.32% tier1
c stable glue 3 used 186 clauses 13.68% accumulated 85.00%
c stable glue 4 used 109 clauses  8.01% accumulated 93.01% tier2
c
c ---- [ resources ] ---------------------------------------------------------
c
c maximum-resident-set-size:          4116480 bytes          4 MB
c process-time:                                              0.01 seconds
c
c ---- [ shutting down ] -----------------------------------------------------
c
c exit 20
