c ---- [ banner ] ------------------------------------------------------------
c
c Kissat SAT Solver
c 
c Copyright (c) 2021-2024 Armin Biere University of Freiburg
c Copyright (c) 2019-2021 Armin Biere Johannes Kepler University Linz
c 
c Version 4.0.4 8af8e56f174b778aef3aa45af9f739b2a5f492c2
c gcc (Ubuntu 11.4.0-1ubuntu1~22.04) 11.4.0 -W -Wall -O3 -DNDEBUG
c Fri Jul 24 15:43:44 UTC 2026 Linux devin-box 5.15.200 x86_64
c
c ---- [ proving ] -----------------------------------------------------------
c
c opened and writing proof to DRAT file:
c
c   qf12.drat
c
c ---- [ parsing ] -----------------------------------------------------------
c
c opened and reading DIMACS file:
c
c   qf12.cnf
c
c parsed 'p cnf 66 240' header
c closing input after reading 2913 bytes (3 KB)
c finished parsing after 0.00 seconds
c
c ---- [ solving ] -----------------------------------------------------------
c
c seconds switched rate     size/glue tier1 binary    remaining
c        MB reductions conflicts size  tier2  irredundant
c         level restarts redundant glue  trail    variables
c
c *  0.00  3 0 0 0  0 0   0   0 0.0 0 0 0 0 0%   0 240 66 100%
c (  0.00  3 0 0 0  0 0   0   0 0.0 0 0 0 0 0%   0 240 66 100%
c .  0.00  3 0 0 0  0 0   0   0 0.0 0 0 0 0 0%   0 240 66 100%
c )  0.00  3 0 0 0  0 0   0   0 0.0 0 0 0 0 0%   0 240 66 100%
c {  0.00  3 0 0 0  0 0   0   0 0.0 0 0 2 6 0%   0 240 66 100%
c i  0.01  4 7 0 0 42 1 818 663 1.7 6 4 2 5 61%   9 239 65 98%
c -  0.01  4 7 0 1 43 1 1000 669 1.7 6 4 2 5 61%   1 239 65 98%
c }  0.01  4 7 1 1 43 1 1000 669 1.7 6 4 2 5 61%   1 239 65 98%
c [  0.01  4 0 1 1 43 0 1000 669 0.0 0 0 2 6 0%   1 239 65 98%
c B  0.01  4 4 1 1 43 1 1003 671 2.1 5 2 2 6 66%   1 239 65 98%
c i  0.01  4 6 1 1 43 1 1086 729 1.7 6 4 2 6 57%   4 239 64 97%
c i  0.01  4 5 1 1 43 1 1121 745 1.7 5 3 2 6 57%  10 239 63 95%
c i  0.01  4 5 1 1 43 1 1142 751 1.7 5 3 2 3 57%  14 239 62 94%
c i  0.01  4 5 1 1 43 1 1173 764 1.7 5 3 2 3 59%  18 239 61 92%
c i  0.01  4 5 1 1 43 1 1175 764 1.7 5 3 2 3 58%  19 239 59 89%
c i  0.01  4 5 1 1 43 1 1178 764 1.7 5 3 2 3 58%  21 239 55 83%
c i  0.01  4 4 1 1 43 1 1182 764 1.7 5 3 2 3 58%  23 239 53 80%
c ]  0.01  4 4 1 1 43 1 1184 764 1.7 5 3 2 3 58%  23 239 29 44%
c 0  0.01  4 7 1 1 43 1 1184 764 1.7 6 4 2 5 61%  23 239 29 44%
c
c ---- [ result ] ------------------------------------------------------------
c
s UNSATISFIABLE
c
c ---- [ profiling ] ---------------------------------------------------------
c
c           0.01   62.13 %  search
c           0.00   50.43 %  focused
c           0.00   31.27 %  preprocess
c           0.00   30.91 %  probe
c           0.00   28.91 %  sweep
c           0.00   11.64 %  stable
c           0.00    4.32 %  parse
c           0.00    1.16 %  reduce
c           0.00    0.97 %  factor
c           0.00    0.66 %  congruence
c           0.00    0.52 %  lucky
c           0.00    0.15 %  substitute
c           0.00    0.06 %  backbone
c           0.00    0.00 %  simplify
c =============================================
c           0.01  100.00 %  total
c
c ---- [ statistics ] --------------------------------------------------------
c
c conflicts:                             1184           123539.23 per second
c decisions:                             1626                1.37 per conflict
c iterations:                               9               14 %  variables
c propagations:                         19950          2081594    per second
c reductions:                               1             1184    interval
c rephased:                                 1             1184    interval
c restarts:                                43               28    interval
c switched:                                 1             1184    interval
c
c ---- [ glue usage ] --------------------------------------------------------
c
c focused glue 2 used 891 clauses 34.93% accumulated 58.92% tier1
c focused glue 3 used 446 clauses 17.48% accumulated 76.40%
c focused glue 4 used 313 clauses 12.27% accumulated 88.67%
c focused glue 5 used 183 clauses  7.17% accumulated 95.84% tier2
c
c stable glue 2 used 211 clauses 33.28% accumulated 80.44% tier1
c stable glue 3 used  73 clauses 11.51% accumulated 91.96% tier2
c
c ---- [ resources ] ---------------------------------------------------------
c
c maximum-resident-set-size:          4177920 bytes          4 MB
c process-time:                                              0.01 seconds
c
c ---- [ shutting down ] -----------------------------------------------------
c
c exit 20
