pool: 9259 points
t= 1 4t-1=3*1^2 NATIVE |u|^2=t pts:    30  cross:  168564  kinds: 5040  top: [120, 120, 120, 120, 120, 120]
t= 2 4t-1=7*1^2        |u|^2=t pts:     0  cross:      60  kinds:    1  top: [60]
t= 3 4t-1=11*1^2 NATIVE |u|^2=t pts:    42  cross:   28992  kinds: 1318  top: [108, 108, 96, 96, 96, 96]
t= 4 4t-1=15*1^2        |u|^2=t pts:    30  cross:     126  kinds:    3  top: [60, 36, 30]
t= 5 4t-1=19*1^2        |u|^2=t pts:     0  cross:      60  kinds:    1  top: [60]
t= 6 4t-1=23*1^2        |u|^2=t pts:     0  cross:      60  kinds:    1  top: [60]
t= 7 4t-1=3*3^2 NATIVE |u|^2=t pts:     0  cross:    6660  kinds:  385  top: [60, 48, 36, 36, 36, 36]
t= 8 4t-1=31*1^2        |u|^2=t pts:     0  cross:      60  kinds:    1  top: [60]
t= 9 4t-1=35*1^2        |u|^2=t pts:     0  cross:      60  kinds:    1  top: [60]
t=10 4t-1=39*1^2        |u|^2=t pts:     0  cross:      84  kinds:    2  top: [60, 24]
t=11 4t-1=43*1^2        |u|^2=t pts:     0  cross:      60  kinds:    1  top: [60]
t=12 4t-1=47*1^2        |u|^2=t pts:     0  cross:      60  kinds:    1  top: [60]
t=13 4t-1=51*1^2        |u|^2=t pts:     0  cross:      60  kinds:    1  top: [60]
t=14 4t-1=55*1^2        |u|^2=t pts:     0  cross:      60  kinds:    1  top: [60]
t=15 4t-1=59*1^2        |u|^2=t pts:     0  cross:      60  kinds:    1  top: [60]
t=16 4t-1=7*3^2        |u|^2=t pts:     0  cross:      60  kinds:    1  top: [60]
t=17 4t-1=67*1^2        |u|^2=t pts:     0  cross:      60  kinds:    1  top: [60]
t=18 4t-1=71*1^2        |u|^2=t pts:     0  cross:      60  kinds:    1  top: [60]
t=19 4t-1=3*5^2 NATIVE |u|^2=t pts:     0  cross:     828  kinds:   53  top: [60, 24, 24, 24, 24, 24]
t=20 4t-1=79*1^2        |u|^2=t pts:     0  cross:      60  kinds:    1  top: [60]
t=21 4t-1=83*1^2        |u|^2=t pts:     0  cross:      60  kinds:    1  top: [60]
t=22 4t-1=87*1^2        |u|^2=t pts:     0  cross:      60  kinds:    1  top: [60]
t=23 4t-1=91*1^2        |u|^2=t pts:     0  cross:      60  kinds:    1  top: [60]
t=24 4t-1=95*1^2        |u|^2=t pts:     0  cross:      60  kinds:    1  top: [60]
t=25 4t-1=11*3^2 NATIVE |u|^2=t pts:     0  cross:     630  kinds:   41  top: [60, 24, 24, 24, 24, 24]
t=26 4t-1=103*1^2        |u|^2=t pts:     0  cross:      60  kinds:    1  top: [60]
t=27 4t-1=107*1^2        |u|^2=t pts:     0  cross:      60  kinds:    1  top: [60]
t=28 4t-1=111*1^2        |u|^2=t pts:     0  cross:      60  kinds:    1  top: [60]
t=29 4t-1=115*1^2        |u|^2=t pts:     0  cross:      60  kinds:    1  top: [60]
t=30 4t-1=119*1^2        |u|^2=t pts:     0  cross:      60  kinds:    1  top: [60]
t=31 4t-1=123*1^2        |u|^2=t pts:     0  cross:      60  kinds:    1  top: [60]
t=32 4t-1=127*1^2        |u|^2=t pts:     0  cross:      60  kinds:    1  top: [60]
