t= 1 NATIVE pool=   253 cross=   1932 ref=   60 kinds=  32 top=[96, 96, 96, 96, 96]
t= 2        pool=   343 cross=      0 ref=    0 kinds=   0 top=[]
t= 3 NATIVE pool=   403 cross=   1632 ref=   36 kinds=  44 top=[72, 60, 60, 60, 60]
t= 4        pool=  2839 cross=     66 ref=   30 kinds=   2 top=[36, 30]
t= 5        pool=  3151 cross=     48 ref=   48 kinds=   1 top=[48]
t= 6        pool=  3235 cross=      0 ref=    0 kinds=   0 top=[]
t= 7 NATIVE pool=  3379 cross=   1896 ref=   60 kinds=  74 top=[60, 60, 60, 36, 36]
t= 8        pool=  3385 cross=      0 ref=    0 kinds=   0 top=[]
t= 9        pool= 13633 cross=     66 ref=   54 kinds=   2 top=[54, 12]
t=10        pool= 13945 cross=     36 ref=    0 kinds=   2 top=[24, 12]
t=11        pool= 14155 cross=     18 ref=   18 kinds=   1 top=[18]
t=12        pool= 14311 cross=     30 ref=   30 kinds=   1 top=[30]
t=13        pool= 14467 cross=     60 ref=   60 kinds=   1 top=[60]
t=14        pool= 14473 cross=      0 ref=    0 kinds=   0 top=[]
t=15        pool= 14527 cross=     48 ref=   36 kinds=   2 top=[36, 12]
t=16        pool= 38743 cross=     66 ref=   30 kinds=   4 top=[30, 12, 12, 12]
t=17        pool= 39223 cross=      0 ref=    0 kinds=   0 top=[]
t=18        pool= 39475 cross=      0 ref=    0 kinds=   0 top=[]
t=19 NATIVE pool= 39697 cross=   4860 ref=   60 kinds= 281 top=[60, 60, 60, 36, 36]
t=20        pool= 39781 cross=     36 ref=   36 kinds=   1 top=[36]
t=21        pool= 39865 cross=     84 ref=   60 kinds=   2 top=[60, 24]
t=22        pool= 39871 cross=      0 ref=    0 kinds=   0 top=[]
t=23        pool= 39907 cross=     36 ref=   36 kinds=   1 top=[36]
t=24        pool= 39943 cross=     12 ref=    0 kinds=   1 top=[12]
t=25 NATIVE pool= 86659 cross=  10152 ref=   66 kinds= 583 top=[72, 66, 60, 48, 48]
