L deep-greedy1 ((6, 2, 4, 0), (4, 0, 4, 4)) freed 15 wall 46.3
L deep-greedy1 ((6, 2, 4, 0), (1, 1, 3, 5)) freed 19 wall 50.4
L deep-greedy1 ((6, 2, 4, 0), (2, 0, 2, 4)) freed 11 wall 44.2
L deep-greedy1 ((6, 2, 4, 0), (10, 0, 8, 2)) freed 9 wall 34.0
L deep-greedy1 ((6, 2, 4, 0), (6, 2, 8, 0)) freed 15 wall 40.5
L SELECT [(6, 2, 4, 0), (1, 1, 3, 5)] freed 19
L deep-greedy2 ((6, 2, 4, 0), (1, 1, 3, 5), (4, 0, 4, 4)) freed 27 wall 63.0
L deep-greedy2 ((6, 2, 4, 0), (1, 1, 3, 5), (2, 0, 2, 4)) freed 25 wall 62.1
L deep-greedy2 ((6, 2, 4, 0), (1, 1, 3, 5), (10, 0, 8, 2)) freed 19 wall 48.9
L deep-greedy2 ((6, 2, 4, 0), (1, 1, 3, 5), (6, 2, 8, 0)) freed 29 wall 54.1
L SELECT [(6, 2, 4, 0), (1, 1, 3, 5), (6, 2, 8, 0)] freed 29
L deep-greedy3 ((6, 2, 4, 0), (1, 1, 3, 5), (6, 2, 8, 0), (4, 0, 4, 4)) freed 45 wall 70.1
L deep-greedy3 ((6, 2, 4, 0), (1, 1, 3, 5), (6, 2, 8, 0), (2, 0, 2, 4)) freed 51 wall 80.1
L deep-greedy3 ((6, 2, 4, 0), (1, 1, 3, 5), (6, 2, 8, 0), (10, 0, 8, 2)) freed 29 wall 58.5
L SELECT [(6, 2, 4, 0), (1, 1, 3, 5), (6, 2, 8, 0), (2, 0, 2, 4)] freed 51
L deep-greedy4 ((6, 2, 4, 0), (1, 1, 3, 5), (6, 2, 8, 0), (2, 0, 2, 4), (4, 0, 4, 4)) freed 55 wall 89.7
L deep-greedy4 ((6, 2, 4, 0), (1, 1, 3, 5), (6, 2, 8, 0), (2, 0, 2, 4), (10, 0, 8, 2)) freed 51 wall 83.6
L SELECT [(6, 2, 4, 0), (1, 1, 3, 5), (6, 2, 8, 0), (2, 0, 2, 4), (4, 0, 4, 4)] freed 55
L deep-greedy5 ((6, 2, 4, 0), (1, 1, 3, 5), (6, 2, 8, 0), (2, 0, 2, 4), (4, 0, 4, 4), (10, 0, 8, 2)) freed 55 wall 87.7
L SELECT [(6, 2, 4, 0), (1, 1, 3, 5), (6, 2, 8, 0), (2, 0, 2, 4), (4, 0, 4, 4), (10, 0, 8, 2)] freed 55
L FINAL_SELECTION [(6, 2, 4, 0), (1, 1, 3, 5), (6, 2, 8, 0), (2, 0, 2, 4), (4, 0, 4, 4), (10, 0, 8, 2)] vertices 490 output /home/ubuntu/solving-math-problems/runs/P23-parts-method/deep_l_decomp.pkl
