S deep-greedy1 ((6, 2, 4, 0), (12, 2, 2, 0)) freed 12 wall 65.6
S deep-greedy1 ((6, 2, 4, 0), (1, 1, 3, 5)) freed 7 wall 45.0
S deep-greedy1 ((6, 2, 4, 0), (4, 0, 2, 2)) freed 7 wall 51.3
S deep-greedy1 ((6, 2, 4, 0), (6, 0, 4, 6)) freed 23 wall 66.9
S deep-greedy1 ((6, 2, 4, 0), (2, 0, 4, 2)) freed 7 wall 48.0
S deep-greedy1 ((6, 2, 4, 0), (12, 0, 2, 6)) freed 14 wall 54.2
S deep-greedy1 ((6, 2, 4, 0), (0, 0, 6, 6)) freed 12 wall 55.9
S SELECT [(6, 2, 4, 0), (6, 0, 4, 6)] freed 23
S deep-greedy2 ((6, 2, 4, 0), (6, 0, 4, 6), (12, 2, 2, 0)) freed 31 wall 86.5
S deep-greedy2 ((6, 2, 4, 0), (6, 0, 4, 6), (1, 1, 3, 5)) freed 23 wall 71.0
S deep-greedy2 ((6, 2, 4, 0), (6, 0, 4, 6), (4, 0, 2, 2)) freed 23 wall 73.9
S deep-greedy2 ((6, 2, 4, 0), (6, 0, 4, 6), (2, 0, 4, 2)) freed 23 wall 64.3
S deep-greedy2 ((6, 2, 4, 0), (6, 0, 4, 6), (12, 0, 2, 6)) freed 51 wall 90.0
S deep-greedy2 ((6, 2, 4, 0), (6, 0, 4, 6), (0, 0, 6, 6)) freed 48 wall 96.4
S SELECT [(6, 2, 4, 0), (6, 0, 4, 6), (12, 0, 2, 6)] freed 51
S deep-greedy3 ((6, 2, 4, 0), (6, 0, 4, 6), (12, 0, 2, 6), (12, 2, 2, 0)) freed 59 wall 116.4
S deep-greedy3 ((6, 2, 4, 0), (6, 0, 4, 6), (12, 0, 2, 6), (1, 1, 3, 5)) freed 51 wall 92.1
S deep-greedy3 ((6, 2, 4, 0), (6, 0, 4, 6), (12, 0, 2, 6), (4, 0, 2, 2)) freed 51 wall 93.0
S deep-greedy3 ((6, 2, 4, 0), (6, 0, 4, 6), (12, 0, 2, 6), (2, 0, 4, 2)) freed 51 wall 96.8
S deep-greedy3 ((6, 2, 4, 0), (6, 0, 4, 6), (12, 0, 2, 6), (0, 0, 6, 6)) freed 51 wall 100.5
S SELECT [(6, 2, 4, 0), (6, 0, 4, 6), (12, 0, 2, 6), (12, 2, 2, 0)] freed 59
S deep-greedy4 ((6, 2, 4, 0), (6, 0, 4, 6), (12, 0, 2, 6), (12, 2, 2, 0), (1, 1, 3, 5)) freed 59 wall 120.2
S deep-greedy4 ((6, 2, 4, 0), (6, 0, 4, 6), (12, 0, 2, 6), (12, 2, 2, 0), (4, 0, 2, 2)) freed 59 wall 120.3
S deep-greedy4 ((6, 2, 4, 0), (6, 0, 4, 6), (12, 0, 2, 6), (12, 2, 2, 0), (2, 0, 4, 2)) freed 59 wall 115.5
S deep-greedy4 ((6, 2, 4, 0), (6, 0, 4, 6), (12, 0, 2, 6), (12, 2, 2, 0), (0, 0, 6, 6)) freed 59 wall 112.8
S SELECT [(6, 2, 4, 0), (6, 0, 4, 6), (12, 0, 2, 6), (12, 2, 2, 0), (4, 0, 2, 2)] freed 59
S deep-greedy5 ((6, 2, 4, 0), (6, 0, 4, 6), (12, 0, 2, 6), (12, 2, 2, 0), (4, 0, 2, 2), (1, 1, 3, 5)) freed 59 wall 117.1
S deep-greedy5 ((6, 2, 4, 0), (6, 0, 4, 6), (12, 0, 2, 6), (12, 2, 2, 0), (4, 0, 2, 2), (2, 0, 4, 2)) freed 59 wall 118.5
S deep-greedy5 ((6, 2, 4, 0), (6, 0, 4, 6), (12, 0, 2, 6), (12, 2, 2, 0), (4, 0, 2, 2), (0, 0, 6, 6)) freed 59 wall 117.1
S SELECT [(6, 2, 4, 0), (6, 0, 4, 6), (12, 0, 2, 6), (12, 2, 2, 0), (4, 0, 2, 2), (2, 0, 4, 2)] freed 59
