{
  "file": "runs/P23-priority2/data/v30z.vtx",
  "claimed_order": 30,
  "field": "mfield Q(3,5,11)",
  "parsed_order": 30,
  "edge_count": 48,
  "status": "SAT",
  "certificate": "valid 4-coloring independently rechecked against exact edge list",
  "numeric_margin": "0.10869450957245718215582731920841303032011753688124105231105665358484476509217983423427794026523916551980332308695592794219325449564595706738601423091658123232354578515818480293053954413158075076481746755443137383648310798851673288981233966969369347392440166599",
  "near_candidates": 48
}

PARSE exact SymPy records=30 field=mfield Q(3,5,11)
EDGE exact_unit_edges=48 near_candidates=48 closest_nonedge_margin=0.10869450957245718215582731920841303032011753688124105231105665358484476509217983423427794026523916551980332308695592794219325449564595706738601423091658123232354578515818480293053954413158075076481746755443137383648310798851673288981233966969369347392440166599 pair=(3, 17)
KISSAT
s SATISFIABLE
v -1 -2 -3 4 -5 -6 -7 8 -9 -10 -11 12 -13 -14 15 -16 -17 -18 19 -20 -21 -22
v -23 24 -25 -26 27 -28 -29 30 -31 -32 -33 -34 35 -36 -37 -38 -39 40 -41 -42
v -43 44 -45 -46 47 -48 -49 -50 51 -52 -53 54 -55 -56 57 -58 -59 -60 -61 -62
v -63 64 -65 -66 -67 68 -69 -70 -71 72 -73 -74 -75 76 -77 -78 -79 80 -81 -82
v 83 -84 -85 -86 -87 88 -89 -90 91 -92 -93 -94 95 -96 -97 -98 99 -100 -101
v -102 103 -104 -105 106 -107 -108 -109 110 -111 -112 -113 114 -115 -116 -117
v 118 -119 -120 0

