{
  "file": "runs/P23-priority2/data/v31_115.vtx",
  "claimed_order": 31,
  "field": "SymPy exact algebraic expressions (outside mfield supported multiquadratic field)",
  "parsed_order": 31,
  "edge_count": 59,
  "status": "SAT",
  "certificate": "valid 4-coloring independently rechecked against exact edge list",
  "numeric_margin": "0.38196601125010515179541316563436188227969082019423713786455137729473953718109755029279279581060886251524591192461310824787336613777646306820681993923327364556661091340406041709436167733868007170973211932479123310749828830379296777895678373045137370368638556172",
  "near_candidates": 59
}

PARSE exact SymPy records=31 field=SymPy exact algebraic expressions (outside mfield supported multiquadratic field)
EDGE exact_unit_edges=59 near_candidates=59 closest_nonedge_margin=0.38196601125010515179541316563436188227969082019423713786455137729473953718109755029279279581060886251524591192461310824787336613777646306820681993923327364556661091340406041709436167733868007170973211932479123310749828830379296777895678373045137370368638556172 pair=(8, 20)
KISSAT
s SATISFIABLE
v -1 -2 -3 4 -5 -6 7 -8 -9 -10 11 -12 -13 -14 15 -16 -17 -18 19 -20 -21 -22
v -23 24 -25 -26 -27 28 -29 -30 -31 32 -33 34 -35 -36 -37 -38 -39 40 -41 42
v -43 -44 -45 -46 47 -48 -49 -50 51 -52 -53 -54 55 -56 -57 -58 59 -60 -61 62
v -63 -64 -65 -66 -67 68 -69 70 -71 -72 -73 -74 -75 76 -77 -78 -79 80 -81 82
v -83 -84 -85 -86 -87 88 -89 90 -91 -92 -93 -94 -95 96 -97 -98 -99 100 -101
v -102 103 -104 -105 -106 107 -108 -109 -110 111 -112 -113 -114 115 -116 -117
v -118 -119 120 -121 -122 -123 124 0

