{
  "file": "runs/P23-priority2/data/v38w.vtx",
  "claimed_order": 38,
  "field": "mfield Q(3,5,11)",
  "parsed_order": 38,
  "edge_count": 123,
  "status": "SAT",
  "certificate": "valid 4-coloring independently rechecked against exact edge list",
  "numeric_margin": "0.16304176435868577323374097881261954548017630532186157846658498037726714763826975135141691039785874827970498463043389191328988174346893560107902134637487184848531867773727720439580931619737112614722620133164706075472466198277509933471850950454054021088660249909",
  "near_candidates": 123
}

PARSE exact SymPy records=38 field=mfield Q(3,5,11)
EDGE exact_unit_edges=123 near_candidates=123 closest_nonedge_margin=0.16304176435868577323374097881261954548017630532186157846658498037726714763826975135141691039785874827970498463043389191328988174346893560107902134637487184848531867773727720439580931619737112614722620133164706075472466198277509933471850950454054021088660249909 pair=(5, 12)
KISSAT
s SATISFIABLE
v 1 -2 -3 -4 5 -6 -7 -8 9 -10 -11 -12 -13 14 -15 -16 -17 18 -19 -20 -21 -22 23
v -24 -25 -26 27 -28 -29 -30 31 -32 -33 -34 35 -36 -37 -38 -39 40 41 -42 -43
v -44 -45 46 -47 -48 49 -50 -51 -52 -53 -54 -55 56 -57 -58 59 -60 -61 -62 63
v -64 -65 66 -67 -68 -69 -70 -71 72 -73 -74 -75 76 -77 -78 -79 80 -81 -82 83
v -84 -85 86 -87 -88 -89 90 -91 -92 93 -94 -95 -96 -97 -98 -99 100 101 -102
v -103 -104 -105 106 -107 -108 -109 110 -111 -112 113 -114 -115 -116 -117 118
v -119 -120 -121 122 -123 -124 -125 -126 -127 128 129 -130 -131 -132 133 -134
v -135 -136 -137 -138 -139 140 141 -142 -143 -144 -145 -146 -147 148 -149 -150
v -151 152 0

