[4] 0: |D|=8858
[3] 0: |D|=8778
[2] 0: |D|=8921
[5] 0: |D|=8617
[8] 0: |D|=8904
[1] 0: |D|=8932
[7] 0: |D|=8822
[6] 0: |D|=8905
[4] 1: |D|=8531
[3] 1: |D|=8935
[5] 1: |D|=9045
[2] 1: |D|=8876
[8] 1: |D|=8842
[1] 1: |D|=8779
[6] 1: |D|=8472
[7] 1: |D|=8765
[4] 2: |D|=8659
[3] 2: |D|=8853
[8] 2: |D|=8593
[5] 2: |D|=8872
[2] 2: |D|=8593
[1] 2: |D|=8945
[6] 2: |D|=9090
[7] 2: |D|=8823
[3] 3: |D|=8517
[8] 3: |D|=8634
[4] 3: |D|=8974
[2] 3: |D|=8934
[5] 3: |D|=8852
[1] 3: |D|=8880
[7] 3: |D|=9082
[6] 3: |D|=9005
[8] 4: |D|=9017
[4] 4: |D|=8924
checkpointed 285 hyperedges -> hyperedges_r3.pkl
checkpointed 290 hyperedges -> hyperedges_r3.pkl
[3] 4: |D|=9035
checkpointed 295 hyperedges -> hyperedges_r3.pkl
[5] 4: |D|=8902
checkpointed 300 hyperedges -> hyperedges_r3.pkl
[2] 4: |D|=8920
checkpointed 305 hyperedges -> hyperedges_r3.pkl
[1] 4: |D|=8544
checkpointed 310 hyperedges -> hyperedges_r3.pkl
[6] 4: |D|=8923
checkpointed 315 hyperedges -> hyperedges_r3.pkl
[7] 4: |D|=8910
checkpointed 320 hyperedges -> hyperedges_r3.pkl
40 hyperedges, min 8472 median 8880 max 9090, 640s -> hyperedges_r3.pkl (total 320)

real	10m43.976s
user	82m23.033s
sys	0m1.486s
