[2] 0: |D|=8921
[3] 0: |D|=8778
[8] 0: |D|=8904
[1] 0: |D|=8932
[7] 0: |D|=8822
[5] 0: |D|=8617
[6] 0: |D|=8905
[4] 0: |D|=8858
[2] 1: |D|=8876
[8] 1: |D|=8842
[1] 1: |D|=8779
[3] 1: |D|=8935
[7] 1: |D|=8765
[5] 1: |D|=9045
[6] 1: |D|=8472
[4] 1: |D|=8531
[2] 2: |D|=8593
[8] 2: |D|=8593
[1] 2: |D|=8945
[3] 2: |D|=8853
[5] 2: |D|=8872
[7] 2: |D|=8823
[6] 2: |D|=9090
[4] 2: |D|=8659
[2] 3: |D|=8934
[8] 3: |D|=8634
[3] 3: |D|=8517
[1] 3: |D|=8880
[5] 3: |D|=8852
[7] 3: |D|=9082
[6] 3: |D|=9005
[4] 3: |D|=8974
[2] 4: |D|=8920
checkpointed 45 hyperedges -> hyperedges_r3.pkl
[8] 4: |D|=9017
checkpointed 50 hyperedges -> hyperedges_r3.pkl
[1] 4: |D|=8544
checkpointed 55 hyperedges -> hyperedges_r3.pkl
[3] 4: |D|=9035
checkpointed 60 hyperedges -> hyperedges_r3.pkl
[7] 4: |D|=8910
checkpointed 65 hyperedges -> hyperedges_r3.pkl
[5] 4: |D|=8902
checkpointed 70 hyperedges -> hyperedges_r3.pkl
[6] 4: |D|=8923
checkpointed 75 hyperedges -> hyperedges_r3.pkl
[4] 4: |D|=8924
checkpointed 80 hyperedges -> hyperedges_r3.pkl
40 hyperedges, min 8472 median 8880 max 9090, 630s -> hyperedges_r3.pkl (total 80)

real	10m34.806s
user	81m9.326s
sys	0m1.311s
