[7] 0: |D|=8822
[3] 0: |D|=8778
[1] 0: |D|=8932
[2] 0: |D|=8921
[4] 0: |D|=8858
[6] 0: |D|=8905
[8] 0: |D|=8904
[5] 0: |D|=8617
[4] 1: |D|=8531
[7] 1: |D|=8765
[3] 1: |D|=8935
[1] 1: |D|=8779
[6] 1: |D|=8472
[2] 1: |D|=8876
[8] 1: |D|=8842
[5] 1: |D|=9045
[4] 2: |D|=8659
[1] 2: |D|=8945
[3] 2: |D|=8853
[6] 2: |D|=9090
[7] 2: |D|=8823
[2] 2: |D|=8593
[8] 2: |D|=8593
[5] 2: |D|=8872
[4] 3: |D|=8974
[1] 3: |D|=8880
[6] 3: |D|=9005
[3] 3: |D|=8517
[7] 3: |D|=9082
[2] 3: |D|=8934
[8] 3: |D|=8634
[5] 3: |D|=8852
[6] 4: |D|=8923
checkpointed 125 hyperedges -> hyperedges_r3.pkl
[1] 4: |D|=8544
[4] 4: |D|=8924
checkpointed 130 hyperedges -> hyperedges_r3.pkl
checkpointed 135 hyperedges -> hyperedges_r3.pkl
[2] 4: |D|=8920
checkpointed 140 hyperedges -> hyperedges_r3.pkl
[3] 4: |D|=9035
checkpointed 145 hyperedges -> hyperedges_r3.pkl
[7] 4: |D|=8910
checkpointed 150 hyperedges -> hyperedges_r3.pkl
[8] 4: |D|=9017
checkpointed 155 hyperedges -> hyperedges_r3.pkl
[5] 4: |D|=8902
checkpointed 160 hyperedges -> hyperedges_r3.pkl
40 hyperedges, min 8472 median 8880 max 9090, 662s -> hyperedges_r3.pkl (total 160)

real	11m6.796s
user	82m49.712s
sys	0m1.242s
