[6] 0: |D|=8905
[2] 0: |D|=8921
[8] 0: |D|=8904
[5] 0: |D|=8617
[3] 0: |D|=8778
[1] 0: |D|=8932
[4] 0: |D|=8858
[7] 0: |D|=8822
[6] 1: |D|=8472
[1] 1: |D|=8779
[8] 1: |D|=8842
[3] 1: |D|=8935
[2] 1: |D|=8876
[5] 1: |D|=9045
[4] 1: |D|=8531
[7] 1: |D|=8765
[6] 2: |D|=9090
[1] 2: |D|=8945
[2] 2: |D|=8593
[8] 2: |D|=8593
[3] 2: |D|=8853
[4] 2: |D|=8659
[5] 2: |D|=8872
[7] 2: |D|=8823
[6] 3: |D|=9005
[8] 3: |D|=8634
[2] 3: |D|=8934
[1] 3: |D|=8880
[3] 3: |D|=8517
[4] 3: |D|=8974
[5] 3: |D|=8852
[7] 3: |D|=9082
[6] 4: |D|=8923
checkpointed 85 hyperedges -> hyperedges_r3.pkl
[8] 4: |D|=9017
checkpointed 90 hyperedges -> hyperedges_r3.pkl
[1] 4: |D|=8544
checkpointed 95 hyperedges -> hyperedges_r3.pkl
[2] 4: |D|=8920
checkpointed 100 hyperedges -> hyperedges_r3.pkl
[3] 4: |D|=9035
checkpointed 105 hyperedges -> hyperedges_r3.pkl
[5] 4: |D|=8902
checkpointed 110 hyperedges -> hyperedges_r3.pkl
[4] 4: |D|=8924
checkpointed 115 hyperedges -> hyperedges_r3.pkl
[7] 4: |D|=8910
checkpointed 120 hyperedges -> hyperedges_r3.pkl
40 hyperedges, min 8472 median 8880 max 9090, 629s -> hyperedges_r3.pkl (total 120)

real	10m32.913s
user	81m6.237s
sys	0m1.326s
