[5] 0: |D|=8617
[4] 0: |D|=8858
[3] 0: |D|=8778
[8] 0: |D|=8904
[2] 0: |D|=8921
[1] 0: |D|=8932
[6] 0: |D|=8905
[7] 0: |D|=8822
[5] 1: |D|=9045
[4] 1: |D|=8531
[3] 1: |D|=8935
[2] 1: |D|=8876
[1] 1: |D|=8779
[8] 1: |D|=8842
[7] 1: |D|=8765
[6] 1: |D|=8472
[5] 2: |D|=8872
[4] 2: |D|=8659
[3] 2: |D|=8853
[2] 2: |D|=8593
[8] 2: |D|=8593
[1] 2: |D|=8945
[7] 2: |D|=8823
[6] 2: |D|=9090
[5] 3: |D|=8852
[4] 3: |D|=8974
[3] 3: |D|=8517
[8] 3: |D|=8634
[2] 3: |D|=8934
[1] 3: |D|=8880
[7] 3: |D|=9082
[6] 3: |D|=9005
[4] 4: |D|=8924
checkpointed 165 hyperedges -> hyperedges_r3.pkl
[5] 4: |D|=8902
checkpointed 170 hyperedges -> hyperedges_r3.pkl
[8] 4: |D|=9017
checkpointed 175 hyperedges -> hyperedges_r3.pkl
[2] 4: |D|=8920
checkpointed 180 hyperedges -> hyperedges_r3.pkl
[3] 4: |D|=9035
checkpointed 185 hyperedges -> hyperedges_r3.pkl
[1] 4: |D|=8544
checkpointed 190 hyperedges -> hyperedges_r3.pkl
[7] 4: |D|=8910
checkpointed 195 hyperedges -> hyperedges_r3.pkl
[6] 4: |D|=8923
checkpointed 200 hyperedges -> hyperedges_r3.pkl
40 hyperedges, min 8472 median 8880 max 9090, 693s -> hyperedges_r3.pkl (total 200)

real	11m37.367s
user	86m5.720s
sys	0m1.367s
