[5] 0: |D|=8617
[6] 0: |D|=8905
[4] 0: |D|=8858
[2] 0: |D|=8921
[8] 0: |D|=8904
[3] 0: |D|=8778
[1] 0: |D|=8932
[7] 0: |D|=8822
[5] 1: |D|=9045
[6] 1: |D|=8472
[4] 1: |D|=8531
[8] 1: |D|=8842
[2] 1: |D|=8876
[3] 1: |D|=8935
[1] 1: |D|=8779
[7] 1: |D|=8765
[5] 2: |D|=8872
[6] 2: |D|=9090
[2] 2: |D|=8593
[4] 2: |D|=8659
[8] 2: |D|=8593
[3] 2: |D|=8853
[1] 2: |D|=8945
[7] 2: |D|=8823
[6] 3: |D|=9005
[5] 3: |D|=8852
[2] 3: |D|=8934
[4] 3: |D|=8974
[8] 3: |D|=8634
[3] 3: |D|=8517
[1] 3: |D|=8880
[7] 3: |D|=9082
[2] 4: |D|=8920
checkpointed 5 hyperedges -> hyperedges_r3.pkl
[6] 4: |D|=8923
checkpointed 10 hyperedges -> hyperedges_r3.pkl
[5] 4: |D|=8902
checkpointed 15 hyperedges -> hyperedges_r3.pkl
[4] 4: |D|=8924
checkpointed 20 hyperedges -> hyperedges_r3.pkl
[8] 4: |D|=9017
checkpointed 25 hyperedges -> hyperedges_r3.pkl
[3] 4: |D|=9035
checkpointed 30 hyperedges -> hyperedges_r3.pkl
[1] 4: |D|=8544
checkpointed 35 hyperedges -> hyperedges_r3.pkl
[7] 4: |D|=8910
checkpointed 40 hyperedges -> hyperedges_r3.pkl
40 hyperedges, min 8472 median 8880 max 9090, 632s -> hyperedges_r3.pkl (total 40)

real	10m36.266s
user	81m22.347s
sys	0m1.245s
