{"seed": 98, "status": "FEASIBLE", "objective": 20837479.0, "bound": 22759490.0, "d_size": 182, "accepted": true}
{"seed": 102, "status": "FEASIBLE", "objective": 21059251.0, "bound": 22783321.0, "d_size": 163, "accepted": true}
{"seed": 99, "status": "FEASIBLE", "objective": 20508469.0, "bound": 22742433.0, "d_size": 212, "accepted": true}
{"seed": 103, "status": "FEASIBLE", "objective": 20679600.0, "bound": 22784924.0, "d_size": 199, "accepted": true}
{"seed": 101, "status": "FEASIBLE", "objective": 20556160.0, "bound": 22790039.0, "d_size": 210, "accepted": true}
{"seed": 100, "status": "FEASIBLE", "objective": 20415736.0, "bound": 22766875.0, "d_size": 223, "accepted": true}
{"seed": 104, "status": "FEASIBLE", "objective": 20738979.0, "bound": 22772182.0, "d_size": 191, "accepted": true}
{"seed": 97, "status": "FEASIBLE", "objective": 20433406.0, "bound": 22768958.0, "d_size": 222, "accepted": true}
{"seed": 107, "status": "FEASIBLE", "objective": 21081049.0, "bound": 22750282.0, "d_size": 158, "accepted": true}
{"seed": 106, "status": "FEASIBLE", "objective": 20420475.0, "bound": 22759047.0, "d_size": 222, "accepted": true}
{"seed": 105, "status": "FEASIBLE", "objective": 20160529.0, "bound": 22760120.0, "d_size": 246, "accepted": true}
{"seed": 108, "status": "FEASIBLE", "objective": 20653697.0, "bound": 22773556.0, "d_size": 201, "accepted": true}
{"seed": 110, "status": "FEASIBLE", "objective": 20852517.0, "bound": 22757060.0, "d_size": 180, "accepted": true}
{"seed": 111, "status": "FEASIBLE", "objective": 20605227.0, "bound": 22774477.0, "d_size": 206, "accepted": true}
{"seed": 112, "status": "FEASIBLE", "objective": 20662027.0, "bound": 22786214.0, "d_size": 200, "accepted": true}
{"seed": 109, "status": "FEASIBLE", "objective": 19820281.0, "bound": 22753838.0, "d_size": 278, "accepted": true}
{"seed": 113, "status": "FEASIBLE", "objective": 20547848.0, "bound": 22754447.0, "d_size": 210, "accepted": true}
{"seed": 114, "status": "FEASIBLE", "objective": 20714005.0, "bound": 22764427.0, "d_size": 195, "accepted": true}
{"seed": 117, "status": "FEASIBLE", "objective": 20724571.0, "bound": 22763137.0, "d_size": 193, "accepted": true}
{"seed": 115, "status": "FEASIBLE", "objective": 20108504.0, "bound": 22781439.0, "d_size": 253, "accepted": true}
{"seed": 116, "status": "FEASIBLE", "objective": 20172325.0, "bound": 22767894.0, "d_size": 244, "accepted": true}
{"seed": 118, "status": "FEASIBLE", "objective": 20578897.0, "bound": 22773630.0, "d_size": 208, "accepted": true}
{"seed": 120, "status": "FEASIBLE", "objective": 20778103.0, "bound": 22753074.0, "d_size": 187, "accepted": true}
{"seed": 119, "status": "FEASIBLE", "objective": 20437120.0, "bound": 22776868.0, "d_size": 222, "accepted": true}
{"seed": 121, "status": "FEASIBLE", "objective": 20284628.0, "bound": 22738160.0, "d_size": 233, "accepted": true}
{"seed": 122, "status": "FEASIBLE", "objective": 20241826.0, "bound": 22756601.0, "d_size": 239, "accepted": true}
{"seed": 124, "status": "FEASIBLE", "objective": 20612048.0, "bound": 22760296.0, "d_size": 204, "accepted": true}
{"seed": 126, "status": "FEASIBLE", "objective": 20362304.0, "bound": 22754073.0, "d_size": 227, "accepted": true}
{"seed": 125, "status": "FEASIBLE", "objective": 20384152.0, "bound": 22756842.0, "d_size": 225, "accepted": true}
{"seed": 127, "status": "FEASIBLE", "objective": 20291430.0, "bound": 22748757.0, "d_size": 233, "accepted": true}
{"seed": 123, "status": "FEASIBLE", "objective": 20200115.0, "bound": 22751641.0, "d_size": 243, "accepted": true}
{"seed": 128, "status": "FEASIBLE", "objective": 20604124.0, "bound": 22754272.0, "d_size": 204, "accepted": true}
accepted=137 min=10 median=210 max=278

real	1m29.554s
user	11m49.517s
sys	0m0.749s
