{"seed": 2, "status": "FEASIBLE", "objective": 20657690.0, "bound": 22791094.0, "d_size": 200, "accepted": true}
{"seed": 4, "status": "FEASIBLE", "objective": 20331762.0, "bound": 22780120.0, "d_size": 232, "accepted": true}
{"seed": 5, "status": "FEASIBLE", "objective": 20271410.0, "bound": 22743979.0, "d_size": 235, "accepted": true}
{"seed": 7, "status": "FEASIBLE", "objective": 20586928.0, "bound": 22732966.0, "d_size": 203, "accepted": true}
{"seed": 6, "status": "FEASIBLE", "objective": 20351554.0, "bound": 22784309.0, "d_size": 229, "accepted": true}
{"seed": 3, "status": "FEASIBLE", "objective": 20727118.0, "bound": 22770310.0, "d_size": 192, "accepted": true}
{"seed": 8, "status": "FEASIBLE", "objective": 20489504.0, "bound": 22760847.0, "d_size": 215, "accepted": true}
{"seed": 1, "status": "FEASIBLE", "objective": 20716419.0, "bound": 22773221.0, "d_size": 195, "accepted": true}
{"seed": 11, "status": "FEASIBLE", "objective": 20637992.0, "bound": 22758842.0, "d_size": 202, "accepted": true}
{"seed": 9, "status": "FEASIBLE", "objective": 20720816.0, "bound": 22739927.0, "d_size": 192, "accepted": true}
{"seed": 10, "status": "FEASIBLE", "objective": 20390887.0, "bound": 22771274.0, "d_size": 225, "accepted": true}
{"seed": 12, "status": "FEASIBLE", "objective": 20284990.0, "bound": 22777754.0, "d_size": 237, "accepted": true}
{"seed": 14, "status": "FEASIBLE", "objective": 20963262.0, "bound": 22763480.0, "d_size": 170, "accepted": true}
{"seed": 16, "status": "FEASIBLE", "objective": 20409896.0, "bound": 22742093.0, "d_size": 220, "accepted": true}
{"seed": 13, "status": "FEASIBLE", "objective": 20552654.0, "bound": 22734513.0, "d_size": 207, "accepted": true}
{"seed": 15, "status": "FEASIBLE", "objective": 20336248.0, "bound": 22774538.0, "d_size": 231, "accepted": true}
{"seed": 17, "status": "FEASIBLE", "objective": 20369690.0, "bound": 22771526.0, "d_size": 227, "accepted": true}
{"seed": 18, "status": "FEASIBLE", "objective": 20222640.0, "bound": 22755699.0, "d_size": 240, "accepted": true}
{"seed": 21, "status": "FEASIBLE", "objective": 20392516.0, "bound": 22779168.0, "d_size": 225, "accepted": true}
{"seed": 20, "status": "FEASIBLE", "objective": 20213692.0, "bound": 22756277.0, "d_size": 241, "accepted": true}
{"seed": 19, "status": "FEASIBLE", "objective": 20412309.0, "bound": 22760673.0, "d_size": 223, "accepted": true}
{"seed": 23, "status": "FEASIBLE", "objective": 20704614.0, "bound": 22761217.0, "d_size": 195, "accepted": true}
{"seed": 22, "status": "FEASIBLE", "objective": 20881357.0, "bound": 22766749.0, "d_size": 177, "accepted": true}
{"seed": 24, "status": "FEASIBLE", "objective": 20581845.0, "bound": 22772716.0, "d_size": 208, "accepted": true}
{"seed": 25, "status": "FEASIBLE", "objective": 20837046.0, "bound": 22758926.0, "d_size": 182, "accepted": true}
{"seed": 26, "status": "FEASIBLE", "objective": 20932100.0, "bound": 22785287.0, "d_size": 175, "accepted": true}
{"seed": 28, "status": "FEASIBLE", "objective": 20394441.0, "bound": 22765850.0, "d_size": 225, "accepted": true}
{"seed": 27, "status": "FEASIBLE", "objective": 20598597.0, "bound": 22766734.0, "d_size": 206, "accepted": true}
{"seed": 29, "status": "FEASIBLE", "objective": 20403725.0, "bound": 22754624.0, "d_size": 223, "accepted": true}
{"seed": 31, "status": "FEASIBLE", "objective": 20400545.0, "bound": 22767550.0, "d_size": 224, "accepted": true}
{"seed": 30, "status": "FEASIBLE", "objective": 20319009.0, "bound": 22764763.0, "d_size": 232, "accepted": true}
{"seed": 32, "status": "FEASIBLE", "objective": 20347191.0, "bound": 22742742.0, "d_size": 227, "accepted": true}
accepted=32 min=170 median=221.5 max=241

real	1m29.837s
user	11m44.851s
sys	0m0.683s
