{"seed": 129, "status": "FEASIBLE", "objective": 20711765.0, "bound": 22787082.0, "d_size": 195, "accepted": true}
{"seed": 135, "status": "FEASIBLE", "objective": 20894670.0, "bound": 22757877.0, "d_size": 177, "accepted": true}
{"seed": 132, "status": "FEASIBLE", "objective": 20668525.0, "bound": 22765925.0, "d_size": 199, "accepted": true}
{"seed": 136, "status": "FEASIBLE", "objective": 20574788.0, "bound": 22768972.0, "d_size": 208, "accepted": true}
{"seed": 130, "status": "FEASIBLE", "objective": 20286391.0, "bound": 22747511.0, "d_size": 233, "accepted": true}
{"seed": 133, "status": "FEASIBLE", "objective": 20278757.0, "bound": 22744767.0, "d_size": 234, "accepted": true}
{"seed": 131, "status": "FEASIBLE", "objective": 20421619.0, "bound": 22757024.0, "d_size": 221, "accepted": true}
{"seed": 134, "status": "FEASIBLE", "objective": 20313200.0, "bound": 22750775.0, "d_size": 231, "accepted": true}
{"seed": 138, "status": "FEASIBLE", "objective": 20487788.0, "bound": 22760493.0, "d_size": 216, "accepted": true}
{"seed": 137, "status": "FEASIBLE", "objective": 20385613.0, "bound": 22761773.0, "d_size": 226, "accepted": true}
{"seed": 140, "status": "FEASIBLE", "objective": 20884462.0, "bound": 22748400.0, "d_size": 177, "accepted": true}
{"seed": 142, "status": "FEASIBLE", "objective": 20346234.0, "bound": 22766986.0, "d_size": 229, "accepted": true}
{"seed": 139, "status": "FEASIBLE", "objective": 20140052.0, "bound": 22767219.0, "d_size": 249, "accepted": true}
{"seed": 143, "status": "FEASIBLE", "objective": 20295828.0, "bound": 22781404.0, "d_size": 235, "accepted": true}
{"seed": 141, "status": "FEASIBLE", "objective": 20353939.0, "bound": 22757928.0, "d_size": 229, "accepted": true}
{"seed": 144, "status": "FEASIBLE", "objective": 20626837.0, "bound": 22751909.0, "d_size": 202, "accepted": true}
{"seed": 147, "status": "FEASIBLE", "objective": 20517574.0, "bound": 22781111.0, "d_size": 213, "accepted": true}
{"seed": 148, "status": "FEASIBLE", "objective": 20442699.0, "bound": 22750326.0, "d_size": 219, "accepted": true}
{"seed": 146, "status": "FEASIBLE", "objective": 20515339.0, "bound": 22754238.0, "d_size": 212, "accepted": true}
{"seed": 145, "status": "FEASIBLE", "objective": 20323131.0, "bound": 22733937.0, "d_size": 228, "accepted": true}
{"seed": 149, "status": "FEASIBLE", "objective": 21072288.0, "bound": 22748649.0, "d_size": 159, "accepted": true}
{"seed": 150, "status": "FEASIBLE", "objective": 20741049.0, "bound": 22763584.0, "d_size": 191, "accepted": true}
{"seed": 151, "status": "FEASIBLE", "objective": 20569909.0, "bound": 22790150.0, "d_size": 210, "accepted": true}
{"seed": 152, "status": "FEASIBLE", "objective": 20257332.0, "bound": 22761867.0, "d_size": 238, "accepted": true}
{"seed": 157, "status": "FEASIBLE", "objective": 20987184.0, "bound": 22776194.0, "d_size": 169, "accepted": true}
{"seed": 153, "status": "FEASIBLE", "objective": 20277104.0, "bound": 22756616.0, "d_size": 235, "accepted": true}
{"seed": 155, "status": "FEASIBLE", "objective": 20529773.0, "bound": 22779919.0, "d_size": 213, "accepted": true}
{"seed": 154, "status": "FEASIBLE", "objective": 20332777.0, "bound": 22750301.0, "d_size": 229, "accepted": true}
{"seed": 156, "status": "FEASIBLE", "objective": 20602992.0, "bound": 22777735.0, "d_size": 204, "accepted": true}
{"seed": 158, "status": "FEASIBLE", "objective": 20390569.0, "bound": 22766306.0, "d_size": 225, "accepted": true}
{"seed": 159, "status": "FEASIBLE", "objective": 20315161.0, "bound": 22750783.0, "d_size": 231, "accepted": true}
{"seed": 160, "status": "FEASIBLE", "objective": 20467545.0, "bound": 22764833.0, "d_size": 218, "accepted": true}
accepted=169 min=10 median=212 max=278

real	1m29.887s
user	11m51.551s
sys	0m0.634s
