{"seed": 454, "status": "FEASIBLE", "objective": 20520433.0, "bound": 22756747.0, "d_size": 212, "accepted": true}
{"seed": 450, "status": "FEASIBLE", "objective": 20630242.0, "bound": 22781071.0, "d_size": 204, "accepted": true}
{"seed": 451, "status": "FEASIBLE", "objective": 20431766.0, "bound": 22760491.0, "d_size": 221, "accepted": true}
{"seed": 456, "status": "FEASIBLE", "objective": 20635805.0, "bound": 22763619.0, "d_size": 202, "accepted": true}
{"seed": 453, "status": "FEASIBLE", "objective": 20688811.0, "bound": 22786130.0, "d_size": 199, "accepted": true}
{"seed": 455, "status": "FEASIBLE", "objective": 20618416.0, "bound": 22742493.0, "d_size": 201, "accepted": true}
{"seed": 452, "status": "FEASIBLE", "objective": 20286568.0, "bound": 22776622.0, "d_size": 235, "accepted": true}
{"seed": 449, "status": "FEASIBLE", "objective": 20498685.0, "bound": 22739965.0, "d_size": 213, "accepted": true}
{"seed": 458, "status": "FEASIBLE", "objective": 20647254.0, "bound": 22753819.0, "d_size": 200, "accepted": true}
{"seed": 457, "status": "FEASIBLE", "objective": 20783691.0, "bound": 22772821.0, "d_size": 188, "accepted": true}
{"seed": 460, "status": "FEASIBLE", "objective": 20670483.0, "bound": 22764767.0, "d_size": 198, "accepted": true}
{"seed": 459, "status": "FEASIBLE", "objective": 20509051.0, "bound": 22767427.0, "d_size": 214, "accepted": true}
{"seed": 463, "status": "FEASIBLE", "objective": 20308824.0, "bound": 22754421.0, "d_size": 232, "accepted": true}
{"seed": 462, "status": "FEASIBLE", "objective": 20370549.0, "bound": 22802380.0, "d_size": 229, "accepted": true}
{"seed": 464, "status": "FEASIBLE", "objective": 20873524.0, "bound": 22759082.0, "d_size": 179, "accepted": true}
{"seed": 461, "status": "FEASIBLE", "objective": 20108142.0, "bound": 22774952.0, "d_size": 253, "accepted": true}
{"seed": 465, "status": "FEASIBLE", "objective": 20470374.0, "bound": 22779128.0, "d_size": 219, "accepted": true}
{"seed": 466, "status": "FEASIBLE", "objective": 20641257.0, "bound": 22740749.0, "d_size": 199, "accepted": true}
{"seed": 467, "status": "FEASIBLE", "objective": 20427467.0, "bound": 22740060.0, "d_size": 219, "accepted": true}
{"seed": 468, "status": "FEASIBLE", "objective": 20559111.0, "bound": 22742284.0, "d_size": 207, "accepted": true}
{"seed": 469, "status": "FEASIBLE", "objective": 20522901.0, "bound": 22779022.0, "d_size": 212, "accepted": true}
{"seed": 470, "status": "FEASIBLE", "objective": 20482911.0, "bound": 22749600.0, "d_size": 215, "accepted": true}
{"seed": 472, "status": "FEASIBLE", "objective": 20992812.0, "bound": 22780123.0, "d_size": 169, "accepted": true}
{"seed": 471, "status": "FEASIBLE", "objective": 20370686.0, "bound": 22751558.0, "d_size": 226, "accepted": true}
{"seed": 473, "status": "FEASIBLE", "objective": 20552681.0, "bound": 22760640.0, "d_size": 209, "accepted": true}
{"seed": 474, "status": "FEASIBLE", "objective": 20860564.0, "bound": 22765309.0, "d_size": 180, "accepted": true}
{"seed": 475, "status": "FEASIBLE", "objective": 20237178.0, "bound": 22756282.0, "d_size": 240, "accepted": true}
{"seed": 476, "status": "FEASIBLE", "objective": 20966383.0, "bound": 22781676.0, "d_size": 171, "accepted": true}
{"seed": 477, "status": "FEASIBLE", "objective": 20261707.0, "bound": 22749214.0, "d_size": 236, "accepted": true}
{"seed": 478, "status": "FEASIBLE", "objective": 20518205.0, "bound": 22771607.0, "d_size": 214, "accepted": true}
{"seed": 480, "status": "FEASIBLE", "objective": 20964167.0, "bound": 22749395.0, "d_size": 169, "accepted": true}
{"seed": 479, "status": "FEASIBLE", "objective": 21033477.0, "bound": 22770943.0, "d_size": 164, "accepted": true}
{"seed": 481, "status": "FEASIBLE", "objective": 20482726.0, "bound": 22760719.0, "d_size": 216, "accepted": true}
{"seed": 482, "status": "FEASIBLE", "objective": 20319261.0, "bound": 22783391.0, "d_size": 234, "accepted": true}
{"seed": 483, "status": "FEASIBLE", "objective": 20171583.0, "bound": 22769662.0, "d_size": 247, "accepted": true}
{"seed": 484, "status": "FEASIBLE", "objective": 20509654.0, "bound": 22768069.0, "d_size": 215, "accepted": true}
{"seed": 485, "status": "FEASIBLE", "objective": 20466617.0, "bound": 22782625.0, "d_size": 218, "accepted": true}
{"seed": 487, "status": "FEASIBLE", "objective": 20349883.0, "bound": 22790868.0, "d_size": 230, "accepted": true}
{"seed": 486, "status": "FEASIBLE", "objective": 20509425.0, "bound": 22756490.0, "d_size": 213, "accepted": true}
{"seed": 488, "status": "FEASIBLE", "objective": 20480739.0, "bound": 22777043.0, "d_size": 216, "accepted": true}
{"seed": 489, "status": "FEASIBLE", "objective": 20845955.0, "bound": 22776357.0, "d_size": 183, "accepted": true}
{"seed": 490, "status": "FEASIBLE", "objective": 20563415.0, "bound": 22778906.0, "d_size": 210, "accepted": true}
{"seed": 491, "status": "FEASIBLE", "objective": 20503224.0, "bound": 22757858.0, "d_size": 214, "accepted": true}
{"seed": 492, "status": "FEASIBLE", "objective": 20192735.0, "bound": 22777562.0, "d_size": 245, "accepted": true}
{"seed": 496, "status": "FEASIBLE", "objective": 20635541.0, "bound": 22756353.0, "d_size": 201, "accepted": true}
{"seed": 493, "status": "FEASIBLE", "objective": 20388059.0, "bound": 22774858.0, "d_size": 226, "accepted": true}
{"seed": 494, "status": "FEASIBLE", "objective": 20532666.0, "bound": 22773410.0, "d_size": 211, "accepted": true}
{"seed": 495, "status": "FEASIBLE", "objective": 20358150.0, "bound": 22762295.0, "d_size": 228, "accepted": true}
{"seed": 497, "status": "FEASIBLE", "objective": 20169176.0, "bound": 22773633.0, "d_size": 247, "accepted": true}
{"seed": 498, "status": "FEASIBLE", "objective": 20456553.0, "bound": 22745606.0, "d_size": 217, "accepted": true}
{"seed": 499, "status": "FEASIBLE", "objective": 20664448.0, "bound": 22772013.0, "d_size": 200, "accepted": true}
{"seed": 500, "status": "FEASIBLE", "objective": 20385161.0, "bound": 22765243.0, "d_size": 226, "accepted": true}
{"seed": 501, "status": "FEASIBLE", "objective": 20700359.0, "bound": 22767284.0, "d_size": 195, "accepted": true}
{"seed": 502, "status": "FEASIBLE", "objective": 20639590.0, "bound": 22765019.0, "d_size": 201, "accepted": true}
{"seed": 503, "status": "FEASIBLE", "objective": 20285715.0, "bound": 22760248.0, "d_size": 235, "accepted": true}
{"seed": 504, "status": "FEASIBLE", "objective": 20369661.0, "bound": 22765858.0, "d_size": 227, "accepted": true}
{"seed": 505, "status": "FEASIBLE", "objective": 20203063.0, "bound": 22762681.0, "d_size": 243, "accepted": true}
{"seed": 507, "status": "FEASIBLE", "objective": 20664267.0, "bound": 22770781.0, "d_size": 200, "accepted": true}
{"seed": 506, "status": "FEASIBLE", "objective": 20298116.0, "bound": 22768222.0, "d_size": 232, "accepted": true}
{"seed": 508, "status": "FEASIBLE", "objective": 20576137.0, "bound": 22751615.0, "d_size": 207, "accepted": true}
{"seed": 510, "status": "FEASIBLE", "objective": 20333194.0, "bound": 22760572.0, "d_size": 230, "accepted": true}
{"seed": 511, "status": "FEASIBLE", "objective": 20581770.0, "bound": 22768214.0, "d_size": 207, "accepted": true}
{"seed": 509, "status": "FEASIBLE", "objective": 20364548.0, "bound": 22757507.0, "d_size": 227, "accepted": true}
{"seed": 512, "status": "FEASIBLE", "objective": 20468782.0, "bound": 22750804.0, "d_size": 217, "accepted": true}
accepted=192 min=135 median=216.0 max=267

real	3m5.993s
user	21m36.896s
sys	0m0.719s
