{"seed": 516, "status": "FEASIBLE", "objective": 20751665.0, "bound": 22783641.0, "d_size": 192, "accepted": true}
{"seed": 514, "status": "FEASIBLE", "objective": 21107376.0, "bound": 22745345.0, "d_size": 155, "accepted": true}
{"seed": 519, "status": "FEASIBLE", "objective": 20670645.0, "bound": 22748860.0, "d_size": 197, "accepted": true}
{"seed": 518, "status": "FEASIBLE", "objective": 20654815.0, "bound": 22780545.0, "d_size": 202, "accepted": true}
{"seed": 515, "status": "FEASIBLE", "objective": 20372905.0, "bound": 22740189.0, "d_size": 225, "accepted": true}
{"seed": 513, "status": "FEASIBLE", "objective": 20111564.0, "bound": 22776985.0, "d_size": 253, "accepted": true}
{"seed": 520, "status": "FEASIBLE", "objective": 20654184.0, "bound": 22780580.0, "d_size": 201, "accepted": true}
{"seed": 517, "status": "FEASIBLE", "objective": 20668872.0, "bound": 22752715.0, "d_size": 198, "accepted": true}
{"seed": 521, "status": "FEASIBLE", "objective": 20574527.0, "bound": 22778814.0, "d_size": 208, "accepted": true}
{"seed": 523, "status": "FEASIBLE", "objective": 20872530.0, "bound": 22801281.0, "d_size": 182, "accepted": true}
{"seed": 525, "status": "FEASIBLE", "objective": 20756290.0, "bound": 22777253.0, "d_size": 191, "accepted": true}
{"seed": 522, "status": "FEASIBLE", "objective": 20302349.0, "bound": 22741914.0, "d_size": 232, "accepted": true}
{"seed": 524, "status": "FEASIBLE", "objective": 20429622.0, "bound": 22758219.0, "d_size": 221, "accepted": true}
{"seed": 526, "status": "FEASIBLE", "objective": 20610016.0, "bound": 22772605.0, "d_size": 205, "accepted": true}
{"seed": 527, "status": "FEASIBLE", "objective": 20564912.0, "bound": 22766818.0, "d_size": 209, "accepted": true}
{"seed": 528, "status": "FEASIBLE", "objective": 20512336.0, "bound": 22788853.0, "d_size": 216, "accepted": true}
{"seed": 529, "status": "FEASIBLE", "objective": 20572935.0, "bound": 22787933.0, "d_size": 210, "accepted": true}
{"seed": 532, "status": "FEASIBLE", "objective": 20831838.0, "bound": 22742867.0, "d_size": 181, "accepted": true}
{"seed": 530, "status": "FEASIBLE", "objective": 20152315.0, "bound": 22741297.0, "d_size": 246, "accepted": true}
{"seed": 531, "status": "FEASIBLE", "objective": 20352360.0, "bound": 22748973.0, "d_size": 227, "accepted": true}
{"seed": 533, "status": "FEASIBLE", "objective": 20320162.0, "bound": 22748376.0, "d_size": 231, "accepted": true}
{"seed": 534, "status": "FEASIBLE", "objective": 20605735.0, "bound": 22767595.0, "d_size": 205, "accepted": true}
{"seed": 535, "status": "FEASIBLE", "objective": 20528856.0, "bound": 22749685.0, "d_size": 210, "accepted": true}
{"seed": 536, "status": "FEASIBLE", "objective": 20661749.0, "bound": 22733516.0, "d_size": 197, "accepted": true}
{"seed": 537, "status": "FEASIBLE", "objective": 20367396.0, "bound": 22762540.0, "d_size": 227, "accepted": true}
{"seed": 538, "status": "FEASIBLE", "objective": 20480582.0, "bound": 22782541.0, "d_size": 218, "accepted": true}
{"seed": 540, "status": "FEASIBLE", "objective": 20973407.0, "bound": 22749886.0, "d_size": 169, "accepted": true}
{"seed": 539, "status": "FEASIBLE", "objective": 20465668.0, "bound": 22763748.0, "d_size": 218, "accepted": true}
{"seed": 541, "status": "FEASIBLE", "objective": 20847566.0, "bound": 22749062.0, "d_size": 181, "accepted": true}
{"seed": 542, "status": "FEASIBLE", "objective": 20184405.0, "bound": 22751733.0, "d_size": 243, "accepted": true}
{"seed": 543, "status": "FEASIBLE", "objective": 20832210.0, "bound": 22785841.0, "d_size": 185, "accepted": true}
{"seed": 544, "status": "FEASIBLE", "objective": 20400566.0, "bound": 22770179.0, "d_size": 225, "accepted": true}
{"seed": 545, "status": "FEASIBLE", "objective": 20704908.0, "bound": 22759387.0, "d_size": 195, "accepted": true}
{"seed": 547, "status": "FEASIBLE", "objective": 20352481.0, "bound": 22757728.0, "d_size": 228, "accepted": true}
{"seed": 546, "status": "FEASIBLE", "objective": 20320269.0, "bound": 22744524.0, "d_size": 230, "accepted": true}
{"seed": 549, "status": "FEASIBLE", "objective": 20337904.0, "bound": 22760299.0, "d_size": 230, "accepted": true}
{"seed": 548, "status": "FEASIBLE", "objective": 20359070.0, "bound": 22751084.0, "d_size": 227, "accepted": true}
{"seed": 550, "status": "FEASIBLE", "objective": 20172549.0, "bound": 22753696.0, "d_size": 246, "accepted": true}
{"seed": 551, "status": "FEASIBLE", "objective": 20526295.0, "bound": 22764451.0, "d_size": 213, "accepted": true}
{"seed": 552, "status": "FEASIBLE", "objective": 20503011.0, "bound": 22795253.0, "d_size": 215, "accepted": true}
{"seed": 553, "status": "FEASIBLE", "objective": 20217149.0, "bound": 22786912.0, "d_size": 244, "accepted": true}
{"seed": 554, "status": "FEASIBLE", "objective": 20869532.0, "bound": 22770899.0, "d_size": 180, "accepted": true}
{"seed": 555, "status": "FEASIBLE", "objective": 20211347.0, "bound": 22772120.0, "d_size": 243, "accepted": true}
{"seed": 556, "status": "FEASIBLE", "objective": 20834442.0, "bound": 22783399.0, "d_size": 183, "accepted": true}
{"seed": 557, "status": "FEASIBLE", "objective": 20304725.0, "bound": 22772426.0, "d_size": 234, "accepted": true}
{"seed": 558, "status": "FEASIBLE", "objective": 20329849.0, "bound": 22758348.0, "d_size": 230, "accepted": true}
{"seed": 559, "status": "FEASIBLE", "objective": 20547546.0, "bound": 22760933.0, "d_size": 210, "accepted": true}
{"seed": 560, "status": "FEASIBLE", "objective": 20575500.0, "bound": 22775090.0, "d_size": 208, "accepted": true}
{"seed": 561, "status": "FEASIBLE", "objective": 20401902.0, "bound": 22765706.0, "d_size": 224, "accepted": true}
{"seed": 562, "status": "FEASIBLE", "objective": 20272152.0, "bound": 22732325.0, "d_size": 233, "accepted": true}
{"seed": 563, "status": "FEASIBLE", "objective": 20548324.0, "bound": 22753766.0, "d_size": 209, "accepted": true}
{"seed": 564, "status": "FEASIBLE", "objective": 20648393.0, "bound": 22763433.0, "d_size": 200, "accepted": true}
{"seed": 565, "status": "FEASIBLE", "objective": 20703957.0, "bound": 22781811.0, "d_size": 197, "accepted": true}
{"seed": 566, "status": "FEASIBLE", "objective": 20702917.0, "bound": 22785921.0, "d_size": 197, "accepted": true}
{"seed": 567, "status": "FEASIBLE", "objective": 20586695.0, "bound": 22776505.0, "d_size": 208, "accepted": true}
{"seed": 568, "status": "FEASIBLE", "objective": 20346717.0, "bound": 22748673.0, "d_size": 228, "accepted": true}
{"seed": 569, "status": "FEASIBLE", "objective": 20602304.0, "bound": 22787123.0, "d_size": 206, "accepted": true}
{"seed": 570, "status": "FEASIBLE", "objective": 20539531.0, "bound": 22781156.0, "d_size": 211, "accepted": true}
{"seed": 571, "status": "FEASIBLE", "objective": 20278712.0, "bound": 22778865.0, "d_size": 235, "accepted": true}
{"seed": 572, "status": "FEASIBLE", "objective": 20562656.0, "bound": 22749855.0, "d_size": 208, "accepted": true}
{"seed": 573, "status": "FEASIBLE", "objective": 20906828.0, "bound": 22787300.0, "d_size": 178, "accepted": true}
{"seed": 574, "status": "FEASIBLE", "objective": 20210255.0, "bound": 22746876.0, "d_size": 241, "accepted": true}
{"seed": 575, "status": "FEASIBLE", "objective": 20465380.0, "bound": 22775437.0, "d_size": 219, "accepted": true}
{"seed": 576, "status": "FEASIBLE", "objective": 20159586.0, "bound": 22748615.0, "d_size": 246, "accepted": true}
accepted=256 min=135 median=215.0 max=267

real	2m59.789s
user	23m40.154s
sys	0m0.837s
