{"seed": 230, "status": "FEASIBLE", "objective": 20714246.0, "bound": 22768104.0, "d_size": 194, "accepted": true}
{"seed": 227, "status": "FEASIBLE", "objective": 20549377.0, "bound": 22753070.0, "d_size": 209, "accepted": true}
{"seed": 229, "status": "FEASIBLE", "objective": 20706022.0, "bound": 22766470.0, "d_size": 195, "accepted": true}
{"seed": 228, "status": "FEASIBLE", "objective": 20937554.0, "bound": 22766173.0, "d_size": 173, "accepted": true}
{"seed": 226, "status": "FEASIBLE", "objective": 20342943.0, "bound": 22761970.0, "d_size": 230, "accepted": true}
{"seed": 231, "status": "FEASIBLE", "objective": 20487343.0, "bound": 22769642.0, "d_size": 216, "accepted": true}
{"seed": 225, "status": "FEASIBLE", "objective": 20458575.0, "bound": 22762604.0, "d_size": 219, "accepted": true}
{"seed": 232, "status": "FEASIBLE", "objective": 20587251.0, "bound": 22744586.0, "d_size": 204, "accepted": true}
{"seed": 234, "status": "FEASIBLE", "objective": 20521486.0, "bound": 22753225.0, "d_size": 212, "accepted": true}
{"seed": 233, "status": "FEASIBLE", "objective": 20344448.0, "bound": 22771294.0, "d_size": 230, "accepted": true}
{"seed": 236, "status": "FEASIBLE", "objective": 20703722.0, "bound": 22762510.0, "d_size": 195, "accepted": true}
{"seed": 238, "status": "FEASIBLE", "objective": 21649951.0, "bound": 22761260.0, "d_size": 105, "accepted": true}
{"seed": 235, "status": "FEASIBLE", "objective": 20235820.0, "bound": 22765997.0, "d_size": 240, "accepted": true}
{"seed": 237, "status": "FEASIBLE", "objective": 20738588.0, "bound": 22780352.0, "d_size": 193, "accepted": true}
{"seed": 239, "status": "FEASIBLE", "objective": 20613503.0, "bound": 22768980.0, "d_size": 202, "accepted": true}
{"seed": 240, "status": "FEASIBLE", "objective": 20907459.0, "bound": 22770286.0, "d_size": 177, "accepted": true}
{"seed": 243, "status": "FEASIBLE", "objective": 20782100.0, "bound": 22755741.0, "d_size": 187, "accepted": true}
{"seed": 241, "status": "FEASIBLE", "objective": 20619370.0, "bound": 22770738.0, "d_size": 204, "accepted": true}
{"seed": 244, "status": "FEASIBLE", "objective": 20225145.0, "bound": 22776444.0, "d_size": 242, "accepted": true}
{"seed": 245, "status": "FEASIBLE", "objective": 20374192.0, "bound": 22783110.0, "d_size": 228, "accepted": true}
{"seed": 242, "status": "FEASIBLE", "objective": 20165225.0, "bound": 22758638.0, "d_size": 246, "accepted": true}
{"seed": 246, "status": "FEASIBLE", "objective": 20728603.0, "bound": 22753557.0, "d_size": 192, "accepted": true}
{"seed": 248, "status": "FEASIBLE", "objective": 20604751.0, "bound": 22777788.0, "d_size": 206, "accepted": true}
{"seed": 247, "status": "FEASIBLE", "objective": 20168764.0, "bound": 22775885.0, "d_size": 245, "accepted": true}
{"seed": 253, "status": "FEASIBLE", "objective": 20726656.0, "bound": 22770142.0, "d_size": 193, "accepted": true}
{"seed": 251, "status": "FEASIBLE", "objective": 20585820.0, "bound": 22758223.0, "d_size": 206, "accepted": true}
{"seed": 250, "status": "FEASIBLE", "objective": 19960482.0, "bound": 22780391.0, "d_size": 266, "accepted": true}
{"seed": 249, "status": "FEASIBLE", "objective": 20452562.0, "bound": 22762073.0, "d_size": 219, "accepted": true}
{"seed": 252, "status": "FEASIBLE", "objective": 20435652.0, "bound": 22755569.0, "d_size": 220, "accepted": true}
{"seed": 255, "status": "FEASIBLE", "objective": 20489183.0, "bound": 22783300.0, "d_size": 217, "accepted": true}
{"seed": 254, "status": "FEASIBLE", "objective": 20339515.0, "bound": 22746158.0, "d_size": 228, "accepted": true}
{"seed": 256, "status": "FEASIBLE", "objective": 20421666.0, "bound": 22752793.0, "d_size": 221, "accepted": true}
accepted=265 min=10 median=212 max=278

real	1m29.478s
user	11m43.888s
sys	0m0.574s
